../Core/Src/dcmi.c:35:6:MX_DCMI_Init	8	static
../Core/Src/dcmi.c:67:6:HAL_DCMI_MspInit	64	static
../Core/Src/dcmi.c:148:6:HAL_DCMI_MspDeInit	8	static
../Core/Src/dcmi.c:197:6:OV5640_Delay	8	static
../Core/Src/dcmi.c:255:6:OV5640_DMA_Transmit_Continuous	16	static
../Core/Src/dcmi.c:281:6:OV5640_DMA_Transmit_Snapshot	16	static
../Core/Src/dcmi.c:300:6:OV5640_DCMI_Suspend	0	static
../Core/Src/dcmi.c:315:7:OV5640_DCMI_Resume	0	static
../Core/Src/dcmi.c:327:7:OV5640_DCMI_Stop	0	static
../Core/Src/dcmi.c:346:8:OV5640_DCMI_Crop	24	static
../Core/Src/dcmi.c:387:6:OV5640_Reset	8	static
../Core/Src/dcmi.c:412:10:OV5640_ReadID	8	static
../Core/Src/dcmi.c:431:6:OV5640_Config	16	static
../Core/Src/dcmi.c:462:6:OV5640_Set_Pixformat	8	static
../Core/Src/dcmi.c:512:6:OV5640_Set_JPEG_QuantizationScale	0	static
../Core/Src/dcmi.c:530:8:OV5640_Set_Framesize	16	static
../Core/Src/dcmi.c:214:8:DCMI_OV5640_Init	8	static
../Core/Src/dcmi.c:554:8:OV5640_Set_Horizontal_Mirror	8	static
../Core/Src/dcmi.c:580:8:OV5640_Set_Vertical_Flip	8	static
../Core/Src/dcmi.c:609:6:OV5640_Set_Brightness	16	static
../Core/Src/dcmi.c:630:6:OV5640_Set_Contrast	16	static
../Core/Src/dcmi.c:652:6:OV5640_Set_Effect	16	static
../Core/Src/dcmi.c:674:8:OV5640_AF_Download_Firmware	16	static
../Core/Src/dcmi.c:716:8:OV5640_AF_QueryStatus	8	static
../Core/Src/dcmi.c:746:6:OV5640_AF_Trigger_Constant	0	static
../Core/Src/dcmi.c:760:6:OV5640_AF_Trigger_Single	0	static
../Core/Src/dcmi.c:772:6:OV5640_AF_Release	0	static
../Core/Src/dcmi.c:785:6:HAL_DCMI_FrameEventCallback	16	static
../Core/Src/dcmi.c:811:7:HAL_DCMI_ErrorCallback	0	static
