../Core/Src/lcd_spi_169.c:40:7:LCD_WriteCommand	16	static
../Core/Src/lcd_spi_169.c:56:7:LCD_WriteData_8bit	16	static
../Core/Src/lcd_spi_169.c:72:7:LCD_WriteData_16bit	16	static
../Core/Src/lcd_spi_169.c:92:7:LCD_WriteBuff	16	static
../Core/Src/lcd_spi_169.c:216:6:LCD_SetAddress	24	static
../Core/Src/lcd_spi_169.c:241:6:LCD_SetColor	0	static
../Core/Src/lcd_spi_169.c:264:6:LCD_SetBackColor	0	static
../Core/Src/lcd_spi_169.c:287:6:LCD_SetDirection	8	static
../Core/Src/lcd_spi_169.c:401:6:LCD_DrawPoint	8	static
../Core/Src/lcd_spi_169.c:426:6:LCD_DrawLine	56	static
../Core/Src/lcd_spi_169.c:507:6:LCD_DrawLine_V	16	static
../Core/Src/lcd_spi_169.c:535:6:LCD_DrawLine_H	16	static
../Core/Src/lcd_spi_169.c:562:6:LCD_DrawRect	24	static
../Core/Src/lcd_spi_169.c:588:6:LCD_DrawCircle	48	static
../Core/Src/lcd_spi_169.c:624:6:LCD_DrawEllipse	64	static
../Core/Src/lcd_spi_169.c:688:6:LCD_FillCircle	40	static
../Core/Src/lcd_spi_169.c:777:7:LCD_DrawImage	64	static
../Core/Src/lcd_spi_169.c:887:19:LCD_SPI_WaitOnFlagUntilTimeout	24	static
../Core/Src/lcd_spi_169.c:910:7:LCD_SPI_CloseTransfer	0	static
../Core/Src/lcd_spi_169.c:973:19:LCD_SPI_Transmit	48	static
../Core/Src/lcd_spi_169.c:338:6:LCD_Clear	16	static
../Core/Src/lcd_spi_169.c:114:6:SPI_LCD_Init	8	static
../Core/Src/lcd_spi_169.c:370:6:LCD_ClearRect	16	static
../Core/Src/lcd_spi_169.c:743:6:LCD_FillRect	16	static
../Core/Src/lcd_spi_169.c:1106:19:LCD_SPI_TransmitBuffer	40	static
../Core/Src/lcd_spi_169.c:849:6:LCD_CopyBuffer	24	static
