Archive member included to satisfy reference by file (symbol)

../Middlewares/ST/AI/Lib\NetworkRuntime720_CM7_GCC.a(ai_platform.o)
                              ./X-CUBE-AI/App/network.o (ai_buffer_array_item_set_address)
../Middlewares/ST/AI/Lib\NetworkRuntime720_CM7_GCC.a(ai_platform_interface.o)
                              ./X-CUBE-AI/App/network.o (ai_platform_get_weights_map)
../Middlewares/ST/AI/Lib\NetworkRuntime720_CM7_GCC.a(core_mem_manager.o)
                              ../Middlewares/ST/AI/Lib\NetworkRuntime720_CM7_GCC.a(ai_platform_interface.o) (core_mem_alloc)
../Middlewares/ST/AI/Lib\NetworkRuntime720_CM7_GCC.a(core_convert.o)
                              ./X-CUBE-AI/App/network.o (node_convert)
../Middlewares/ST/AI/Lib\NetworkRuntime720_CM7_GCC.a(core_common.o)
                              ../Middlewares/ST/AI/Lib\NetworkRuntime720_CM7_GCC.a(ai_platform_interface.o) (core_init)
../Middlewares/ST/AI/Lib\NetworkRuntime720_CM7_GCC.a(ai_math_helpers.o)
                              ./X-CUBE-AI/App/network.o (ai_sum_f32)
../Middlewares/ST/AI/Lib\NetworkRuntime720_CM7_GCC.a(layers_conv2d_stm32_integer.o)
                              ./X-CUBE-AI/App/network.o (forward_conv2d_integer_SSSA_ch)
../Middlewares/ST/AI/Lib\NetworkRuntime720_CM7_GCC.a(layers_nl_generic_float.o)
                              ./X-CUBE-AI/App/network.o (forward_sm)
../Middlewares/ST/AI/Lib\NetworkRuntime720_CM7_GCC.a(layers_generic_float.o)
                              ./X-CUBE-AI/App/network.o (forward_pad)
../Middlewares/ST/AI/Lib\NetworkRuntime720_CM7_GCC.a(layers_stm32_integer.o)
                              ./X-CUBE-AI/App/network.o (forward_eltwise_integer_INT8)
../Middlewares/ST/AI/Lib\NetworkRuntime720_CM7_GCC.a(layers.o)
                              ../Middlewares/ST/AI/Lib\NetworkRuntime720_CM7_GCC.a(ai_platform_interface.o) (ai_check_custom_types)
../Middlewares/ST/AI/Lib\NetworkRuntime720_CM7_GCC.a(layers_pool_stm32_integer.o)
                              ./X-CUBE-AI/App/network.o (forward_ap_integer_INT8)
../Middlewares/ST/AI/Lib\NetworkRuntime720_CM7_GCC.a(forward_lite_convert.o)
                              ../Middlewares/ST/AI/Lib\NetworkRuntime720_CM7_GCC.a(core_convert.o) (forward_lite_node_convert_is1os8)
../Middlewares/ST/AI/Lib\NetworkRuntime720_CM7_GCC.a(st_ssua8_convolve_dw.o)
                              ../Middlewares/ST/AI/Lib\NetworkRuntime720_CM7_GCC.a(layers_conv2d_stm32_integer.o) (st_ssua8_conv_dw_Wadapt)
../Middlewares/ST/AI/Lib\NetworkRuntime720_CM7_GCC.a(st_uaua8_ch_convolve.o)
                              ../Middlewares/ST/AI/Lib\NetworkRuntime720_CM7_GCC.a(layers_conv2d_stm32_integer.o) (st_uaua8_ch_convolve_rank1upd)
../Middlewares/ST/AI/Lib\NetworkRuntime720_CM7_GCC.a(st_ssua8_ch_convolve.o)
                              ../Middlewares/ST/AI/Lib\NetworkRuntime720_CM7_GCC.a(layers_conv2d_stm32_integer.o) (st_ssua8_ch_convolve_rank1upd)
../Middlewares/ST/AI/Lib\NetworkRuntime720_CM7_GCC.a(st_uaua8_convolve.o)
                              ../Middlewares/ST/AI/Lib\NetworkRuntime720_CM7_GCC.a(layers_conv2d_stm32_integer.o) (st_uaua8_convolve_rank1upd)
../Middlewares/ST/AI/Lib\NetworkRuntime720_CM7_GCC.a(st_ssua8_convolve.o)
                              ../Middlewares/ST/AI/Lib\NetworkRuntime720_CM7_GCC.a(layers_conv2d_stm32_integer.o) (st_ssua8_convolve_rank1upd)
../Middlewares/ST/AI/Lib\NetworkRuntime720_CM7_GCC.a(st_convolve_reference.o)
                              ../Middlewares/ST/AI/Lib\NetworkRuntime720_CM7_GCC.a(ai_math_helpers.o) (align_factor)
../Middlewares/ST/AI/Lib\NetworkRuntime720_CM7_GCC.a(st_uaua8_ch_convolve_rgb.o)
                              ../Middlewares/ST/AI/Lib\NetworkRuntime720_CM7_GCC.a(layers_conv2d_stm32_integer.o) (st_uaua8_ch_convolve_rgb)
../Middlewares/ST/AI/Lib\NetworkRuntime720_CM7_GCC.a(st_uaua8_ch_convolve_dw.o)
                              ../Middlewares/ST/AI/Lib\NetworkRuntime720_CM7_GCC.a(layers_conv2d_stm32_integer.o) (st_uaua8_ch_conv_dw_Wadapt)
../Middlewares/ST/AI/Lib\NetworkRuntime720_CM7_GCC.a(st_ssua8_ch_convolve_rgb.o)
                              ../Middlewares/ST/AI/Lib\NetworkRuntime720_CM7_GCC.a(layers_conv2d_stm32_integer.o) (st_ssua8_ch_convolve_rgb)
../Middlewares/ST/AI/Lib\NetworkRuntime720_CM7_GCC.a(st_uaua8_convolve_rgb.o)
                              ../Middlewares/ST/AI/Lib\NetworkRuntime720_CM7_GCC.a(layers_conv2d_stm32_integer.o) (st_uaua8_convolve_rgb)
../Middlewares/ST/AI/Lib\NetworkRuntime720_CM7_GCC.a(st_ssua8_convolve_rgb.o)
                              ../Middlewares/ST/AI/Lib\NetworkRuntime720_CM7_GCC.a(layers_conv2d_stm32_integer.o) (st_ssua8_convolve_rgb)
../Middlewares/ST/AI/Lib\NetworkRuntime720_CM7_GCC.a(st_sssa8_ch_convolve_dw.o)
                              ../Middlewares/ST/AI/Lib\NetworkRuntime720_CM7_GCC.a(layers_conv2d_stm32_integer.o) (st_sssa8_ch_conv_dw_Wadapt)
../Middlewares/ST/AI/Lib\NetworkRuntime720_CM7_GCC.a(st_uaua8_ch_convolve_1x1.o)
[...]
Memory Configuration

Name             Origin             Length             Attributes
FLASH            0x0000000008000000 0x0000000000020000 xr
DTCMRAM          0x0000000020000000 0x0000000000020000 xrw
RAM_D1           0x0000000024000000 0x0000000000080000 xrw
RAM_D2           0x0000000030000000 0x0000000000048000 xrw
RAM_D3           0x0000000038000000 0x0000000000010000 xrw
ITCMRAM          0x0000000000000000 0x0000000000010000 xrw
EXT1FLASH        0x0000000090000000 0x0000000000800000 xr
*default*        0x0000000000000000 0xffffffffffffffff

Linker script and memory map

LOAD c:/st/stm32cubeide_1.9.0/stm32cubeide/plugins/com.st.stm32cube.ide.mcu.externaltools.gnu-tools-for-stm32.10.3-2021.10.win32_1.0.0.202111181127/tools/bin/../lib/gcc/arm-none-eabi/10.3.1/thumb/v7e-m+dp/hard/crti.o
LOAD c:/st/stm32cubeide_1.9.0/stm32cubeide/plugins/com.st.stm32cube.ide.mcu.externaltools.gnu-tools-for-stm32.10.3-2021.10.win32_1.0.0.202111181127/tools/bin/../lib/gcc/arm-none-eabi/10.3.1/thumb/v7e-m+dp/hard/crtbegin.o
LOAD c:/st/stm32cubeide_1.9.0/stm32cubeide/plugins/com.st.stm32cube.ide.mcu.externaltools.gnu-tools-for-stm32.10.3-2021.10.win32_1.0.0.202111181127/tools/bin/../lib/gcc/arm-none-eabi/10.3.1/../../../../arm-none-eabi/lib/thumb/v7e-m+dp/hard/crt0.o
LOAD ./Core/Src/crc.o
LOAD ./Core/Src/dcmi.o
LOAD ./Core/Src/dma.o
LOAD ./Core/Src/gpio.o
LOAD ./Core/Src/lcd_spi_169.o
LOAD ./Core/Src/main.o
LOAD ./Core/Src/quadspi.o
LOAD ./Core/Src/sccb.o
LOAD ./Core/Src/spi.o
LOAD ./Core/Src/stm32h7xx_hal_msp.o
LOAD ./Core/Src/stm32h7xx_it.o
LOAD ./Core/Src/sysmem.o
LOAD ./Core/Src/system_stm32h7xx.o
LOAD ./Core/Src/usart.o
LOAD ./Core/Startup/startup_stm32h750xbhx.o
LOAD ./Drivers/STM32H7xx_HAL_Driver/Src/stm32h7xx_hal.o
LOAD ./Drivers/STM32H7xx_HAL_Driver/Src/stm32h7xx_hal_cortex.o
LOAD ./Drivers/STM32H7xx_HAL_Driver/Src/stm32h7xx_hal_crc.o
LOAD ./Drivers/STM32H7xx_HAL_Driver/Src/stm32h7xx_hal_crc_ex.o
LOAD ./Drivers/STM32H7xx_HAL_Driver/Src/stm32h7xx_hal_dcmi.o
LOAD ./Drivers/STM32H7xx_HAL_Driver/Src/stm32h7xx_hal_dma.o
LOAD ./Drivers/STM32H7xx_HAL_Driver/Src/stm32h7xx_hal_dma_ex.o
LOAD ./Drivers/STM32H7xx_HAL_Driver/Src/stm32h7xx_hal_exti.o
LOAD ./Drivers/STM32H7xx_HAL_Driver/Src/stm32h7xx_hal_flash.o
LOAD ./Drivers/STM32H7xx_HAL_Driver/Src/stm32h7xx_hal_flash_ex.o
LOAD ./Drivers/STM32H7xx_HAL_Driver/Src/stm32h7xx_hal_gpio.o
LOAD ./Drivers/STM32H7xx_HAL_Driver/Src/stm32h7xx_hal_hsem.o
LOAD ./Drivers/STM32H7xx_HAL_Driver/Src/stm32h7xx_hal_i2c.o
LOAD ./Drivers/STM32H7xx_HAL_Driver/Src/stm32h7xx_hal_i2c_ex.o
LOAD ./Drivers/STM32H7xx_HAL_Driver/Src/stm32h7xx_hal_mdma.o
LOAD ./Drivers/STM32H7xx_HAL_Driver/Src/stm32h7xx_hal_pwr.o
LOAD ./Drivers/STM32H7xx_HAL_Driver/Src/stm32h7xx_hal_pwr_ex.o
LOAD ./Drivers/STM32H7xx_HAL_Driver/Src/stm32h7xx_hal_qspi.o
LOAD ./Drivers/STM32H7xx_HAL_Driver/Src/stm32h7xx_hal_rcc.o
LOAD ./Drivers/STM32H7xx_HAL_Driver/Src/stm32h7xx_hal_rcc_ex.o
LOAD ./Drivers/STM32H7xx_HAL_Driver/Src/stm32h7xx_hal_spi.o
LOAD ./Drivers/STM32H7xx_HAL_Driver/Src/stm32h7xx_hal_spi_ex.o
LOAD ./Drivers/STM32H7xx_HAL_Driver/Src/stm32h7xx_hal_tim.o
LOAD ./Drivers/STM32H7xx_HAL_Driver/Src/stm32h7xx_hal_tim_ex.o
LOAD ./Drivers/STM32H7xx_HAL_Driver/Src/stm32h7xx_hal_uart.o
LOAD ./Drivers/STM32H7xx_HAL_Driver/Src/stm32h7xx_hal_uart_ex.o
LOAD ./X-CUBE-AI/App/network.o
LOAD ./X-CUBE-AI/App/network_data.o
LOAD ./X-CUBE-AI/App/network_data_params.o
LOAD ./X-CUBE-AI/App/network_img_rel.o
LOAD ../Middlewares/ST/AI/Lib\NetworkRuntime720_CM7_GCC.a
START GROUP
LOAD c:/st/stm32cubeide_1.9.0/stm32cubeide/plugins/com.st.stm32cube.ide.mcu.externaltools.gnu-tools-for-stm32.10.3-2021.10.win32_1.0.0.202111181127/tools/bin/../lib/gcc/arm-none-eabi/10.3.1/../../../../arm-none-eabi/lib/thumb/v7e-m+dp/hard\libc_nano.a
LOAD c:/st/stm32cubeide_1.9.0/stm32cubeide/plugins/com.st.stm32cube.ide.mcu.externaltools.gnu-tools-for-stm32.10.3-2021.10.win32_1.0.0.202111181127/tools/bin/../lib/gcc/arm-none-eabi/10.3.1/../../../../arm-none-eabi/lib/thumb/v7e-m+dp/hard\libm.a
END GROUP
START GROUP
LOAD c:/st/stm32cubeide_1.9.0/stm32cubeide/plugins/com.st.stm32cube.ide.mcu.externaltools.gnu-tools-for-stm32.10.3-2021.10.win32_1.0.0.202111181127/tools/bin/../lib/gcc/arm-none-eabi/10.3.1/thumb/v7e-m+dp/hard\libgcc.a
LOAD c:/st/stm32cubeide_1.9.0/stm32cubeide/plugins/com.st.stm32cube.ide.mcu.externaltools.gnu-tools-for-stm32.10.3-2021.10.win32_1.0.0.202111181127/tools/bin/../lib/gcc/arm-none-eabi/10.3.1/../../../../arm-none-eabi/lib/thumb/v7e-m+dp/hard\libc_nano.a
END GROUP
START GROUP
LOAD c:/st/stm32cubeide_1.9.0/stm32cubeide/plugins/com.st.stm32cube.ide.mcu.externaltools.gnu-tools-for-stm32.10.3-2021.10.win32_1.0.0.202111181127/tools/bin/../lib/gcc/arm-none-eabi/10.3.1/thumb/v7e-m+dp/hard\libgcc.a
LOAD c:/st/stm32cubeide_1.9.0/stm32cubeide/plugins/com.st.stm32cube.ide.mcu.externaltools.gnu-tools-for-stm32.10.3-2021.10.win32_1.0.0.202111181127/tools/bin/../lib/gcc/arm-none-eabi/10.3.1/../../../../arm-none-eabi/lib/thumb/v7e-m+dp/hard\libc_nano.a
LOAD c:/st/stm32cubeide_1.9.0/stm32cubeide/plugins/com.st.stm32cube.ide.mcu.externaltools.gnu-tools-for-stm32.10.3-2021.10.win32_1.0.0.202111181127/tools/bin/../lib/gcc/arm-none-eabi/10.3.1/../../../../arm-none-eabi/lib/thumb/v7e-m+dp/hard\libnosys.a
END GROUP
START GROUP
LOAD c:/st/stm32cubeide_1.9.0/stm32cubeide/plugins/com.st.stm32cube.ide.mcu.externaltools.gnu-tools-for-stm32.10.3-2021.10.win32_1.0.0.202111181127/tools/bin/../lib/gcc/arm-none-eabi/10.3.1/thumb/v7e-m+dp/hard\libgcc.a
LOAD c:/st/stm32cubeide_1.9.0/stm32cubeide/plugins/com.st.stm32cube.ide.mcu.externaltools.gnu-tools-for-stm32.10.3-2021.10.win32_1.0.0.202111181127/tools/bin/../lib/gcc/arm-none-eabi/10.3.1/../../../../arm-none-eabi/lib/thumb/v7e-m+dp/hard\libc_nano.a
LOAD c:/st/stm32cubeide_1.9.0/stm32cubeide/plugins/com.st.stm32cube.ide.mcu.externaltools.gnu-tools-for-stm32.10.3-2021.10.win32_1.0.0.202111181127/tools/bin/../lib/gcc/arm-none-eabi/10.3.1/../../../../arm-none-eabi/lib/thumb/v7e-m+dp/hard\libnosys.a
END GROUP
LOAD c:/st/stm32cubeide_1.9.0/stm32cubeide/plugins/com.st.stm32cube.ide.mcu.externaltools.gnu-tools-for-stm32.10.3-2021.10.win32_1.0.0.202111181127/tools/bin/../lib/gcc/arm-none-eabi/10.3.1/thumb/v7e-m+dp/hard/crtend.o
LOAD c:/st/stm32cubeide_1.9.0/stm32cubeide/plugins/com.st.stm32cube.ide.mcu.externaltools.gnu-tools-for-stm32.10.3-2021.10.win32_1.0.0.202111181127/tools/bin/../lib/gcc/arm-none-eabi/10.3.1/thumb/v7e-m+dp/hard/crtn.o
                0x0000000024080000                _estack = (ORIGIN (RAM_D1) + LENGTH (RAM_D1))
                0x0000000000003000                _Min_Heap_Size = 0x3000
                0x0000000000002000                _Min_Stack_Size = 0x2000

.isr_vector     0x0000000008000000      0x298
                0x0000000008000000                . = ALIGN (0x4)
 *(.isr_vector)
 .isr_vector    0x0000000008000000      0x298 ./Core/Startup/startup_stm32h750xbhx.o
                0x0000000008000000                g_pfnVectors
                0x0000000008000298                . = ALIGN (0x4)

.text           0x00000000080002a0     0x6d10
                0x00000000080002a0                . = ALIGN (0x4)
 *(.text)
 .text          0x00000000080002a0       0x40 c:/st/stm32cubeide_1.9.0/stm32cubeide/plugins/com.st.stm32cube.ide.mcu.externaltools.gnu-tools-for-stm32.10.3-2021.10.win32_1.0.0.202111181127/tools/bin/../lib/gcc/arm-none-eabi/10.3.1/thumb/v7e-m+dp/hard/crtbegin.o
 .text          0x00000000080002e0       0xa0 c:/st/stm32cubeide_1.9.0/stm32cubeide/plugins/com.st.stm32cube.ide.mcu.externaltools.gnu-tools-for-stm32.10.3-2021.10.win32_1.0.0.202111181127/tools/bin/../lib/gcc/arm-none-eabi/10.3.1/../../../../arm-none-eabi/lib/thumb/v7e-m+dp/hard\libc_nano.a(lib_a-memchr.o)
                0x00000000080002e0                memchr
 .text          0x0000000008000380       0x30 c:/st/stm32cubeide_1.9.0/stm32cubeide/plugins/com.st.stm32cube.ide.mcu.externaltools.gnu-tools-for-stm32.10.3-2021.10.win32_1.0.0.202111181127/tools/bin/../lib/gcc/arm-none-eabi/10.3.1/thumb/v7e-m+dp/hard\libgcc.a(_aeabi_uldivmod.o)
                0x0000000008000380                __aeabi_uldivmod
 .text          0x00000000080003b0      0x2d0 c:/st/stm32cubeide_1.9.0/stm32cubeide/plugins/com.st.stm32cube.ide.mcu.externaltools.gnu-tools-for-stm32.10.3-2021.10.win32_1.0.0.202111181127/tools/bin/../lib/gcc/arm-none-eabi/10.3.1/thumb/v7e-m+dp/hard\libgcc.a(_udivmoddi4.o)
                0x00000000080003b0                __udivmoddi4
 .text          0x0000000008000680        0x4 c:/st/stm32cubeide_1.9.0/stm32cubeide/plugins/com.st.stm32cube.ide.mcu.externaltools.gnu-tools-for-stm32.10.3-2021.10.win32_1.0.0.202111181127/tools/bin/../lib/gcc/arm-none-eabi/10.3.1/thumb/v7e-m+dp/hard\libgcc.a(_dvmd_tls.o)
                0x0000000008000680                __aeabi_idiv0
                0x0000000008000680                __aeabi_ldiv0
 *(.text*)
 .text.MX_CRC_Init
                0x0000000008000684       0x2c ./Core/Src/crc.o
                0x0000000008000684                MX_CRC_Init
 .text.HAL_CRC_MspInit
                0x00000000080006b0       0x30 ./Core/Src/crc.o
                0x00000000080006b0                HAL_CRC_MspInit
 .text.MX_DCMI_Init
                0x00000000080006e0       0x48 ./Core/Src/dcmi.o
                0x00000000080006e0                MX_DCMI_Init
 .text.HAL_DCMI_MspInit
                0x0000000008000728      0x150 ./Core/Src/dcmi.o
                0x0000000008000728                HAL_DCMI_MspInit
 .text.OV5640_Delay
                0x0000000008000878       0x2c ./Core/Src/dcmi.o
                0x0000000008000878                OV5640_Delay
 .text.OV5640_DMA_Transmit_Continuous
                0x00000000080008a4       0x2c ./Core/Src/dcmi.o
                0x00000000080008a4                OV5640_DMA_Transmit_Continuous
 .text.OV5640_DCMI_Crop
                0x00000000080008d0       0x44 ./Core/Src/dcmi.o
                0x00000000080008d0                OV5640_DCMI_Crop
 .text.OV5640_Reset
                0x0000000008000914       0x44 ./Core/Src/dcmi.o
                0x0000000008000914                OV5640_Reset
 .text.OV5640_ReadID
                0x0000000008000958       0x1c ./Core/Src/dcmi.o
                0x0000000008000958                OV5640_ReadID
 .text.OV5640_Config
                0x0000000008000974       0x24 ./Core/Src/dcmi.o
                0x0000000008000974                OV5640_Config
 .text.OV5640_Set_Framesize
                0x0000000008000998       0x50 ./Core/Src/dcmi.o
                0x0000000008000998                OV5640_Set_Framesize
 .text.DCMI_OV5640_Init
                0x00000000080009e8       0x5c ./Core/Src/dcmi.o
                0x00000000080009e8                DCMI_OV5640_Init
 .text.OV5640_AF_Download_Firmware
                0x0000000008000a44       0x6c ./Core/Src/dcmi.o
                0x0000000008000a44                OV5640_AF_Download_Firmware
 .text.OV5640_AF_Trigger_Constant
                0x0000000008000ab0        0xa ./Core/Src/dcmi.o
                0x0000000008000ab0                OV5640_AF_Trigger_Constant
 *fill*         0x0000000008000aba        0x2 
 .text.HAL_DCMI_FrameEventCallback
                0x0000000008000abc       0x44 ./Core/Src/dcmi.o
                0x0000000008000abc                HAL_DCMI_FrameEventCallback
 .text.HAL_DCMI_ErrorCallback
                0x0000000008000b00        0x2 ./Core/Src/dcmi.o
                0x0000000008000b00                HAL_DCMI_ErrorCallback
 *fill*         0x0000000008000b02        0x2 
 .text.MX_DMA_Init
                0x0000000008000b04       0x38 ./Core/Src/dma.o
                0x0000000008000b04                MX_DMA_Init
 .text.MX_GPIO_Init
                0x0000000008000b3c      0x154 ./Core/Src/gpio.o
                0x0000000008000b3c                MX_GPIO_Init
 .text.LCD_WriteCommand
                0x0000000008000c90       0x30 ./Core/Src/lcd_spi_169.o
                0x0000000008000c90                LCD_WriteCommand
 .text.LCD_WriteData_8bit
                0x0000000008000cc0       0x30 ./Core/Src/lcd_spi_169.o
                0x0000000008000cc0                LCD_WriteData_8bit
 .text.LCD_WriteData_16bit
                0x0000000008000cf0       0x34 ./Core/Src/lcd_spi_169.o
                0x0000000008000cf0                LCD_WriteData_16bit
 .text.LCD_SetAddress
                0x0000000008000d24       0x5c ./Core/Src/lcd_spi_169.o
                0x0000000008000d24                LCD_SetAddress
 .text.LCD_SetDirection
                0x0000000008000d80       0x60 ./Core/Src/lcd_spi_169.o
                0x0000000008000d80                LCD_SetDirection
 .text.LCD_SPI_WaitOnFlagUntilTimeout
                0x0000000008000de0       0x44 ./Core/Src/lcd_spi_169.o
                0x0000000008000de0                LCD_SPI_WaitOnFlagUntilTimeout
 .text.LCD_SPI_CloseTransfer
                0x0000000008000e24       0xac ./Core/Src/lcd_spi_169.o
                0x0000000008000e24                LCD_SPI_CloseTransfer
 .text.LCD_SPI_Transmit
                0x0000000008000ed0      0x162 ./Core/Src/lcd_spi_169.o
                0x0000000008000ed0                LCD_SPI_Transmit
 *fill*         0x0000000008001032        0x2 
 .text.LCD_Clear
                0x0000000008001034       0x58 ./Core/Src/lcd_spi_169.o
                0x0000000008001034                LCD_Clear
 .text.SPI_LCD_Init
                0x000000000800108c      0x1a4 ./Core/Src/lcd_spi_169.o
                0x000000000800108c                SPI_LCD_Init
 .text.LCD_SPI_TransmitBuffer
                0x0000000008001230      0x15c ./Core/Src/lcd_spi_169.o
                0x0000000008001230                LCD_SPI_TransmitBuffer
 .text.LCD_CopyBuffer
                0x000000000800138c       0x54 ./Core/Src/lcd_spi_169.o
                0x000000000800138c                LCD_CopyBuffer
 .text.SystemClock_Config
                0x00000000080013e0      0x108 ./Core/Src/main.o
                0x00000000080013e0                SystemClock_Config
 .text.startup.main
                0x00000000080014e8      0x160 ./Core/Src/main.o
                0x00000000080014e8                main
 .text.Error_Handler
                0x0000000008001648        0x4 ./Core/Src/main.o
                0x0000000008001648                Error_Handler
 .text.MX_QUADSPI_Init
                0x000000000800164c       0x3c ./Core/Src/quadspi.o
                0x000000000800164c                MX_QUADSPI_Init
 .text.HAL_QSPI_MspInit
                0x0000000008001688       0xdc ./Core/Src/quadspi.o
                0x0000000008001688                HAL_QSPI_MspInit
 .text.SCCB_GPIO_Config
                0x0000000008001764       0x84 ./Core/Src/sccb.o
                0x0000000008001764                SCCB_GPIO_Config
 .text.SCCB_Delay
                0x00000000080017e8       0x28 ./Core/Src/sccb.o
                0x00000000080017e8                SCCB_Delay
 .text.SCCB_Start
                0x0000000008001810       0x50 ./Core/Src/sccb.o
                0x0000000008001810                SCCB_Start
 .text.SCCB_Stop
                0x0000000008001860       0x54 ./Core/Src/sccb.o
                0x0000000008001860                SCCB_Stop
 .text.SCCB_ACK
                0x00000000080018b4       0x60 ./Core/Src/sccb.o
                0x00000000080018b4                SCCB_ACK
 .text.SCCB_NoACK
                0x0000000008001914       0x54 ./Core/Src/sccb.o
                0x0000000008001914                SCCB_NoACK
 .text.SCCB_WaitACK
                0x0000000008001968       0x64 ./Core/Src/sccb.o
                0x0000000008001968                SCCB_WaitACK
 .text.SCCB_WriteByte
                0x00000000080019cc       0x68 ./Core/Src/sccb.o
                0x00000000080019cc                SCCB_WriteByte
 .text.SCCB_ReadByte
                0x0000000008001a34       0x60 ./Core/Src/sccb.o
                0x0000000008001a34                SCCB_ReadByte
 .text.SCCB_WriteHandle_16Bit
                0x0000000008001a94       0x26 ./Core/Src/sccb.o
                0x0000000008001a94                SCCB_WriteHandle_16Bit
 .text.SCCB_WriteReg_16Bit
                0x0000000008001aba       0x22 ./Core/Src/sccb.o
                0x0000000008001aba                SCCB_WriteReg_16Bit
 .text.SCCB_ReadReg_16Bit
                0x0000000008001adc       0x3a ./Core/Src/sccb.o
                0x0000000008001adc                SCCB_ReadReg_16Bit
 .text.SCCB_WriteBuffer_16Bit
                0x0000000008001b16       0x2e ./Core/Src/sccb.o
                0x0000000008001b16                SCCB_WriteBuffer_16Bit
 .text.MX_SPI5_Init
                0x0000000008001b44       0x60 ./Core/Src/spi.o
                0x0000000008001b44                MX_SPI5_Init
 .text.HAL_SPI_MspInit
                0x0000000008001ba4       0xf4 ./Core/Src/spi.o
                0x0000000008001ba4                HAL_SPI_MspInit
 .text.HAL_MspInit
                0x0000000008001c98       0x38 ./Core/Src/stm32h7xx_hal_msp.o
                0x0000000008001c98                HAL_MspInit
 .text.NMI_Handler
                0x0000000008001cd0        0x2 ./Core/Src/stm32h7xx_it.o
                0x0000000008001cd0                NMI_Handler
 .text.HardFault_Handler
                0x0000000008001cd2        0x2 ./Core/Src/stm32h7xx_it.o
                0x0000000008001cd2                HardFault_Handler
 .text.MemManage_Handler
                0x0000000008001cd4        0x2 ./Core/Src/stm32h7xx_it.o
                0x0000000008001cd4                MemManage_Handler
 .text.BusFault_Handler
                0x0000000008001cd6        0x2 ./Core/Src/stm32h7xx_it.o
                0x0000000008001cd6                BusFault_Handler
 .text.UsageFault_Handler
                0x0000000008001cd8        0x2 ./Core/Src/stm32h7xx_it.o
                0x0000000008001cd8                UsageFault_Handler
 .text.SVC_Handler
                0x0000000008001cda        0x2 ./Core/Src/stm32h7xx_it.o
                0x0000000008001cda                SVC_Handler
 .text.DebugMon_Handler
                0x0000000008001cdc        0x2 ./Core/Src/stm32h7xx_it.o
                0x0000000008001cdc                DebugMon_Handler
 .text.PendSV_Handler
                0x0000000008001cde        0x2 ./Core/Src/stm32h7xx_it.o
                0x0000000008001cde                PendSV_Handler
 .text.SysTick_Handler
                0x0000000008001ce0        0x4 ./Core/Src/stm32h7xx_it.o
                0x0000000008001ce0                SysTick_Handler
 .text.DMA2_Stream7_IRQHandler
                0x0000000008001ce4        0xc ./Core/Src/stm32h7xx_it.o
                0x0000000008001ce4                DMA2_Stream7_IRQHandler
 .text.DCMI_IRQHandler
                0x0000000008001cf0        0xc ./Core/Src/stm32h7xx_it.o
                0x0000000008001cf0                DCMI_IRQHandler
 .text.FPU_IRQHandler
                0x0000000008001cfc        0x2 ./Core/Src/stm32h7xx_it.o
                0x0000000008001cfc                FPU_IRQHandler
 *fill*         0x0000000008001cfe        0x2 
 .text._sbrk    0x0000000008001d00       0x40 ./Core/Src/sysmem.o
                0x0000000008001d00                _sbrk
 .text.SystemInit
                0x0000000008001d40       0xc0 ./Core/Src/system_stm32h7xx.o
                0x0000000008001d40                SystemInit
 .text.MX_USART1_UART_Init
                0x0000000008001e00       0x64 ./Core/Src/usart.o
                0x0000000008001e00                MX_USART1_UART_Init
 .text.HAL_UART_MspInit
                0x0000000008001e64       0x90 ./Core/Src/usart.o
                0x0000000008001e64                HAL_UART_MspInit
 .text.Reset_Handler
                0x0000000008001ef4       0x50 ./Core/Startup/startup_stm32h750xbhx.o
                0x0000000008001ef4                Reset_Handler
 .text.Default_Handler
                0x0000000008001f44        0x2 ./Core/Startup/startup_stm32h750xbhx.o
                0x0000000008001f44                RTC_Alarm_IRQHandler
                0x0000000008001f44                HASH_RNG_IRQHandler
                0x0000000008001f44                EXTI2_IRQHandler
                0x0000000008001f44                TIM8_CC_IRQHandler
                0x0000000008001f44                HRTIM1_Master_IRQHandler
                0x0000000008001f44                UART8_IRQHandler
                0x0000000008001f44                SPI4_IRQHandler
                0x0000000008001f44                TIM1_CC_IRQHandler
                0x0000000008001f44                BDMA_Channel6_IRQHandler
                0x0000000008001f44                DMA2_Stream5_IRQHandler
                0x0000000008001f44                HRTIM1_FLT_IRQHandler
                0x0000000008001f44                JPEG_IRQHandler
                0x0000000008001f44                DMA1_Stream5_IRQHandler
                0x0000000008001f44                BDMA_Channel1_IRQHandler
                0x0000000008001f44                HRTIM1_TIMD_IRQHandler
                0x0000000008001f44                TAMP_STAMP_IRQHandler
                0x0000000008001f44                EXTI3_IRQHandler
                0x0000000008001f44                LPTIM4_IRQHandler
                0x0000000008001f44                TIM8_TRG_COM_TIM14_IRQHandler
                0x0000000008001f44                LPTIM2_IRQHandler
                0x0000000008001f44                DFSDM1_FLT1_IRQHandler
                0x0000000008001f44                DMAMUX2_OVR_IRQHandler
                0x0000000008001f44                TIM8_UP_TIM13_IRQHandler
                0x0000000008001f44                I2C3_ER_IRQHandler
                0x0000000008001f44                DFSDM1_FLT2_IRQHandler
                0x0000000008001f44                MDMA_IRQHandler
                0x0000000008001f44                LPTIM3_IRQHandler
                0x0000000008001f44                HSEM1_IRQHandler
                0x0000000008001f44                EXTI0_IRQHandler
                0x0000000008001f44                I2C2_EV_IRQHandler
                0x0000000008001f44                DMA1_Stream2_IRQHandler
                0x0000000008001f44                OTG_HS_WKUP_IRQHandler
                0x0000000008001f44                FDCAN1_IT1_IRQHandler
                0x0000000008001f44                LTDC_ER_IRQHandler
                0x0000000008001f44                DMA2_Stream2_IRQHandler
                0x0000000008001f44                HRTIM1_TIME_IRQHandler
                0x0000000008001f44                SPI1_IRQHandler
                0x0000000008001f44                TIM6_DAC_IRQHandler
                0x0000000008001f44                HRTIM1_TIMC_IRQHandler
                0x0000000008001f44                DMA2_Stream3_IRQHandler
                0x0000000008001f44                SAI2_IRQHandler
                0x0000000008001f44                DFSDM1_FLT3_IRQHandler
                0x0000000008001f44                USART6_IRQHandler
                0x0000000008001f44                TIM17_IRQHandler
                0x0000000008001f44                USART3_IRQHandler
                0x0000000008001f44                BDMA_Channel7_IRQHandler
                0x0000000008001f44                CRYP_IRQHandler
                0x0000000008001f44                LPTIM5_IRQHandler
                0x0000000008001f44                UART5_IRQHandler
                0x0000000008001f44                ADC3_IRQHandler
                0x0000000008001f44                DMA2_Stream0_IRQHandler
                0x0000000008001f44                TIM4_IRQHandler
                0x0000000008001f44                BDMA_Channel2_IRQHandler
                0x0000000008001f44                QUADSPI_IRQHandler
                0x0000000008001f44                I2C1_EV_IRQHandler
                0x0000000008001f44                DMA1_Stream6_IRQHandler
                0x0000000008001f44                DMAMUX1_OVR_IRQHandler
                0x0000000008001f44                DMA1_Stream1_IRQHandler
                0x0000000008001f44                TIM16_IRQHandler
                0x0000000008001f44                UART4_IRQHandler
                0x0000000008001f44                BDMA_Channel5_IRQHandler
                0x0000000008001f44                TIM3_IRQHandler
                0x0000000008001f44                RCC_IRQHandler
                0x0000000008001f44                TIM8_BRK_TIM12_IRQHandler
                0x0000000008001f44                TIM1_TRG_COM_IRQHandler
                0x0000000008001f44                Default_Handler
                0x0000000008001f44                ECC_IRQHandler
                0x0000000008001f44                CEC_IRQHandler
                0x0000000008001f44                EXTI15_10_IRQHandler
                0x0000000008001f44                BDMA_Channel0_IRQHandler
                0x0000000008001f44                ADC_IRQHandler
                0x0000000008001f44                DMA1_Stream7_IRQHandler
                0x0000000008001f44                HRTIM1_TIMA_IRQHandler
                0x0000000008001f44                SPI5_IRQHandler
                0x0000000008001f44                TIM7_IRQHandler
                0x0000000008001f44                SDMMC1_IRQHandler
                0x0000000008001f44                TIM5_IRQHandler
                0x0000000008001f44                TIM15_IRQHandler
                0x0000000008001f44                PVD_AVD_IRQHandler
                0x0000000008001f44                I2C3_EV_IRQHandler
                0x0000000008001f44                EXTI9_5_IRQHandler
                0x0000000008001f44                RTC_WKUP_IRQHandler
                0x0000000008001f44                LTDC_IRQHandler
                0x0000000008001f44                SAI3_IRQHandler
                0x0000000008001f44                ETH_WKUP_IRQHandler
                0x0000000008001f44                SPDIF_RX_IRQHandler
                0x0000000008001f44                SPI2_IRQHandler
                0x0000000008001f44                OTG_HS_EP1_IN_IRQHandler
                0x0000000008001f44                DMA1_Stream0_IRQHandler
                0x0000000008001f44                CRS_IRQHandler
                0x0000000008001f44                EXTI4_IRQHandler
                0x0000000008001f44                HRTIM1_TIMB_IRQHandler
                0x0000000008001f44                FDCAN2_IT1_IRQHandler
                0x0000000008001f44                ETH_IRQHandler
                0x0000000008001f44                TIM1_UP_IRQHandler
                0x0000000008001f44                BDMA_Channel4_IRQHandler
                0x0000000008001f44                OTG_HS_EP1_OUT_IRQHandler
                0x0000000008001f44                WWDG_IRQHandler
                0x0000000008001f44                SPI6_IRQHandler
                0x0000000008001f44                MDIOS_IRQHandler
                0x0000000008001f44                I2C4_EV_IRQHandler
                0x0000000008001f44                FDCAN2_IT0_IRQHandler
                0x0000000008001f44                LPUART1_IRQHandler
                0x0000000008001f44                FDCAN1_IT0_IRQHandler
                0x0000000008001f44                TIM2_IRQHandler
                0x0000000008001f44                OTG_FS_WKUP_IRQHandler
                0x0000000008001f44                OTG_HS_IRQHandler
                0x0000000008001f44                DMA2D_IRQHandler
                0x0000000008001f44                TIM1_BRK_IRQHandler
                0x0000000008001f44                EXTI1_IRQHandler
                0x0000000008001f44                SDMMC2_IRQHandler
                0x0000000008001f44                OTG_FS_EP1_OUT_IRQHandler
                0x0000000008001f44                BDMA_Channel3_IRQHandler
                0x0000000008001f44                UART7_IRQHandler
                0x0000000008001f44                MDIOS_WKUP_IRQHandler
                0x0000000008001f44                USART2_IRQHandler
                0x0000000008001f44                DFSDM1_FLT0_IRQHandler
                0x0000000008001f44                SAI4_IRQHandler
                0x0000000008001f44                I2C2_ER_IRQHandler
                0x0000000008001f44                DMA2_Stream1_IRQHandler
                0x0000000008001f44                FLASH_IRQHandler
                0x0000000008001f44                DMA2_Stream4_IRQHandler
                0x0000000008001f44                USART1_IRQHandler
                0x0000000008001f44                OTG_FS_IRQHandler
                0x0000000008001f44                SPI3_IRQHandler
                0x0000000008001f44                WAKEUP_PIN_IRQHandler
                0x0000000008001f44                DMA1_Stream4_IRQHandler
                0x0000000008001f44                OTG_FS_EP1_IN_IRQHandler
                0x0000000008001f44                I2C1_ER_IRQHandler
                0x0000000008001f44                FMC_IRQHandler
                0x0000000008001f44                FDCAN_CAL_IRQHandler
                0x0000000008001f44                SWPMI1_IRQHandler
                0x0000000008001f44                COMP1_IRQHandler
                0x0000000008001f44                LPTIM1_IRQHandler
                0x0000000008001f44                I2C4_ER_IRQHandler
                0x0000000008001f44                DMA2_Stream6_IRQHandler
                0x0000000008001f44                SAI1_IRQHandler
                0x0000000008001f44                DMA1_Stream3_IRQHandler
 *fill*         0x0000000008001f46        0x2 
 .text.HAL_InitTick
                0x0000000008001f48       0x4c ./Drivers/STM32H7xx_HAL_Driver/Src/stm32h7xx_hal.o
                0x0000000008001f48                HAL_InitTick
 .text.HAL_Init
                0x0000000008001f94       0x5c ./Drivers/STM32H7xx_HAL_Driver/Src/stm32h7xx_hal.o
                0x0000000008001f94                HAL_Init
 .text.HAL_IncTick
                0x0000000008001ff0       0x18 ./Drivers/STM32H7xx_HAL_Driver/Src/stm32h7xx_hal.o
                0x0000000008001ff0                HAL_IncTick
 .text.HAL_GetTick
                0x0000000008002008        0xc ./Drivers/STM32H7xx_HAL_Driver/Src/stm32h7xx_hal.o
                0x0000000008002008                HAL_GetTick
 .text.HAL_Delay
                0x0000000008002014       0x24 ./Drivers/STM32H7xx_HAL_Driver/Src/stm32h7xx_hal.o
                0x0000000008002014                HAL_Delay
 .text.HAL_GetREVID
                0x0000000008002038        0xc ./Drivers/STM32H7xx_HAL_Driver/Src/stm32h7xx_hal.o
                0x0000000008002038                HAL_GetREVID
 .text.HAL_NVIC_SetPriorityGrouping
                0x0000000008002044       0x24 ./Drivers/STM32H7xx_HAL_Driver/Src/stm32h7xx_hal_cortex.o
                0x0000000008002044                HAL_NVIC_SetPriorityGrouping
 .text.HAL_NVIC_SetPriority
                0x0000000008002068       0x64 ./Drivers/STM32H7xx_HAL_Driver/Src/stm32h7xx_hal_cortex.o
                0x0000000008002068                HAL_NVIC_SetPriority
 .text.HAL_NVIC_EnableIRQ
                0x00000000080020cc       0x1c ./Drivers/STM32H7xx_HAL_Driver/Src/stm32h7xx_hal_cortex.o
                0x00000000080020cc                HAL_NVIC_EnableIRQ
 .text.HAL_SYSTICK_Config
                0x00000000080020e8       0x28 ./Drivers/STM32H7xx_HAL_Driver/Src/stm32h7xx_hal_cortex.o
                0x00000000080020e8                HAL_SYSTICK_Config
 .text.HAL_MPU_Disable
                0x0000000008002110       0x1c ./Drivers/STM32H7xx_HAL_Driver/Src/stm32h7xx_hal_cortex.o
                0x0000000008002110                HAL_MPU_Disable
 .text.HAL_MPU_Enable
                0x000000000800212c       0x20 ./Drivers/STM32H7xx_HAL_Driver/Src/stm32h7xx_hal_cortex.o
                0x000000000800212c                HAL_MPU_Enable
 .text.HAL_MPU_ConfigRegion
                0x000000000800214c       0x58 ./Drivers/STM32H7xx_HAL_Driver/Src/stm32h7xx_hal_cortex.o
                0x000000000800214c                HAL_MPU_ConfigRegion
 .text.HAL_CRC_Init
                0x00000000080021a4       0x74 ./Drivers/STM32H7xx_HAL_Driver/Src/stm32h7xx_hal_crc.o
                0x00000000080021a4                HAL_CRC_Init
 .text.HAL_CRCEx_Polynomial_Set
                0x0000000008002218       0x48 ./Drivers/STM32H7xx_HAL_Driver/Src/stm32h7xx_hal_crc_ex.o
                0x0000000008002218                HAL_CRCEx_Polynomial_Set
 .text.DCMI_DMAError
                0x0000000008002260       0x1c ./Drivers/STM32H7xx_HAL_Driver/Src/stm32h7xx_hal_dcmi.o
 .text.DCMI_DMAXferCplt
                0x000000000800227c       0x7c ./Drivers/STM32H7xx_HAL_Driver/Src/stm32h7xx_hal_dcmi.o
 .text.HAL_DCMI_LineEventCallback
                0x00000000080022f8        0x2 ./Drivers/STM32H7xx_HAL_Driver/Src/stm32h7xx_hal_dcmi.o
                0x00000000080022f8                HAL_DCMI_LineEventCallback
 .text.HAL_DCMI_VsyncEventCallback
                0x00000000080022fa        0x2 ./Drivers/STM32H7xx_HAL_Driver/Src/stm32h7xx_hal_dcmi.o
                0x00000000080022fa                HAL_DCMI_VsyncEventCallback
 .text.HAL_DCMI_Init
                0x00000000080022fc       0xc0 ./Drivers/STM32H7xx_HAL_Driver/Src/stm32h7xx_hal_dcmi.o
                0x00000000080022fc                HAL_DCMI_Init
 .text.HAL_DCMI_Start_DMA
                0x00000000080023bc       0xe0 ./Drivers/STM32H7xx_HAL_Driver/Src/stm32h7xx_hal_dcmi.o
                0x00000000080023bc                HAL_DCMI_Start_DMA
 .text.HAL_DCMI_IRQHandler
                0x000000000800249c       0x98 ./Drivers/STM32H7xx_HAL_Driver/Src/stm32h7xx_hal_dcmi.o
                0x000000000800249c                HAL_DCMI_IRQHandler
 .text.HAL_DCMI_ConfigCrop
                0x0000000008002534       0x36 ./Drivers/STM32H7xx_HAL_Driver/Src/stm32h7xx_hal_dcmi.o
                0x0000000008002534                HAL_DCMI_ConfigCrop
 .text.HAL_DCMI_EnableCrop
                0x000000000800256a       0x2a ./Drivers/STM32H7xx_HAL_Driver/Src/stm32h7xx_hal_dcmi.o
                0x000000000800256a                HAL_DCMI_EnableCrop
 .text.DMA_SetConfig
                0x0000000008002594      0x184 ./Drivers/STM32H7xx_HAL_Driver/Src/stm32h7xx_hal_dma.o
 .text.DMA_CalcBaseAndBitshift
                0x0000000008002718       0x9c ./Drivers/STM32H7xx_HAL_Driver/Src/stm32h7xx_hal_dma.o
 .text.DMA_CalcDMAMUXChannelBaseAndMask
                0x00000000080027b4       0x90 ./Drivers/STM32H7xx_HAL_Driver/Src/stm32h7xx_hal_dma.o
 .text.DMA_CalcDMAMUXRequestGenBaseAndMask
                0x0000000008002844       0x70 ./Drivers/STM32H7xx_HAL_Driver/Src/stm32h7xx_hal_dma.o
 .text.HAL_DMA_Init
                0x00000000080028b4      0x384 ./Drivers/STM32H7xx_HAL_Driver/Src/stm32h7xx_hal_dma.o
                0x00000000080028b4                HAL_DMA_Init
 .text.HAL_DMA_Start_IT
                0x0000000008002c38      0x238 ./Drivers/STM32H7xx_HAL_Driver/Src/stm32h7xx_hal_dma.o
                0x0000000008002c38                HAL_DMA_Start_IT
 .text.HAL_DMA_Abort_IT
                0x0000000008002e70      0x168 ./Drivers/STM32H7xx_HAL_Driver/Src/stm32h7xx_hal_dma.o
                0x0000000008002e70                HAL_DMA_Abort_IT
 .text.HAL_DMA_IRQHandler
                0x0000000008002fd8      0x54c ./Drivers/STM32H7xx_HAL_Driver/Src/stm32h7xx_hal_dma.o
                0x0000000008002fd8                HAL_DMA_IRQHandler
 .text.DMA_MultiBufferSetConfig
                0x0000000008003524       0x60 ./Drivers/STM32H7xx_HAL_Driver/Src/stm32h7xx_hal_dma_ex.o
 .text.HAL_DMAEx_MultiBufferStart_IT
                0x0000000008003584      0x368 ./Drivers/STM32H7xx_HAL_Driver/Src/stm32h7xx_hal_dma_ex.o
                0x0000000008003584                HAL_DMAEx_MultiBufferStart_IT
 .text.HAL_DMAEx_ChangeMemory
                0x00000000080038ec       0x58 ./Drivers/STM32H7xx_HAL_Driver/Src/stm32h7xx_hal_dma_ex.o
                0x00000000080038ec                HAL_DMAEx_ChangeMemory
 .text.HAL_GPIO_Init
                0x0000000008003944      0x1d8 ./Drivers/STM32H7xx_HAL_Driver/Src/stm32h7xx_hal_gpio.o
                0x0000000008003944                HAL_GPIO_Init
 .text.HAL_GPIO_ReadPin
                0x0000000008003b1c        0xc ./Drivers/STM32H7xx_HAL_Driver/Src/stm32h7xx_hal_gpio.o
                0x0000000008003b1c                HAL_GPIO_ReadPin
 .text.HAL_GPIO_WritePin
                0x0000000008003b28        0xa ./Drivers/STM32H7xx_HAL_Driver/Src/stm32h7xx_hal_gpio.o
                0x0000000008003b28                HAL_GPIO_WritePin
 *fill*         0x0000000008003b32        0x2 
 .text.HAL_PWREx_ConfigSupply
                0x0000000008003b34       0x48 ./Drivers/STM32H7xx_HAL_Driver/Src/stm32h7xx_hal_pwr_ex.o
                0x0000000008003b34                HAL_PWREx_ConfigSupply
 .text.QSPI_WaitFlagStateUntilTimeout
                0x0000000008003b7c       0x4e ./Drivers/STM32H7xx_HAL_Driver/Src/stm32h7xx_hal_qspi.o
 *fill*         0x0000000008003bca        0x2 
 .text.HAL_QSPI_Init
                0x0000000008003bcc       0x9c ./Drivers/STM32H7xx_HAL_Driver/Src/stm32h7xx_hal_qspi.o
                0x0000000008003bcc                HAL_QSPI_Init
 .text.HAL_RCC_OscConfig
                0x0000000008003c68      0x524 ./Drivers/STM32H7xx_HAL_Driver/Src/stm32h7xx_hal_rcc.o
                0x0000000008003c68                HAL_RCC_OscConfig
 .text.HAL_RCC_GetSysClockFreq
                0x000000000800418c      0x140 ./Drivers/STM32H7xx_HAL_Driver/Src/stm32h7xx_hal_rcc.o
                0x000000000800418c                HAL_RCC_GetSysClockFreq
 .text.HAL_RCC_ClockConfig
                0x00000000080042cc      0x24c ./Drivers/STM32H7xx_HAL_Driver/Src/stm32h7xx_hal_rcc.o
                0x00000000080042cc                HAL_RCC_ClockConfig
 .text.HAL_RCC_GetHCLKFreq
                0x0000000008004518       0x44 ./Drivers/STM32H7xx_HAL_Driver/Src/stm32h7xx_hal_rcc.o
                0x0000000008004518                HAL_RCC_GetHCLKFreq
 .text.HAL_RCC_GetPCLK1Freq
                0x000000000800455c       0x24 ./Drivers/STM32H7xx_HAL_Driver/Src/stm32h7xx_hal_rcc.o
                0x000000000800455c                HAL_RCC_GetPCLK1Freq
 .text.HAL_RCC_GetPCLK2Freq
                0x0000000008004580       0x24 ./Drivers/STM32H7xx_HAL_Driver/Src/stm32h7xx_hal_rcc.o
                0x0000000008004580                HAL_RCC_GetPCLK2Freq
 .text.RCCEx_PLL2_Config
                0x00000000080045a4       0xf0 ./Drivers/STM32H7xx_HAL_Driver/Src/stm32h7xx_hal_rcc_ex.o
 .text.RCCEx_PLL3_Config
                0x0000000008004694       0xf0 ./Drivers/STM32H7xx_HAL_Driver/Src/stm32h7xx_hal_rcc_ex.o
 .text.HAL_RCCEx_PeriphCLKConfig
                0x0000000008004784      0x96c ./Drivers/STM32H7xx_HAL_Driver/Src/stm32h7xx_hal_rcc_ex.o
                0x0000000008004784                HAL_RCCEx_PeriphCLKConfig
 .text.HAL_RCCEx_GetD3PCLK1Freq
                0x00000000080050f0       0x24 ./Drivers/STM32H7xx_HAL_Driver/Src/stm32h7xx_hal_rcc_ex.o
                0x00000000080050f0                HAL_RCCEx_GetD3PCLK1Freq
 .text.HAL_RCCEx_GetPLL2ClockFreq
                0x0000000008005114      0x150 ./Drivers/STM32H7xx_HAL_Driver/Src/stm32h7xx_hal_rcc_ex.o
                0x0000000008005114                HAL_RCCEx_GetPLL2ClockFreq
 .text.HAL_RCCEx_GetPLL3ClockFreq
                0x0000000008005264      0x150 ./Drivers/STM32H7xx_HAL_Driver/Src/stm32h7xx_hal_rcc_ex.o
                0x0000000008005264                HAL_RCCEx_GetPLL3ClockFreq
 .text.SPI_CloseTransfer
                0x00000000080053b4       0xac ./Drivers/STM32H7xx_HAL_Driver/Src/stm32h7xx_hal_spi.o
 .text.HAL_SPI_Init
                0x0000000008005460      0x12c ./Drivers/STM32H7xx_HAL_Driver/Src/stm32h7xx_hal_spi.o
                0x0000000008005460                HAL_SPI_Init
 .text.HAL_SPI_Transmit
                0x000000000800558c      0x23e ./Drivers/STM32H7xx_HAL_Driver/Src/stm32h7xx_hal_spi.o
                0x000000000800558c                HAL_SPI_Transmit
 *fill*         0x00000000080057ca        0x2 
 .text.UART_SetConfig
                0x00000000080057cc      0x38c ./Drivers/STM32H7xx_HAL_Driver/Src/stm32h7xx_hal_uart.o
                0x00000000080057cc                UART_SetConfig
 .text.UART_AdvFeatureConfig
                0x0000000008005b58       0xaa ./Drivers/STM32H7xx_HAL_Driver/Src/stm32h7xx_hal_uart.o
                0x0000000008005b58                UART_AdvFeatureConfig
 .text.UART_WaitOnFlagUntilTimeout
                0x0000000008005c02       0xc4 ./Drivers/STM32H7xx_HAL_Driver/Src/stm32h7xx_hal_uart.o
                0x0000000008005c02                UART_WaitOnFlagUntilTimeout
 .text.UART_CheckIdleState
                0x0000000008005cc6       0x6a ./Drivers/STM32H7xx_HAL_Driver/Src/stm32h7xx_hal_uart.o
                0x0000000008005cc6                UART_CheckIdleState
 .text.HAL_UART_Init
                0x0000000008005d30       0x60 ./Drivers/STM32H7xx_HAL_Driver/Src/stm32h7xx_hal_uart.o
                0x0000000008005d30                HAL_UART_Init
 .text.UARTEx_SetNbDataToProcess
                0x0000000008005d90       0x44 ./Drivers/STM32H7xx_HAL_Driver/Src/stm32h7xx_hal_uart_ex.o
 .text.HAL_UARTEx_DisableFifoMode
                0x0000000008005dd4       0x36 ./Drivers/STM32H7xx_HAL_Driver/Src/stm32h7xx_hal_uart_ex.o
                0x0000000008005dd4                HAL_UARTEx_DisableFifoMode
 .text.HAL_UARTEx_SetTxFifoThreshold
                0x0000000008005e0a       0x48 ./Drivers/STM32H7xx_HAL_Driver/Src/stm32h7xx_hal_uart_ex.o
                0x0000000008005e0a                HAL_UARTEx_SetTxFifoThreshold
 .text.HAL_UARTEx_SetRxFifoThreshold
                0x0000000008005e52       0x48 ./Drivers/STM32H7xx_HAL_Driver/Src/stm32h7xx_hal_uart_ex.o
                0x0000000008005e52                HAL_UARTEx_SetRxFifoThreshold
 *fill*         0x0000000008005e9a        0x2 
 .text.ai_network_data_weights_buffer_get
                0x0000000008005e9c       0x28 ./X-CUBE-AI/App/network_data.o
                0x0000000008005e9c                ai_network_data_weights_buffer_get
 .text.ai_network_data_weights_get
                0x0000000008005ec4        0x8 ./X-CUBE-AI/App/network_data.o
                0x0000000008005ec4                ai_network_data_weights_get
 .text.__errno  0x0000000008005ecc        0xc c:/st/stm32cubeide_1.9.0/stm32cubeide/plugins/com.st.stm32cube.ide.mcu.externaltools.gnu-tools-for-stm32.10.3-2021.10.win32_1.0.0.202111181127/tools/bin/../lib/gcc/arm-none-eabi/10.3.1/../../../../arm-none-eabi/lib/thumb/v7e-m+dp/hard\libc_nano.a(lib_a-errno.o)
                0x0000000008005ecc                __errno
 .text.__libc_init_array
                0x0000000008005ed8       0x48 c:/st/stm32cubeide_1.9.0/stm32cubeide/plugins/com.st.stm32cube.ide.mcu.externaltools.gnu-tools-for-stm32.10.3-2021.10.win32_1.0.0.202111181127/tools/bin/../lib/gcc/arm-none-eabi/10.3.1/../../../../arm-none-eabi/lib/thumb/v7e-m+dp/hard\libc_nano.a(lib_a-init.o)
                0x0000000008005ed8                __libc_init_array
 .text.memset   0x0000000008005f20       0x10 c:/st/stm32cubeide_1.9.0/stm32cubeide/plugins/com.st.stm32cube.ide.mcu.externaltools.gnu-tools-for-stm32.10.3-2021.10.win32_1.0.0.202111181127/tools/bin/../lib/gcc/arm-none-eabi/10.3.1/../../../../arm-none-eabi/lib/thumb/v7e-m+dp/hard\libc_nano.a(lib_a-memset.o)
                0x0000000008005f20                memset
 .text._free_r  0x0000000008005f30       0x98 c:/st/stm32cubeide_1.9.0/stm32cubeide/plugins/com.st.stm32cube.ide.mcu.externaltools.gnu-tools-for-stm32.10.3-2021.10.win32_1.0.0.202111181127/tools/bin/../lib/gcc/arm-none-eabi/10.3.1/../../../../arm-none-eabi/lib/thumb/v7e-m+dp/hard\libc_nano.a(lib_a-nano-freer.o)
                0x0000000008005f30                _free_r
 .text.sbrk_aligned
                0x0000000008005fc8       0x40 c:/st/stm32cubeide_1.9.0/stm32cubeide/plugins/com.st.stm32cube.ide.mcu.externaltools.gnu-tools-for-stm32.10.3-2021.10.win32_1.0.0.202111181127/tools/bin/../lib/gcc/arm-none-eabi/10.3.1/../../../../arm-none-eabi/lib/thumb/v7e-m+dp/hard\libc_nano.a(lib_a-nano-mallocr.o)
 .text._malloc_r
                0x0000000008006008       0xe8 c:/st/stm32cubeide_1.9.0/stm32cubeide/plugins/com.st.stm32cube.ide.mcu.externaltools.gnu-tools-for-stm32.10.3-2021.10.win32_1.0.0.202111181127/tools/bin/../lib/gcc/arm-none-eabi/10.3.1/../../../../arm-none-eabi/lib/thumb/v7e-m+dp/hard\libc_nano.a(lib_a-nano-mallocr.o)
                0x0000000008006008                _malloc_r
 .text.printf   0x00000000080060f0       0x30 c:/st/stm32cubeide_1.9.0/stm32cubeide/plugins/com.st.stm32cube.ide.mcu.externaltools.gnu-tools-for-stm32.10.3-2021.10.win32_1.0.0.202111181127/tools/bin/../lib/gcc/arm-none-eabi/10.3.1/../../../../arm-none-eabi/lib/thumb/v7e-m+dp/hard\libc_nano.a(lib_a-printf.o)
                0x00000000080060f0                iprintf
                0x00000000080060f0                printf
 .text._puts_r  0x0000000008006120       0xdc c:/st/stm32cubeide_1.9.0/stm32cubeide/plugins/com.st.stm32cube.ide.mcu.externaltools.gnu-tools-for-stm32.10.3-2021.10.win32_1.0.0.202111181127/tools/bin/../lib/gcc/arm-none-eabi/10.3.1/../../../../arm-none-eabi/lib/thumb/v7e-m+dp/hard\libc_nano.a(lib_a-puts.o)
                0x0000000008006120                _puts_r
 .text.puts     0x00000000080061fc       0x10 c:/st/stm32cubeide_1.9.0/stm32cubeide/plugins/com.st.stm32cube.ide.mcu.externaltools.gnu-tools-for-stm32.10.3-2021.10.win32_1.0.0.202111181127/tools/bin/../lib/gcc/arm-none-eabi/10.3.1/../../../../arm-none-eabi/lib/thumb/v7e-m+dp/hard\libc_nano.a(lib_a-puts.o)
                0x00000000080061fc                puts
 .text._sbrk_r  0x000000000800620c       0x20 c:/st/stm32cubeide_1.9.0/stm32cubeide/plugins/com.st.stm32cube.ide.mcu.externaltools.gnu-tools-for-stm32.10.3-2021.10.win32_1.0.0.202111181127/tools/bin/../lib/gcc/arm-none-eabi/10.3.1/../../../../arm-none-eabi/lib/thumb/v7e-m+dp/hard\libc_nano.a(lib_a-sbrkr.o)
                0x000000000800620c                _sbrk_r
 .text.__swbuf_r
                0x000000000800622c       0xa4 c:/st/stm32cubeide_1.9.0/stm32cubeide/plugins/com.st.stm32cube.ide.mcu.externaltools.gnu-tools-for-stm32.10.3-2021.10.win32_1.0.0.202111181127/tools/bin/../lib/gcc/arm-none-eabi/10.3.1/../../../../arm-none-eabi/lib/thumb/v7e-m+dp/hard\libc_nano.a(lib_a-wbuf.o)
                0x000000000800622c                __swbuf_r
 .text.__swsetup_r
                0x00000000080062d0       0xdc c:/st/stm32cubeide_1.9.0/stm32cubeide/plugins/com.st.stm32cube.ide.mcu.externaltools.gnu-tools-for-stm32.10.3-2021.10.win32_1.0.0.202111181127/tools/bin/../lib/gcc/arm-none-eabi/10.3.1/../../../../arm-none-eabi/lib/thumb/v7e-m+dp/hard\libc_nano.a(lib_a-wsetup.o)
                0x00000000080062d0                __swsetup_r
 .text.__sflush_r
                0x00000000080063ac      0x10c c:/st/stm32cubeide_1.9.0/stm32cubeide/plugins/com.st.stm32cube.ide.mcu.externaltools.gnu-tools-for-stm32.10.3-2021.10.win32_1.0.0.202111181127/tools/bin/../lib/gcc/arm-none-eabi/10.3.1/../../../../arm-none-eabi/lib/thumb/v7e-m+dp/hard\libc_nano.a(lib_a-fflush.o)
                0x00000000080063ac                __sflush_r
 .text._fflush_r
                0x00000000080064b8       0x78 c:/st/stm32cubeide_1.9.0/stm32cubeide/plugins/com.st.stm32cube.ide.mcu.externaltools.gnu-tools-for-stm32.10.3-2021.10.win32_1.0.0.202111181127/tools/bin/../lib/gcc/arm-none-eabi/10.3.1/../../../../arm-none-eabi/lib/thumb/v7e-m+dp/hard\libc_nano.a(lib_a-fflush.o)
                0x00000000080064b8                _fflush_r
 .text.std      0x0000000008006530       0x48 c:/st/stm32cubeide_1.9.0/stm32cubeide/plugins/com.st.stm32cube.ide.mcu.externaltools.gnu-tools-for-stm32.10.3-2021.10.win32_1.0.0.202111181127/tools/bin/../lib/gcc/arm-none-eabi/10.3.1/../../../../arm-none-eabi/lib/thumb/v7e-m+dp/hard\libc_nano.a(lib_a-findfp.o)
 .text._cleanup_r
                0x0000000008006578        0xc c:/st/stm32cubeide_1.9.0/stm32cubeide/plugins/com.st.stm32cube.ide.mcu.externaltools.gnu-tools-for-stm32.10.3-2021.10.win32_1.0.0.202111181127/tools/bin/../lib/gcc/arm-none-eabi/10.3.1/../../../../arm-none-eabi/lib/thumb/v7e-m+dp/hard\libc_nano.a(lib_a-findfp.o)
                0x0000000008006578                _cleanup_r
 .text.__sfmoreglue
                0x0000000008006584       0x2c c:/st/stm32cubeide_1.9.0/stm32cubeide/plugins/com.st.stm32cube.ide.mcu.externaltools.gnu-tools-for-stm32.10.3-2021.10.win32_1.0.0.202111181127/tools/bin/../lib/gcc/arm-none-eabi/10.3.1/../../../../arm-none-eabi/lib/thumb/v7e-m+dp/hard\libc_nano.a(lib_a-findfp.o)
                0x0000000008006584                __sfmoreglue
 .text.__sfp_lock_acquire
                0x00000000080065b0        0xc c:/st/stm32cubeide_1.9.0/stm32cubeide/plugins/com.st.stm32cube.ide.mcu.externaltools.gnu-tools-for-stm32.10.3-2021.10.win32_1.0.0.202111181127/tools/bin/../lib/gcc/arm-none-eabi/10.3.1/../../../../arm-none-eabi/lib/thumb/v7e-m+dp/hard\libc_nano.a(lib_a-findfp.o)
                0x00000000080065b0                __sfp_lock_acquire
 .text.__sfp_lock_release
                0x00000000080065bc        0xc c:/st/stm32cubeide_1.9.0/stm32cubeide/plugins/com.st.stm32cube.ide.mcu.externaltools.gnu-tools-for-stm32.10.3-2021.10.win32_1.0.0.202111181127/tools/bin/../lib/gcc/arm-none-eabi/10.3.1/../../../../arm-none-eabi/lib/thumb/v7e-m+dp/hard\libc_nano.a(lib_a-findfp.o)
                0x00000000080065bc                __sfp_lock_release
 .text.__sinit_lock_acquire
                0x00000000080065c8        0xc c:/st/stm32cubeide_1.9.0/stm32cubeide/plugins/com.st.stm32cube.ide.mcu.externaltools.gnu-tools-for-stm32.10.3-2021.10.win32_1.0.0.202111181127/tools/bin/../lib/gcc/arm-none-eabi/10.3.1/../../../../arm-none-eabi/lib/thumb/v7e-m+dp/hard\libc_nano.a(lib_a-findfp.o)
                0x00000000080065c8                __sinit_lock_acquire
 .text.__sinit_lock_release
                0x00000000080065d4        0xc c:/st/stm32cubeide_1.9.0/stm32cubeide/plugins/com.st.stm32cube.ide.mcu.externaltools.gnu-tools-for-stm32.10.3-2021.10.win32_1.0.0.202111181127/tools/bin/../lib/gcc/arm-none-eabi/10.3.1/../../../../arm-none-eabi/lib/thumb/v7e-m+dp/hard\libc_nano.a(lib_a-findfp.o)
                0x00000000080065d4                __sinit_lock_release
 .text.__sinit  0x00000000080065e0       0x70 c:/st/stm32cubeide_1.9.0/stm32cubeide/plugins/com.st.stm32cube.ide.mcu.externaltools.gnu-tools-for-stm32.10.3-2021.10.win32_1.0.0.202111181127/tools/bin/../lib/gcc/arm-none-eabi/10.3.1/../../../../arm-none-eabi/lib/thumb/v7e-m+dp/hard\libc_nano.a(lib_a-findfp.o)
                0x00000000080065e0                __sinit
 .text.__sfp    0x0000000008006650       0x8c c:/st/stm32cubeide_1.9.0/stm32cubeide/plugins/com.st.stm32cube.ide.mcu.externaltools.gnu-tools-for-stm32.10.3-2021.10.win32_1.0.0.202111181127/tools/bin/../lib/gcc/arm-none-eabi/10.3.1/../../../../arm-none-eabi/lib/thumb/v7e-m+dp/hard\libc_nano.a(lib_a-findfp.o)
                0x0000000008006650                __sfp
 .text._fwalk_reent
                0x00000000080066dc       0x3e c:/st/stm32cubeide_1.9.0/stm32cubeide/plugins/com.st.stm32cube.ide.mcu.externaltools.gnu-tools-for-stm32.10.3-2021.10.win32_1.0.0.202111181127/tools/bin/../lib/gcc/arm-none-eabi/10.3.1/../../../../arm-none-eabi/lib/thumb/v7e-m+dp/hard\libc_nano.a(lib_a-fwalk.o)
                0x00000000080066dc                _fwalk_reent
 .text.__retarget_lock_init_recursive
                0x000000000800671a        0x2 c:/st/stm32cubeide_1.9.0/stm32cubeide/plugins/com.st.stm32cube.ide.mcu.externaltools.gnu-tools-for-stm32.10.3-2021.10.win32_1.0.0.202111181127/tools/bin/../lib/gcc/arm-none-eabi/10.3.1/../../../../arm-none-eabi/lib/thumb/v7e-m+dp/hard\libc_nano.a(lib_a-lock.o)
                0x000000000800671a                __retarget_lock_init_recursive
 .text.__retarget_lock_acquire_recursive
                0x000000000800671c        0x2 c:/st/stm32cubeide_1.9.0/stm32cubeide/plugins/com.st.stm32cube.ide.mcu.externaltools.gnu-tools-for-stm32.10.3-2021.10.win32_1.0.0.202111181127/tools/bin/../lib/gcc/arm-none-eabi/10.3.1/../../../../arm-none-eabi/lib/thumb/v7e-m+dp/hard\libc_nano.a(lib_a-lock.o)
                0x000000000800671c                __retarget_lock_acquire_recursive
 .text.__retarget_lock_release_recursive
                0x000000000800671e        0x2 c:/st/stm32cubeide_1.9.0/stm32cubeide/plugins/com.st.stm32cube.ide.mcu.externaltools.gnu-tools-for-stm32.10.3-2021.10.win32_1.0.0.202111181127/tools/bin/../lib/gcc/arm-none-eabi/10.3.1/../../../../arm-none-eabi/lib/thumb/v7e-m+dp/hard\libc_nano.a(lib_a-lock.o)
                0x000000000800671e                __retarget_lock_release_recursive
 .text.__swhatbuf_r
                0x0000000008006720       0x4a c:/st/stm32cubeide_1.9.0/stm32cubeide/plugins/com.st.stm32cube.ide.mcu.externaltools.gnu-tools-for-stm32.10.3-2021.10.win32_1.0.0.202111181127/tools/bin/../lib/gcc/arm-none-eabi/10.3.1/../../../../arm-none-eabi/lib/thumb/v7e-m+dp/hard\libc_nano.a(lib_a-makebuf.o)
                0x0000000008006720                __swhatbuf_r
 *fill*         0x000000000800676a        0x2 
 .text.__smakebuf_r
                0x000000000800676c       0x80 c:/st/stm32cubeide_1.9.0/stm32cubeide/plugins/com.st.stm32cube.ide.mcu.externaltools.gnu-tools-for-stm32.10.3-2021.10.win32_1.0.0.202111181127/tools/bin/../lib/gcc/arm-none-eabi/10.3.1/../../../../arm-none-eabi/lib/thumb/v7e-m+dp/hard\libc_nano.a(lib_a-makebuf.o)
                0x000000000800676c                __smakebuf_r
 .text.__malloc_lock
                0x00000000080067ec        0xc c:/st/stm32cubeide_1.9.0/stm32cubeide/plugins/com.st.stm32cube.ide.mcu.externaltools.gnu-tools-for-stm32.10.3-2021.10.win32_1.0.0.202111181127/tools/bin/../lib/gcc/arm-none-eabi/10.3.1/../../../../arm-none-eabi/lib/thumb/v7e-m+dp/hard\libc_nano.a(lib_a-mlock.o)
                0x00000000080067ec                __malloc_lock
 .text.__malloc_unlock
                0x00000000080067f8        0xc c:/st/stm32cubeide_1.9.0/stm32cubeide/plugins/com.st.stm32cube.ide.mcu.externaltools.gnu-tools-for-stm32.10.3-2021.10.win32_1.0.0.202111181127/tools/bin/../lib/gcc/arm-none-eabi/10.3.1/../../../../arm-none-eabi/lib/thumb/v7e-m+dp/hard\libc_nano.a(lib_a-mlock.o)
                0x00000000080067f8                __malloc_unlock
 .text.__sfputc_r
                0x0000000008006804       0x2e c:/st/stm32cubeide_1.9.0/stm32cubeide/plugins/com.st.stm32cube.ide.mcu.externaltools.gnu-tools-for-stm32.10.3-2021.10.win32_1.0.0.202111181127/tools/bin/../lib/gcc/arm-none-eabi/10.3.1/../../../../arm-none-eabi/lib/thumb/v7e-m+dp/hard\libc_nano.a(lib_a-nano-vfprintf.o)
 .text.__sfputs_r
                0x0000000008006832       0x24 c:/st/stm32cubeide_1.9.0/stm32cubeide/plugins/com.st.stm32cube.ide.mcu.externaltools.gnu-tools-for-stm32.10.3-2021.10.win32_1.0.0.202111181127/tools/bin/../lib/gcc/arm-none-eabi/10.3.1/../../../../arm-none-eabi/lib/thumb/v7e-m+dp/hard\libc_nano.a(lib_a-nano-vfprintf.o)
                0x0000000008006832                __sfputs_r
 *fill*         0x0000000008006856        0x2 
 .text._vfprintf_r
                0x0000000008006858      0x260 c:/st/stm32cubeide_1.9.0/stm32cubeide/plugins/com.st.stm32cube.ide.mcu.externaltools.gnu-tools-for-stm32.10.3-2021.10.win32_1.0.0.202111181127/tools/bin/../lib/gcc/arm-none-eabi/10.3.1/../../../../arm-none-eabi/lib/thumb/v7e-m+dp/hard\libc_nano.a(lib_a-nano-vfprintf.o)
                0x0000000008006858                _vfprintf_r
                0x0000000008006858                _vfiprintf_r
 .text._printf_common
                0x0000000008006ab8       0xda c:/st/stm32cubeide_1.9.0/stm32cubeide/plugins/com.st.stm32cube.ide.mcu.externaltools.gnu-tools-for-stm32.10.3-2021.10.win32_1.0.0.202111181127/tools/bin/../lib/gcc/arm-none-eabi/10.3.1/../../../../arm-none-eabi/lib/thumb/v7e-m+dp/hard\libc_nano.a(lib_a-nano-vfprintf_i.o)
                0x0000000008006ab8                _printf_common
 *fill*         0x0000000008006b92        0x2 
 .text._printf_i
                0x0000000008006b94      0x24c c:/st/stm32cubeide_1.9.0/stm32cubeide/plugins/com.st.stm32cube.ide.mcu.externaltools.gnu-tools-for-stm32.10.3-2021.10.win32_1.0.0.202111181127/tools/bin/../lib/gcc/arm-none-eabi/10.3.1/../../../../arm-none-eabi/lib/thumb/v7e-m+dp/hard\libc_nano.a(lib_a-nano-vfprintf_i.o)
                0x0000000008006b94                _printf_i
 .text.__sread  0x0000000008006de0       0x22 c:/st/stm32cubeide_1.9.0/stm32cubeide/plugins/com.st.stm32cube.ide.mcu.externaltools.gnu-tools-for-stm32.10.3-2021.10.win32_1.0.0.202111181127/tools/bin/../lib/gcc/arm-none-eabi/10.3.1/../../../../arm-none-eabi/lib/thumb/v7e-m+dp/hard\libc_nano.a(lib_a-stdio.o)
                0x0000000008006de0                __sread
 .text.__swrite
                0x0000000008006e02       0x38 c:/st/stm32cubeide_1.9.0/stm32cubeide/plugins/com.st.stm32cube.ide.mcu.externaltools.gnu-tools-for-stm32.10.3-2021.10.win32_1.0.0.202111181127/tools/bin/../lib/gcc/arm-none-eabi/10.3.1/../../../../arm-none-eabi/lib/thumb/v7e-m+dp/hard\libc_nano.a(lib_a-stdio.o)
                0x0000000008006e02                __swrite
 .text.__sseek  0x0000000008006e3a       0x24 c:/st/stm32cubeide_1.9.0/stm32cubeide/plugins/com.st.stm32cube.ide.mcu.externaltools.gnu-tools-for-stm32.10.3-2021.10.win32_1.0.0.202111181127/tools/bin/../lib/gcc/arm-none-eabi/10.3.1/../../../../arm-none-eabi/lib/thumb/v7e-m+dp/hard\libc_nano.a(lib_a-stdio.o)
                0x0000000008006e3a                __sseek
 .text.__sclose
                0x0000000008006e5e        0x8 c:/st/stm32cubeide_1.9.0/stm32cubeide/plugins/com.st.stm32cube.ide.mcu.externaltools.gnu-tools-for-stm32.10.3-2021.10.win32_1.0.0.202111181127/tools/bin/../lib/gcc/arm-none-eabi/10.3.1/../../../../arm-none-eabi/lib/thumb/v7e-m+dp/hard\libc_nano.a(lib_a-stdio.o)
                0x0000000008006e5e                __sclose
 *fill*         0x0000000008006e66        0x2 
 .text._write_r
                0x0000000008006e68       0x24 c:/st/stm32cubeide_1.9.0/stm32cubeide/plugins/com.st.stm32cube.ide.mcu.externaltools.gnu-tools-for-stm32.10.3-2021.10.win32_1.0.0.202111181127/tools/bin/../lib/gcc/arm-none-eabi/10.3.1/../../../../arm-none-eabi/lib/thumb/v7e-m+dp/hard\libc_nano.a(lib_a-writer.o)
                0x0000000008006e68                _write_r
 .text._close_r
                0x0000000008006e8c       0x20 c:/st/stm32cubeide_1.9.0/stm32cubeide/plugins/com.st.stm32cube.ide.mcu.externaltools.gnu-tools-for-stm32.10.3-2021.10.win32_1.0.0.202111181127/tools/bin/../lib/gcc/arm-none-eabi/10.3.1/../../../../arm-none-eabi/lib/thumb/v7e-m+dp/hard\libc_nano.a(lib_a-closer.o)
                0x0000000008006e8c                _close_r
 .text._fstat_r
                0x0000000008006eac       0x24 c:/st/stm32cubeide_1.9.0/stm32cubeide/plugins/com.st.stm32cube.ide.mcu.externaltools.gnu-tools-for-stm32.10.3-2021.10.win32_1.0.0.202111181127/tools/bin/../lib/gcc/arm-none-eabi/10.3.1/../../../../arm-none-eabi/lib/thumb/v7e-m+dp/hard\libc_nano.a(lib_a-fstatr.o)
                0x0000000008006eac                _fstat_r
 .text._isatty_r
                0x0000000008006ed0       0x20 c:/st/stm32cubeide_1.9.0/stm32cubeide/plugins/com.st.stm32cube.ide.mcu.externaltools.gnu-tools-for-stm32.10.3-2021.10.win32_1.0.0.202111181127/tools/bin/../lib/gcc/arm-none-eabi/10.3.1/../../../../arm-none-eabi/lib/thumb/v7e-m+dp/hard\libc_nano.a(lib_a-isattyr.o)
                0x0000000008006ed0                _isatty_r
 .text._lseek_r
                0x0000000008006ef0       0x24 c:/st/stm32cubeide_1.9.0/stm32cubeide/plugins/com.st.stm32cube.ide.mcu.externaltools.gnu-tools-for-stm32.10.3-2021.10.win32_1.0.0.202111181127/tools/bin/../lib/gcc/arm-none-eabi/10.3.1/../../../../arm-none-eabi/lib/thumb/v7e-m+dp/hard\libc_nano.a(lib_a-lseekr.o)
                0x0000000008006ef0                _lseek_r
 .text._read_r  0x0000000008006f14       0x24 c:/st/stm32cubeide_1.9.0/stm32cubeide/plugins/com.st.stm32cube.ide.mcu.externaltools.gnu-tools-for-stm32.10.3-2021.10.win32_1.0.0.202111181127/tools/bin/../lib/gcc/arm-none-eabi/10.3.1/../../../../arm-none-eabi/lib/thumb/v7e-m+dp/hard\libc_nano.a(lib_a-readr.o)
                0x0000000008006f14                _read_r
 .text._close   0x0000000008006f38       0x10 c:/st/stm32cubeide_1.9.0/stm32cubeide/plugins/com.st.stm32cube.ide.mcu.externaltools.gnu-tools-for-stm32.10.3-2021.10.win32_1.0.0.202111181127/tools/bin/../lib/gcc/arm-none-eabi/10.3.1/../../../../arm-none-eabi/lib/thumb/v7e-m+dp/hard\libnosys.a(close.o)
                0x0000000008006f38                _close
 .text._fstat   0x0000000008006f48       0x10 c:/st/stm32cubeide_1.9.0/stm32cubeide/plugins/com.st.stm32cube.ide.mcu.externaltools.gnu-tools-for-stm32.10.3-2021.10.win32_1.0.0.202111181127/tools/bin/../lib/gcc/arm-none-eabi/10.3.1/../../../../arm-none-eabi/lib/thumb/v7e-m+dp/hard\libnosys.a(fstat.o)
                0x0000000008006f48                _fstat
 .text._isatty  0x0000000008006f58       0x10 c:/st/stm32cubeide_1.9.0/stm32cubeide/plugins/com.st.stm32cube.ide.mcu.externaltools.gnu-tools-for-stm32.10.3-2021.10.win32_1.0.0.202111181127/tools/bin/../lib/gcc/arm-none-eabi/10.3.1/../../../../arm-none-eabi/lib/thumb/v7e-m+dp/hard\libnosys.a(isatty.o)
                0x0000000008006f58                _isatty
 .text._lseek   0x0000000008006f68       0x10 c:/st/stm32cubeide_1.9.0/stm32cubeide/plugins/com.st.stm32cube.ide.mcu.externaltools.gnu-tools-for-stm32.10.3-2021.10.win32_1.0.0.202111181127/tools/bin/../lib/gcc/arm-none-eabi/10.3.1/../../../../arm-none-eabi/lib/thumb/v7e-m+dp/hard\libnosys.a(lseek.o)
                0x0000000008006f68                _lseek
 .text._read    0x0000000008006f78       0x10 c:/st/stm32cubeide_1.9.0/stm32cubeide/plugins/com.st.stm32cube.ide.mcu.externaltools.gnu-tools-for-stm32.10.3-2021.10.win32_1.0.0.202111181127/tools/bin/../lib/gcc/arm-none-eabi/10.3.1/../../../../arm-none-eabi/lib/thumb/v7e-m+dp/hard\libnosys.a(read.o)
                0x0000000008006f78                _read
 .text._write   0x0000000008006f88       0x10 c:/st/stm32cubeide_1.9.0/stm32cubeide/plugins/com.st.stm32cube.ide.mcu.externaltools.gnu-tools-for-stm32.10.3-2021.10.win32_1.0.0.202111181127/tools/bin/../lib/gcc/arm-none-eabi/10.3.1/../../../../arm-none-eabi/lib/thumb/v7e-m+dp/hard\libnosys.a(write.o)
                0x0000000008006f88                _write
 *(.glue_7)
 .glue_7        0x0000000008006f98        0x0 linker stubs
 *(.glue_7t)
 .glue_7t       0x0000000008006f98        0x0 linker stubs
 *(.eh_frame)
 .eh_frame      0x0000000008006f98        0x0 c:/st/stm32cubeide_1.9.0/stm32cubeide/plugins/com.st.stm32cube.ide.mcu.externaltools.gnu-tools-for-stm32.10.3-2021.10.win32_1.0.0.202111181127/tools/bin/../lib/gcc/arm-none-eabi/10.3.1/thumb/v7e-m+dp/hard/crtbegin.o
 *(.init)
 .init          0x0000000008006f98        0x4 c:/st/stm32cubeide_1.9.0/stm32cubeide/plugins/com.st.stm32cube.ide.mcu.externaltools.gnu-tools-for-stm32.10.3-2021.10.win32_1.0.0.202111181127/tools/bin/../lib/gcc/arm-none-eabi/10.3.1/thumb/v7e-m+dp/hard/crti.o
                0x0000000008006f98                _init
 .init          0x0000000008006f9c        0x8 c:/st/stm32cubeide_1.9.0/stm32cubeide/plugins/com.st.stm32cube.ide.mcu.externaltools.gnu-tools-for-stm32.10.3-2021.10.win32_1.0.0.202111181127/tools/bin/../lib/gcc/arm-none-eabi/10.3.1/thumb/v7e-m+dp/hard/crtn.o
 *(.fini)
 .fini          0x0000000008006fa4        0x4 c:/st/stm32cubeide_1.9.0/stm32cubeide/plugins/com.st.stm32cube.ide.mcu.externaltools.gnu-tools-for-stm32.10.3-2021.10.win32_1.0.0.202111181127/tools/bin/../lib/gcc/arm-none-eabi/10.3.1/thumb/v7e-m+dp/hard/crti.o
                0x0000000008006fa4                _fini
 .fini          0x0000000008006fa8        0x8 c:/st/stm32cubeide_1.9.0/stm32cubeide/plugins/com.st.stm32cube.ide.mcu.externaltools.gnu-tools-for-stm32.10.3-2021.10.win32_1.0.0.202111181127/tools/bin/../lib/gcc/arm-none-eabi/10.3.1/thumb/v7e-m+dp/hard/crtn.o
                0x0000000008006fb0                . = ALIGN (0x4)
                0x0000000008006fb0                _etext = .

.vfp11_veneer   0x0000000008006fb0        0x0
 .vfp11_veneer  0x0000000008006fb0        0x0 linker stubs

.v4_bx          0x0000000008006fb0        0x0
 .v4_bx         0x0000000008006fb0        0x0 linker stubs

.iplt           0x0000000008006fb0        0x0
 .iplt          0x0000000008006fb0        0x0 c:/st/stm32cubeide_1.9.0/stm32cubeide/plugins/com.st.stm32cube.ide.mcu.externaltools.gnu-tools-for-stm32.10.3-2021.10.win32_1.0.0.202111181127/tools/bin/../lib/gcc/arm-none-eabi/10.3.1/thumb/v7e-m+dp/hard/crtbegin.o

.rodata         0x0000000008006fb0     0x156c
                0x0000000008006fb0                . = ALIGN (0x4)
 *(.rodata)
 *(.rodata*)
 .rodata.DCMI_OV5640_Init.str1.1
                0x0000000008006fb0       0x2f ./Core/Src/dcmi.o
 .rodata.OV5640_AF_Download_Firmware.str1.1
                0x0000000008006fdf       0x4a ./Core/Src/dcmi.o
 .rodata.OV5640_AF_Firmware
                0x0000000008007029      0xfed ./Core/Src/dcmi.o
                0x0000000008007029                OV5640_AF_Firmware
 .rodata.OV5640_INIT_Config
                0x0000000008008016      0x3f8 ./Core/Src/dcmi.o
                0x0000000008008016                OV5640_INIT_Config
 .rodata.D1CorePrescTable
                0x000000000800840e       0x10 ./Core/Src/system_stm32h7xx.o
                0x000000000800840e                D1CorePrescTable
 .rodata.flagBitshiftOffset.0
                0x000000000800841e        0x8 ./Drivers/STM32H7xx_HAL_Driver/Src/stm32h7xx_hal_dma.o
 .rodata.CSWTCH.61
                0x0000000008008426       0x29 ./Drivers/STM32H7xx_HAL_Driver/Src/stm32h7xx_hal_uart.o
 .rodata.CSWTCH.62
                0x000000000800844f        0x6 ./Drivers/STM32H7xx_HAL_Driver/Src/stm32h7xx_hal_uart.o
 .rodata.CSWTCH.69
                0x0000000008008455        0x6 ./Drivers/STM32H7xx_HAL_Driver/Src/stm32h7xx_hal_uart.o
 *fill*         0x000000000800845b        0x1 
 .rodata.UARTPrescTable
                0x000000000800845c       0x18 ./Drivers/STM32H7xx_HAL_Driver/Src/stm32h7xx_hal_uart.o
                0x000000000800845c                UARTPrescTable
 .rodata.denominator.0
                0x0000000008008474        0x8 ./Drivers/STM32H7xx_HAL_Driver/Src/stm32h7xx_hal_uart_ex.o
 .rodata.numerator.1
                0x000000000800847c        0x8 ./Drivers/STM32H7xx_HAL_Driver/Src/stm32h7xx_hal_uart_ex.o
 .rodata._global_impure_ptr
                0x0000000008008484        0x4 c:/st/stm32cubeide_1.9.0/stm32cubeide/plugins/com.st.stm32cube.ide.mcu.externaltools.gnu-tools-for-stm32.10.3-2021.10.win32_1.0.0.202111181127/tools/bin/../lib/gcc/arm-none-eabi/10.3.1/../../../../arm-none-eabi/lib/thumb/v7e-m+dp/hard\libc_nano.a(lib_a-impure.o)
                0x0000000008008484                _global_impure_ptr
 .rodata.__sf_fake_stderr
                0x0000000008008488       0x20 c:/st/stm32cubeide_1.9.0/stm32cubeide/plugins/com.st.stm32cube.ide.mcu.externaltools.gnu-tools-for-stm32.10.3-2021.10.win32_1.0.0.202111181127/tools/bin/../lib/gcc/arm-none-eabi/10.3.1/../../../../arm-none-eabi/lib/thumb/v7e-m+dp/hard\libc_nano.a(lib_a-findfp.o)
                0x0000000008008488                __sf_fake_stderr
 .rodata.__sf_fake_stdin
                0x00000000080084a8       0x20 c:/st/stm32cubeide_1.9.0/stm32cubeide/plugins/com.st.stm32cube.ide.mcu.externaltools.gnu-tools-for-stm32.10.3-2021.10.win32_1.0.0.202111181127/tools/bin/../lib/gcc/arm-none-eabi/10.3.1/../../../../arm-none-eabi/lib/thumb/v7e-m+dp/hard\libc_nano.a(lib_a-findfp.o)
                0x00000000080084a8                __sf_fake_stdin
 .rodata.__sf_fake_stdout
                0x00000000080084c8       0x20 c:/st/stm32cubeide_1.9.0/stm32cubeide/plugins/com.st.stm32cube.ide.mcu.externaltools.gnu-tools-for-stm32.10.3-2021.10.win32_1.0.0.202111181127/tools/bin/../lib/gcc/arm-none-eabi/10.3.1/../../../../arm-none-eabi/lib/thumb/v7e-m+dp/hard\libc_nano.a(lib_a-findfp.o)
                0x00000000080084c8                __sf_fake_stdout
 .rodata._vfprintf_r.str1.1
                0x00000000080084e8       0x11 c:/st/stm32cubeide_1.9.0/stm32cubeide/plugins/com.st.stm32cube.ide.mcu.externaltools.gnu-tools-for-stm32.10.3-2021.10.win32_1.0.0.202111181127/tools/bin/../lib/gcc/arm-none-eabi/10.3.1/../../../../arm-none-eabi/lib/thumb/v7e-m+dp/hard\libc_nano.a(lib_a-nano-vfprintf.o)
 .rodata._printf_i.str1.1
                0x00000000080084f9       0x22 c:/st/stm32cubeide_1.9.0/stm32cubeide/plugins/com.st.stm32cube.ide.mcu.externaltools.gnu-tools-for-stm32.10.3-2021.10.win32_1.0.0.202111181127/tools/bin/../lib/gcc/arm-none-eabi/10.3.1/../../../../arm-none-eabi/lib/thumb/v7e-m+dp/hard\libc_nano.a(lib_a-nano-vfprintf_i.o)
                0x000000000800851c                . = ALIGN (0x4)
 *fill*         0x000000000800851b        0x1 

.ARM.extab
 *(.ARM.extab* .gnu.linkonce.armextab.*)

.ARM            0x000000000800851c        0x8
                0x000000000800851c                __exidx_start = .
 *(.ARM.exidx*)
 .ARM.exidx     0x000000000800851c        0x8 c:/st/stm32cubeide_1.9.0/stm32cubeide/plugins/com.st.stm32cube.ide.mcu.externaltools.gnu-tools-for-stm32.10.3-2021.10.win32_1.0.0.202111181127/tools/bin/../lib/gcc/arm-none-eabi/10.3.1/thumb/v7e-m+dp/hard\libgcc.a(_udivmoddi4.o)
                0x0000000008008524                __exidx_end = .

.preinit_array  0x0000000008008524        0x0
                0x0000000008008524                PROVIDE (__preinit_array_start = .)
 *(.preinit_array*)
                0x0000000008008524                PROVIDE (__preinit_array_end = .)

.init_array     0x0000000008008524        0x4
                0x0000000008008524                PROVIDE (__init_array_start = .)
 *(SORT_BY_NAME(.init_array.*))
 *(.init_array*)
 .init_array    0x0000000008008524        0x4 c:/st/stm32cubeide_1.9.0/stm32cubeide/plugins/com.st.stm32cube.ide.mcu.externaltools.gnu-tools-for-stm32.10.3-2021.10.win32_1.0.0.202111181127/tools/bin/../lib/gcc/arm-none-eabi/10.3.1/thumb/v7e-m+dp/hard/crtbegin.o
                0x0000000008008528                PROVIDE (__init_array_end = .)

.fini_array     0x0000000008008528        0x4
                [!provide]                        PROVIDE (__fini_array_start = .)
 *(SORT_BY_NAME(.fini_array.*))
 *(.fini_array*)
 .fini_array    0x0000000008008528        0x4 c:/st/stm32cubeide_1.9.0/stm32cubeide/plugins/com.st.stm32cube.ide.mcu.externaltools.gnu-tools-for-stm32.10.3-2021.10.win32_1.0.0.202111181127/tools/bin/../lib/gcc/arm-none-eabi/10.3.1/thumb/v7e-m+dp/hard/crtbegin.o
                [!provide]                        PROVIDE (__fini_array_end = .)
                0x000000000800852c                _sidata = LOADADDR (.data)

.data           0x0000000020000000      0x224 load address 0x000000000800852c
                0x0000000020000000                . = ALIGN (0x4)
                0x0000000020000000                _sdata = .
 *(.data)
 *(.data*)
 .data.SystemCoreClock
                0x0000000020000000        0x4 ./Core/Src/system_stm32h7xx.o
                0x0000000020000000                SystemCoreClock
 .data.SystemD2Clock
                0x0000000020000004        0x4 ./Core/Src/system_stm32h7xx.o
                0x0000000020000004                SystemD2Clock
 .data.uwTickFreq
                0x0000000020000008        0x1 ./Drivers/STM32H7xx_HAL_Driver/Src/stm32h7xx_hal.o
                0x0000000020000008                uwTickFreq
 *fill*         0x0000000020000009        0x3 
 .data.uwTickPrio
                0x000000002000000c        0x4 ./Drivers/STM32H7xx_HAL_Driver/Src/stm32h7xx_hal.o
                0x000000002000000c                uwTickPrio
 .data.g_network_weights_table
                0x0000000020000010      0x1b0 ./X-CUBE-AI/App/network_data_params.o
                0x0000000020000010                g_network_weights_table
 .data._impure_ptr
                0x00000000200001c0        0x4 c:/st/stm32cubeide_1.9.0/stm32cubeide/plugins/com.st.stm32cube.ide.mcu.externaltools.gnu-tools-for-stm32.10.3-2021.10.win32_1.0.0.202111181127/tools/bin/../lib/gcc/arm-none-eabi/10.3.1/../../../../arm-none-eabi/lib/thumb/v7e-m+dp/hard\libc_nano.a(lib_a-impure.o)
                0x00000000200001c0                _impure_ptr
 .data.impure_data
                0x00000000200001c4       0x60 c:/st/stm32cubeide_1.9.0/stm32cubeide/plugins/com.st.stm32cube.ide.mcu.externaltools.gnu-tools-for-stm32.10.3-2021.10.win32_1.0.0.202111181127/tools/bin/../lib/gcc/arm-none-eabi/10.3.1/../../../../arm-none-eabi/lib/thumb/v7e-m+dp/hard\libc_nano.a(lib_a-impure.o)
 *(.RamFunc)
 *(.RamFunc*)
                0x0000000020000224                . = ALIGN (0x4)
                0x0000000020000224                _edata = .

.igot.plt       0x0000000020000224        0x0 load address 0x0000000008008750
 .igot.plt      0x0000000020000224        0x0 c:/st/stm32cubeide_1.9.0/stm32cubeide/plugins/com.st.stm32cube.ide.mcu.externaltools.gnu-tools-for-stm32.10.3-2021.10.win32_1.0.0.202111181127/tools/bin/../lib/gcc/arm-none-eabi/10.3.1/thumb/v7e-m+dp/hard/crtbegin.o
                0x0000000020000224                . = ALIGN (0x4)

.bss            0x0000000020000224      0x2b8 load address 0x0000000008008750
                0x0000000020000224                _sbss = .
                0x0000000020000224                __bss_start__ = _sbss
 *(.bss)
 .bss           0x0000000020000224       0x1c c:/st/stm32cubeide_1.9.0/stm32cubeide/plugins/com.st.stm32cube.ide.mcu.externaltools.gnu-tools-for-stm32.10.3-2021.10.win32_1.0.0.202111181127/tools/bin/../lib/gcc/arm-none-eabi/10.3.1/thumb/v7e-m+dp/hard/crtbegin.o
 *(.bss*)
 .bss.hcrc      0x0000000020000240       0x24 ./Core/Src/crc.o
                0x0000000020000240                hcrc
 .bss.DCMI_Frame_Count.0
                0x0000000020000264        0x1 ./Core/Src/dcmi.o
 *fill*         0x0000000020000265        0x3 
 .bss.DCMI_Tick.1
                0x0000000020000268        0x4 ./Core/Src/dcmi.o
 .bss.OV5640_FPS
                0x000000002000026c        0x1 ./Core/Src/dcmi.o
                0x000000002000026c                OV5640_FPS
 .bss.OV5640_FrameState
                0x000000002000026d        0x1 ./Core/Src/dcmi.o
                0x000000002000026d                OV5640_FrameState
 *fill*         0x000000002000026e        0x2 
 .bss.hdcmi     0x0000000020000270       0x68 ./Core/Src/dcmi.o
                0x0000000020000270                hdcmi
 .bss.hdma_dcmi
                0x00000000200002d8       0x78 ./Core/Src/dcmi.o
                0x00000000200002d8                hdma_dcmi
 .bss.LCD       0x0000000020000350       0x10 ./Core/Src/lcd_spi_169.o
                0x0000000020000350                LCD
 .bss.hqspi     0x0000000020000360       0x4c ./Core/Src/quadspi.o
                0x0000000020000360                hqspi
 .bss.hspi5     0x00000000200003ac       0x88 ./Core/Src/spi.o
                0x00000000200003ac                hspi5
 .bss.__sbrk_heap_end
                0x0000000020000434        0x4 ./Core/Src/sysmem.o
 .bss.huart1    0x0000000020000438       0x90 ./Core/Src/usart.o
                0x0000000020000438                huart1
 .bss.uwTick    0x00000000200004c8        0x4 ./Drivers/STM32H7xx_HAL_Driver/Src/stm32h7xx_hal.o
                0x00000000200004c8                uwTick
 .bss.__malloc_free_list
                0x00000000200004cc        0x4 c:/st/stm32cubeide_1.9.0/stm32cubeide/plugins/com.st.stm32cube.ide.mcu.externaltools.gnu-tools-for-stm32.10.3-2021.10.win32_1.0.0.202111181127/tools/bin/../lib/gcc/arm-none-eabi/10.3.1/../../../../arm-none-eabi/lib/thumb/v7e-m+dp/hard\libc_nano.a(lib_a-nano-mallocr.o)
                0x00000000200004cc                __malloc_free_list
 .bss.__malloc_sbrk_start
                0x00000000200004d0        0x4 c:/st/stm32cubeide_1.9.0/stm32cubeide/plugins/com.st.stm32cube.ide.mcu.externaltools.gnu-tools-for-stm32.10.3-2021.10.win32_1.0.0.202111181127/tools/bin/../lib/gcc/arm-none-eabi/10.3.1/../../../../arm-none-eabi/lib/thumb/v7e-m+dp/hard\libc_nano.a(lib_a-nano-mallocr.o)
                0x00000000200004d0                __malloc_sbrk_start
 .bss.__lock___malloc_recursive_mutex
                0x00000000200004d4        0x1 c:/st/stm32cubeide_1.9.0/stm32cubeide/plugins/com.st.stm32cube.ide.mcu.externaltools.gnu-tools-for-stm32.10.3-2021.10.win32_1.0.0.202111181127/tools/bin/../lib/gcc/arm-none-eabi/10.3.1/../../../../arm-none-eabi/lib/thumb/v7e-m+dp/hard\libc_nano.a(lib_a-lock.o)
                0x00000000200004d4                __lock___malloc_recursive_mutex
 .bss.__lock___sfp_recursive_mutex
                0x00000000200004d5        0x1 c:/st/stm32cubeide_1.9.0/stm32cubeide/plugins/com.st.stm32cube.ide.mcu.externaltools.gnu-tools-for-stm32.10.3-2021.10.win32_1.0.0.202111181127/tools/bin/../lib/gcc/arm-none-eabi/10.3.1/../../../../arm-none-eabi/lib/thumb/v7e-m+dp/hard\libc_nano.a(lib_a-lock.o)
                0x00000000200004d5                __lock___sfp_recursive_mutex
 .bss.__lock___sinit_recursive_mutex
                0x00000000200004d6        0x1 c:/st/stm32cubeide_1.9.0/stm32cubeide/plugins/com.st.stm32cube.ide.mcu.externaltools.gnu-tools-for-stm32.10.3-2021.10.win32_1.0.0.202111181127/tools/bin/../lib/gcc/arm-none-eabi/10.3.1/../../../../arm-none-eabi/lib/thumb/v7e-m+dp/hard\libc_nano.a(lib_a-lock.o)
                0x00000000200004d6                __lock___sinit_recursive_mutex
 *fill*         0x00000000200004d7        0x1 
 .bss.errno     0x00000000200004d8        0x4 c:/st/stm32cubeide_1.9.0/stm32cubeide/plugins/com.st.stm32cube.ide.mcu.externaltools.gnu-tools-for-stm32.10.3-2021.10.win32_1.0.0.202111181127/tools/bin/../lib/gcc/arm-none-eabi/10.3.1/../../../../arm-none-eabi/lib/thumb/v7e-m+dp/hard\libc_nano.a(lib_a-reent.o)
                0x00000000200004d8                errno
 *(COMMON)
                0x00000000200004dc                . = ALIGN (0x4)
                0x00000000200004dc                _ebss = .
                0x00000000200004dc                __bss_end__ = _ebss

.ext1flash_section
                0x0000000090000000    0x64d30
                0x0000000090000000                . = ALIGN (0x4)
 *(.ExternalFlashSection)
 .ExternalFlashSection
                0x0000000090000000    0x64d30 ./X-CUBE-AI/App/network_data_params.o
                0x0000000090000000                s_network_dense_69_bias_array_u64
                0x0000000090000020                s_network_dense_69_weights_array_u64
                0x0000000090000a20                s_network_conv2d_67_bias_array_u64
                0x0000000090001e20                s_network_conv2d_67_weights_array_u64
                0x0000000090024e20                s_network_conv2d_66_bias_array_u64
                0x0000000090024fe0                s_network_conv2d_66_weights_array_u64
                0x000000009002e2e0                s_network_conv2d_65_bias_array_u64
                0x000000009002e820                s_network_conv2d_65_weights_array_u64
                0x000000009002f400                s_network_conv2d_64_bias_array_u64
                0x000000009002f940                s_network_conv2d_64_weights_array_u64
                0x00000000900342c0                s_network_conv2d_62_bias_array_u64
                0x00000000900343a0                s_network_conv2d_62_weights_array_u64
                0x0000000090038d20                s_network_conv2d_61_bias_array_u64
                0x0000000090039260                s_network_conv2d_61_weights_array_u64
                0x0000000090039e40                s_network_conv2d_60_bias_array_u64
                0x000000009003a380                s_network_conv2d_60_weights_array_u64
                0x000000009003ed00                s_network_conv2d_58_bias_array_u64
                0x000000009003ede0                s_network_conv2d_58_weights_array_u64
                0x0000000090043760                s_network_conv2d_57_bias_array_u64
                0x0000000090043ca0                s_network_conv2d_57_weights_array_u64
                0x0000000090044880                s_network_conv2d_56_bias_array_u64
                0x0000000090044dc0                s_network_conv2d_56_weights_array_u64
                0x0000000090049740                s_network_conv2d_55_bias_array_u64
                0x0000000090049820                s_network_conv2d_55_weights_array_u64
                0x000000009004c220                s_network_conv2d_54_bias_array_u64
                0x000000009004c520                s_network_conv2d_54_weights_array_u64
                0x000000009004cbe0                s_network_conv2d_52_bias_array_u64
                0x000000009004cee0                s_network_conv2d_52_weights_array_u64
                0x000000009004e6e0                s_network_conv2d_50_bias_array_u64
                0x000000009004e760                s_network_conv2d_50_weights_array_u64
                0x000000009004ff60                s_network_conv2d_49_bias_array_u64
                0x0000000090050260                s_network_conv2d_49_weights_array_u64
                0x0000000090050920                s_network_conv2d_48_bias_array_u64
                0x0000000090050c20                s_network_conv2d_48_weights_array_u64
                0x0000000090052420                s_network_conv2d_46_bias_array_u64
                0x00000000900524a0                s_network_conv2d_46_weights_array_u64
                0x0000000090053ca0                s_network_conv2d_45_bias_array_u64
                0x0000000090053fa0                s_network_conv2d_45_weights_array_u64
                0x0000000090054660                s_network_conv2d_44_bias_array_u64
                0x0000000090054960                s_network_conv2d_44_weights_array_u64
                0x0000000090056160                s_network_conv2d_43_bias_array_u64
                0x00000000900561e0                s_network_conv2d_43_weights_array_u64
                0x00000000900573e0                s_network_conv2d_42_bias_array_u64
                0x0000000090057620                s_network_conv2d_42_weights_array_u64
                0x0000000090057b40                s_network_conv2d_41_bias_array_u64
                0x0000000090057d80                s_network_conv2d_41_weights_array_u64
                0x0000000090058b00                s_network_conv2d_39_bias_array_u64
                0x0000000090058b60                s_network_conv2d_39_weights_array_u64
                0x00000000900598e0                s_network_conv2d_38_bias_array_u64
                0x0000000090059b20                s_network_conv2d_38_weights_array_u64
                0x000000009005a040                s_network_conv2d_37_bias_array_u64
                0x000000009005a280                s_network_conv2d_37_weights_array_u64
                0x000000009005b000                s_network_conv2d_35_bias_array_u64
                0x000000009005b060                s_network_conv2d_35_weights_array_u64
                0x000000009005bde0                s_network_conv2d_34_bias_array_u64
                0x000000009005c020                s_network_conv2d_34_weights_array_u64
                0x000000009005c540                s_network_conv2d_33_bias_array_u64
                0x000000009005c780                s_network_conv2d_33_weights_array_u64
                0x000000009005d500                s_network_conv2d_31_bias_array_u64
                0x000000009005d560                s_network_conv2d_31_weights_array_u64
                0x000000009005e2e0                s_network_conv2d_30_bias_array_u64
                0x000000009005e520                s_network_conv2d_30_weights_array_u64
                0x000000009005ea40                s_network_conv2d_29_bias_array_u64
                0x000000009005ec80                s_network_conv2d_29_weights_array_u64
                0x000000009005fa00                s_network_conv2d_28_bias_array_u64
                0x000000009005fa60                s_network_conv2d_28_weights_array_u64
                0x0000000090060360                s_network_conv2d_27_bias_array_u64
                0x00000000900604e0                s_network_conv2d_27_weights_array_u64
                0x0000000090060840                s_network_conv2d_25_bias_array_u64
                0x00000000900609c0                s_network_conv2d_25_weights_array_u64
                0x0000000090060fc0                s_network_conv2d_23_bias_array_u64
                0x0000000090061000                s_network_conv2d_23_weights_array_u64
                0x0000000090061600                s_network_conv2d_22_bias_array_u64
                0x0000000090061780                s_network_conv2d_22_weights_array_u64
                0x0000000090061ae0                s_network_conv2d_21_bias_array_u64
                0x0000000090061c60                s_network_conv2d_21_weights_array_u64
                0x0000000090062260                s_network_conv2d_19_bias_array_u64
                0x00000000900622a0                s_network_conv2d_19_weights_array_u64
                0x00000000900628a0                s_network_conv2d_18_bias_array_u64
                0x0000000090062a20                s_network_conv2d_18_weights_array_u64
                0x0000000090062d80                s_network_conv2d_17_bias_array_u64
                0x0000000090062f00                s_network_conv2d_17_weights_array_u64
                0x0000000090063500                s_network_conv2d_16_bias_array_u64
                0x0000000090063540                s_network_conv2d_16_weights_array_u64
                0x0000000090063840                s_network_conv2d_15_bias_array_u64
                0x0000000090063900                s_network_conv2d_15_weights_array_u64
                0x0000000090063ac0                s_network_conv2d_13_bias_array_u64
                0x0000000090063b80                s_network_conv2d_13_weights_array_u64
                0x0000000090063d00                s_network_conv2d_11_bias_array_u64
                0x0000000090063d20                s_network_conv2d_11_weights_array_u64
                0x0000000090063ea0                s_network_conv2d_10_bias_array_u64
                0x0000000090063f60                s_network_conv2d_10_weights_array_u64
                0x0000000090064120                s_network_conv2d_9_bias_array_u64
                0x00000000900641e0                s_network_conv2d_9_weights_array_u64
                0x0000000090064360                s_network_conv2d_8_bias_array_u64
                0x0000000090064380                s_network_conv2d_8_weights_array_u64
                0x0000000090064500                s_network_conv2d_7_bias_array_u64
                0x00000000900645c0                s_network_conv2d_7_weights_array_u64
                0x0000000090064780                s_network_conv2d_5_bias_array_u64
                0x0000000090064840                s_network_conv2d_5_weights_array_u64
                0x00000000900649c0                s_network_conv2d_4_bias_array_u64
                0x00000000900649e0                s_network_conv2d_4_weights_array_u64
                0x0000000090064a60                s_network_conv2d_3_bias_array_u64
                0x0000000090064aa0                s_network_conv2d_3_weights_array_u64
                0x0000000090064b40                s_network_conv2d_2_bias_array_u64
                0x0000000090064b80                s_network_conv2d_2_weights_array_u64

.rel.dyn        0x0000000090064d30        0x0
 .rel.iplt      0x0000000090064d30        0x0 c:/st/stm32cubeide_1.9.0/stm32cubeide/plugins/com.st.stm32cube.ide.mcu.externaltools.gnu-tools-for-stm32.10.3-2021.10.win32_1.0.0.202111181127/tools/bin/../lib/gcc/arm-none-eabi/10.3.1/thumb/v7e-m+dp/hard/crtbegin.o

._user_heap_stack
                0x00000000200004dc     0x5004
                0x00000000200004e0                . = ALIGN (0x8)
 *fill*         0x00000000200004dc        0x4 
                [!provide]                        PROVIDE (end = .)
                0x00000000200004e0                PROVIDE (_end = .)
                0x00000000200034e0                . = (. + _Min_Heap_Size)
 *fill*         0x00000000200004e0     0x3000 
                0x00000000200054e0                . = (. + _Min_Stack_Size)
 *fill*         0x00000000200034e0     0x2000 
                0x00000000200054e0                . = ALIGN (0x8)

/DISCARD/
 libc.a(*)
 libm.a(*)
 libgcc.a(*)

.ARM.attributes
                0x0000000000000000       0x2e
 *(.ARM.attributes)
 .ARM.attributes
                0x0000000000000000       0x1e c:/st/stm32cubeide_1.9.0/stm32cubeide/plugins/com.st.stm32cube.ide.mcu.externaltools.gnu-tools-for-stm32.10.3-2021.10.win32_1.0.0.202111181127/tools/bin/../lib/gcc/arm-none-eabi/10.3.1/thumb/v7e-m+dp/hard/crti.o
 .ARM.attributes
                0x000000000000001e       0x32 c:/st/stm32cubeide_1.9.0/stm32cubeide/plugins/com.st.stm32cube.ide.mcu.externaltools.gnu-tools-for-stm32.10.3-2021.10.win32_1.0.0.202111181127/tools/bin/../lib/gcc/arm-none-eabi/10.3.1/thumb/v7e-m+dp/hard/crtbegin.o
 .ARM.attributes
                0x0000000000000050       0x32 ./Core/Src/crc.o
 .ARM.attributes
                0x0000000000000082       0x32 ./Core/Src/dcmi.o
 .ARM.attributes
                0x00000000000000b4       0x32 ./Core/Src/dma.o
 .ARM.attributes
                0x00000000000000e6       0x32 ./Core/Src/gpio.o
 .ARM.attributes
                0x0000000000000118       0x32 ./Core/Src/lcd_spi_169.o
 .ARM.attributes
                0x000000000000014a       0x32 ./Core/Src/main.o
 .ARM.attributes
                0x000000000000017c       0x32 ./Core/Src/quadspi.o
 .ARM.attributes
                0x00000000000001ae       0x32 ./Core/Src/sccb.o
 .ARM.attributes
                0x00000000000001e0       0x32 ./Core/Src/spi.o
 .ARM.attributes
                0x0000000000000212       0x32 ./Core/Src/stm32h7xx_hal_msp.o
 .ARM.attributes
                0x0000000000000244       0x32 ./Core/Src/stm32h7xx_it.o
 .ARM.attributes
                0x0000000000000276       0x32 ./Core/Src/sysmem.o
 .ARM.attributes
                0x00000000000002a8       0x32 ./Core/Src/system_stm32h7xx.o
 .ARM.attributes
                0x00000000000002da       0x32 ./Core/Src/usart.o
 .ARM.attributes
                0x000000000000030c       0x21 ./Core/Startup/startup_stm32h750xbhx.o
 .ARM.attributes
                0x000000000000032d       0x32 ./Drivers/STM32H7xx_HAL_Driver/Src/stm32h7xx_hal.o
 .ARM.attributes
                0x000000000000035f       0x32 ./Drivers/STM32H7xx_HAL_Driver/Src/stm32h7xx_hal_cortex.o
 .ARM.attributes
                0x0000000000000391       0x32 ./Drivers/STM32H7xx_HAL_Driver/Src/stm32h7xx_hal_crc.o
 .ARM.attributes
                0x00000000000003c3       0x32 ./Drivers/STM32H7xx_HAL_Driver/Src/stm32h7xx_hal_crc_ex.o
 .ARM.attributes
                0x00000000000003f5       0x32 ./Drivers/STM32H7xx_HAL_Driver/Src/stm32h7xx_hal_dcmi.o
 .ARM.attributes
                0x0000000000000427       0x32 ./Drivers/STM32H7xx_HAL_Driver/Src/stm32h7xx_hal_dma.o
 .ARM.attributes
                0x0000000000000459       0x32 ./Drivers/STM32H7xx_HAL_Driver/Src/stm32h7xx_hal_dma_ex.o
 .ARM.attributes
                0x000000000000048b       0x32 ./Drivers/STM32H7xx_HAL_Driver/Src/stm32h7xx_hal_gpio.o
 .ARM.attributes
                0x00000000000004bd       0x32 ./Drivers/STM32H7xx_HAL_Driver/Src/stm32h7xx_hal_pwr_ex.o
 .ARM.attributes
                0x00000000000004ef       0x32 ./Drivers/STM32H7xx_HAL_Driver/Src/stm32h7xx_hal_qspi.o
 .ARM.attributes
                0x0000000000000521       0x32 ./Drivers/STM32H7xx_HAL_Driver/Src/stm32h7xx_hal_rcc.o
 .ARM.attributes
                0x0000000000000553       0x32 ./Drivers/STM32H7xx_HAL_Driver/Src/stm32h7xx_hal_rcc_ex.o
 .ARM.attributes
                0x0000000000000585       0x32 ./Drivers/STM32H7xx_HAL_Driver/Src/stm32h7xx_hal_spi.o
 .ARM.attributes
                0x00000000000005b7       0x32 ./Drivers/STM32H7xx_HAL_Driver/Src/stm32h7xx_hal_uart.o
 .ARM.attributes
                0x00000000000005e9       0x32 ./Drivers/STM32H7xx_HAL_Driver/Src/stm32h7xx_hal_uart_ex.o
 .ARM.attributes
                0x000000000000061b       0x32 ./X-CUBE-AI/App/network_data.o
 .ARM.attributes
                0x000000000000064d       0x32 ./X-CUBE-AI/App/network_data_params.o
 .ARM.attributes
                0x000000000000067f       0x32 c:/st/stm32cubeide_1.9.0/stm32cubeide/plugins/com.st.stm32cube.ide.mcu.externaltools.gnu-tools-for-stm32.10.3-2021.10.win32_1.0.0.202111181127/tools/bin/../lib/gcc/arm-none-eabi/10.3.1/../../../../arm-none-eabi/lib/thumb/v7e-m+dp/hard\libc_nano.a(lib_a-errno.o)
 .ARM.attributes
                0x00000000000006b1       0x32 c:/st/stm32cubeide_1.9.0/stm32cubeide/plugins/com.st.stm32cube.ide.mcu.externaltools.gnu-tools-for-stm32.10.3-2021.10.win32_1.0.0.202111181127/tools/bin/../lib/gcc/arm-none-eabi/10.3.1/../../../../arm-none-eabi/lib/thumb/v7e-m+dp/hard\libc_nano.a(lib_a-impure.o)
 .ARM.attributes
                0x00000000000006e3       0x32 c:/st/stm32cubeide_1.9.0/stm32cubeide/plugins/com.st.stm32cube.ide.mcu.externaltools.gnu-tools-for-stm32.10.3-2021.10.win32_1.0.0.202111181127/tools/bin/../lib/gcc/arm-none-eabi/10.3.1/../../../../arm-none-eabi/lib/thumb/v7e-m+dp/hard\libc_nano.a(lib_a-init.o)
 .ARM.attributes
                0x0000000000000715       0x32 c:/st/stm32cubeide_1.9.0/stm32cubeide/plugins/com.st.stm32cube.ide.mcu.externaltools.gnu-tools-for-stm32.10.3-2021.10.win32_1.0.0.202111181127/tools/bin/../lib/gcc/arm-none-eabi/10.3.1/../../../../arm-none-eabi/lib/thumb/v7e-m+dp/hard\libc_nano.a(lib_a-memset.o)
 .ARM.attributes
                0x0000000000000747       0x32 c:/st/stm32cubeide_1.9.0/stm32cubeide/plugins/com.st.stm32cube.ide.mcu.externaltools.gnu-tools-for-stm32.10.3-2021.10.win32_1.0.0.202111181127/tools/bin/../lib/gcc/arm-none-eabi/10.3.1/../../../../arm-none-eabi/lib/thumb/v7e-m+dp/hard\libc_nano.a(lib_a-nano-freer.o)
 .ARM.attributes
                0x0000000000000779       0x32 c:/st/stm32cubeide_1.9.0/stm32cubeide/plugins/com.st.stm32cube.ide.mcu.externaltools.gnu-tools-for-stm32.10.3-2021.10.win32_1.0.0.202111181127/tools/bin/../lib/gcc/arm-none-eabi/10.3.1/../../../../arm-none-eabi/lib/thumb/v7e-m+dp/hard\libc_nano.a(lib_a-nano-mallocr.o)
 .ARM.attributes
                0x00000000000007ab       0x32 c:/st/stm32cubeide_1.9.0/stm32cubeide/plugins/com.st.stm32cube.ide.mcu.externaltools.gnu-tools-for-stm32.10.3-2021.10.win32_1.0.0.202111181127/tools/bin/../lib/gcc/arm-none-eabi/10.3.1/../../../../arm-none-eabi/lib/thumb/v7e-m+dp/hard\libc_nano.a(lib_a-printf.o)
 .ARM.attributes
                0x00000000000007dd       0x32 c:/st/stm32cubeide_1.9.0/stm32cubeide/plugins/com.st.stm32cube.ide.mcu.externaltools.gnu-tools-for-stm32.10.3-2021.10.win32_1.0.0.202111181127/tools/bin/../lib/gcc/arm-none-eabi/10.3.1/../../../../arm-none-eabi/lib/thumb/v7e-m+dp/hard\libc_nano.a(lib_a-puts.o)
 .ARM.attributes