Archive member included to satisfy reference by file (symbol)

c:/progra~1/stmicr~1/stm32c~1/gcc-ar~1/bin/../lib/gcc/arm-none-eabi/10.3.1/thumb/v7e-m/nofp\libgcc.a(_arm_mulsf3.o)
                              CMakeFiles/STM32H750XBH6.elf.dir/Core/Src/lcd_spi_169.c.obj (__aeabi_fmul)
c:/progra~1/stmicr~1/stm32c~1/gcc-ar~1/bin/../lib/gcc/arm-none-eabi/10.3.1/thumb/v7e-m/nofp\libgcc.a(_arm_addsubsf3.o)
                              CMakeFiles/STM32H750XBH6.elf.dir/Core/Src/system_stm32h7xx.c.obj (__aeabi_fadd)
c:/progra~1/stmicr~1/stm32c~1/gcc-ar~1/bin/../lib/gcc/arm-none-eabi/10.3.1/thumb/v7e-m/nofp\libgcc.a(_arm_muldivsf3.o)
                              CMakeFiles/STM32H750XBH6.elf.dir/Core/Src/lcd_spi_169.c.obj (__aeabi_fdiv)
c:/progra~1/stmicr~1/stm32c~1/gcc-ar~1/bin/../lib/gcc/arm-none-eabi/10.3.1/thumb/v7e-m/nofp\libgcc.a(_arm_cmpsf2.o)
                              CMakeFiles/STM32H750XBH6.elf.dir/Core/Src/lcd_spi_169.c.obj (__aeabi_fcmplt)
c:/progra~1/stmicr~1/stm32c~1/gcc-ar~1/bin/../lib/gcc/arm-none-eabi/10.3.1/thumb/v7e-m/nofp\libgcc.a(_arm_fixunssfsi.o)
                              CMakeFiles/STM32H750XBH6.elf.dir/Core/Src/lcd_spi_169.c.obj (__aeabi_f2uiz)
c:/progra~1/stmicr~1/stm32c~1/gcc-ar~1/bin/../lib/gcc/arm-none-eabi/10.3.1/thumb/v7e-m/nofp\libgcc.a(_aeabi_ldivmod.o)
                              CMakeFiles/STM32H750XBH6.elf.dir/Drivers/STM32H7xx_HAL_Driver/Src/stm32h7xx_hal_uart.c.obj (__aeabi_ldivmod)
c:/progra~1/stmicr~1/stm32c~1/gcc-ar~1/bin/../lib/gcc/arm-none-eabi/10.3.1/thumb/v7e-m/nofp\libgcc.a(_aeabi_uldivmod.o)
                              CMakeFiles/STM32H750XBH6.elf.dir/Drivers/STM32H7xx_HAL_Driver/Src/stm32h7xx_hal_uart.c.obj (__aeabi_uldivmod)
c:/progra~1/stmicr~1/stm32c~1/gcc-ar~1/bin/../lib/gcc/arm-none-eabi/10.3.1/thumb/v7e-m/nofp\libgcc.a(_udivmoddi4.o)
                              c:/progra~1/stmicr~1/stm32c~1/gcc-ar~1/bin/../lib/gcc/arm-none-eabi/10.3.1/thumb/v7e-m/nofp\libgcc.a(_aeabi_ldivmod.o) (__udivmoddi4)
c:/progra~1/stmicr~1/stm32c~1/gcc-ar~1/bin/../lib/gcc/arm-none-eabi/10.3.1/thumb/v7e-m/nofp\libgcc.a(_dvmd_tls.o)
                              c:/progra~1/stmicr~1/stm32c~1/gcc-ar~1/bin/../lib/gcc/arm-none-eabi/10.3.1/thumb/v7e-m/nofp\libgcc.a(_aeabi_ldivmod.o) (__aeabi_ldiv0)
c:/progra~1/stmicr~1/stm32c~1/gcc-ar~1/bin/../lib/gcc/arm-none-eabi/10.3.1/../../../../arm-none-eabi/lib/thumb/v7e-m/nofp\libc.a(lib_a-errno.o)
                              CMakeFiles/STM32H750XBH6.elf.dir/Core/Src/syscalls.c.obj (__errno)
c:/progra~1/stmicr~1/stm32c~1/gcc-ar~1/bin/../lib/gcc/arm-none-eabi/10.3.1/../../../../arm-none-eabi/lib/thumb/v7e-m/nofp\libc.a(lib_a-exit.o)
                              c:/progra~1/stmicr~1/stm32c~1/gcc-ar~1/bin/../lib/gcc/arm-none-eabi/10.3.1/../../../../arm-none-eabi/lib/thumb/v7e-m/nofp/crt0.o (exit)
c:/progra~1/stmicr~1/stm32c~1/gcc-ar~1/bin/../lib/gcc/arm-none-eabi/10.3.1/../../../../arm-none-eabi/lib/thumb/v7e-m/nofp\libc.a(lib_a-impure.o)
                              c:/progra~1/stmicr~1/stm32c~1/gcc-ar~1/bin/../lib/gcc/arm-none-eabi/10.3.1/../../../../arm-none-eabi/lib/thumb/v7e-m/nofp\libc.a(lib_a-exit.o) (_global_impure_ptr)
c:/progra~1/stmicr~1/stm32c~1/gcc-ar~1/bin/../lib/gcc/arm-none-eabi/10.3.1/../../../../arm-none-eabi/lib/thumb/v7e-m/nofp\libc.a(lib_a-init.o)
                              c:/progra~1/stmicr~1/stm32c~1/gcc-ar~1/bin/../lib/gcc/arm-none-eabi/10.3.1/../../../../arm-none-eabi/lib/thumb/v7e-m/nofp/crt0.o (__libc_init_array)
c:/progra~1/stmicr~1/stm32c~1/gcc-ar~1/bin/../lib/gcc/arm-none-eabi/10.3.1/../../../../arm-none-eabi/lib/thumb/v7e-m/nofp\libc.a(lib_a-memset.o)
                              c:/progra~1/stmicr~1/stm32c~1/gcc-ar~1/bin/../lib/gcc/arm-none-eabi/10.3.1/../../../../arm-none-eabi/lib/thumb/v7e-m/nofp/crt0.o (memset)
c:/progra~1/stmicr~1/stm32c~1/gcc-ar~1/bin/../lib/gcc/arm-none-eabi/10.3.1/../../../../arm-none-eabi/lib/thumb/v7e-m/nofp\libc.a(lib_a-printf.o)
                              CMakeFiles/STM32H750XBH6.elf.dir/Core/Src/dcmi.c.obj (printf)
c:/progra~1/stmicr~1/stm32c~1/gcc-ar~1/bin/../lib/gcc/arm-none-eabi/10.3.1/../../../../arm-none-eabi/lib/thumb/v7e-m/nofp\libc.a(lib_a-puts.o)
                              CMakeFiles/STM32H750XBH6.elf.dir/Core/Src/dcmi.c.obj (puts)
c:/progra~1/stmicr~1/stm32c~1/gcc-ar~1/bin/../lib/gcc/arm-none-eabi/10.3.1/../../../../arm-none-eabi/lib/thumb/v7e-m/nofp\libc.a(lib_a-strlen.o)
                              c:/progra~1/stmicr~1/stm32c~1/gcc-ar~1/bin/../lib/gcc/arm-none-eabi/10.3.1/../../../../arm-none-eabi/lib/thumb/v7e-m/nofp\libc.a(lib_a-puts.o) (strlen)
c:/progra~1/stmicr~1/stm32c~1/gcc-ar~1/bin/../lib/gcc/arm-none-eabi/10.3.1/../../../../arm-none-eabi/lib/thumb/v7e-m/nofp\libc.a(lib_a-vfprintf.o)
                              c:/progra~1/stmicr~1/stm32c~1/gcc-ar~1/bin/../lib/gcc/arm-none-eabi/10.3.1/../../../../arm-none-eabi/lib/thumb/v7e-m/nofp\libc.a(lib_a-printf.o) (_vfprintf_r)
[...]
Memory Configuration

Name             Origin             Length             Attributes
FLASH            0x08000000         0x00020000         xr
DTCMRAM          0x20000000         0x00020000         xrw
RAM_D1           0x24000000         0x00080000         xrw
RAM_D2           0x30000000         0x00048000         xrw
RAM_D3           0x38000000         0x00010000         xrw
ITCMRAM          0x00000000         0x00010000         xrw
*default*        0x00000000         0xffffffff

Linker script and memory map

LOAD c:/progra~1/stmicr~1/stm32c~1/gcc-ar~1/bin/../lib/gcc/arm-none-eabi/10.3.1/thumb/v7e-m/nofp/crti.o
LOAD c:/progra~1/stmicr~1/stm32c~1/gcc-ar~1/bin/../lib/gcc/arm-none-eabi/10.3.1/thumb/v7e-m/nofp/crtbegin.o
LOAD c:/progra~1/stmicr~1/stm32c~1/gcc-ar~1/bin/../lib/gcc/arm-none-eabi/10.3.1/../../../../arm-none-eabi/lib/thumb/v7e-m/nofp/crt0.o
LOAD CMakeFiles/STM32H750XBH6.elf.dir/Core/Src/crc.c.obj
LOAD CMakeFiles/STM32H750XBH6.elf.dir/Core/Src/dcmi.c.obj
LOAD CMakeFiles/STM32H750XBH6.elf.dir/Core/Src/dma.c.obj
LOAD CMakeFiles/STM32H750XBH6.elf.dir/Core/Src/gpio.c.obj
LOAD CMakeFiles/STM32H750XBH6.elf.dir/Core/Src/lcd_spi_169.c.obj
LOAD CMakeFiles/STM32H750XBH6.elf.dir/Core/Src/main.c.obj
LOAD CMakeFiles/STM32H750XBH6.elf.dir/Core/Src/quadspi.c.obj
LOAD CMakeFiles/STM32H750XBH6.elf.dir/Core/Src/sccb.c.obj
LOAD CMakeFiles/STM32H750XBH6.elf.dir/Core/Src/spi.c.obj
LOAD CMakeFiles/STM32H750XBH6.elf.dir/Core/Src/stm32h7xx_hal_msp.c.obj
LOAD CMakeFiles/STM32H750XBH6.elf.dir/Core/Src/stm32h7xx_it.c.obj
LOAD CMakeFiles/STM32H750XBH6.elf.dir/Core/Src/syscalls.c.obj
LOAD CMakeFiles/STM32H750XBH6.elf.dir/Core/Src/sysmem.c.obj
LOAD CMakeFiles/STM32H750XBH6.elf.dir/Core/Src/system_stm32h7xx.c.obj
LOAD CMakeFiles/STM32H750XBH6.elf.dir/Core/Src/usart.c.obj
LOAD CMakeFiles/STM32H750XBH6.elf.dir/Core/Startup/startup_stm32h750xbhx.s.obj
LOAD CMakeFiles/STM32H750XBH6.elf.dir/Drivers/STM32H7xx_HAL_Driver/Src/stm32h7xx_hal.c.obj
LOAD CMakeFiles/STM32H750XBH6.elf.dir/Drivers/STM32H7xx_HAL_Driver/Src/stm32h7xx_hal_cortex.c.obj
LOAD CMakeFiles/STM32H750XBH6.elf.dir/Drivers/STM32H7xx_HAL_Driver/Src/stm32h7xx_hal_crc.c.obj
LOAD CMakeFiles/STM32H750XBH6.elf.dir/Drivers/STM32H7xx_HAL_Driver/Src/stm32h7xx_hal_crc_ex.c.obj
LOAD CMakeFiles/STM32H750XBH6.elf.dir/Drivers/STM32H7xx_HAL_Driver/Src/stm32h7xx_hal_dcmi.c.obj
LOAD CMakeFiles/STM32H750XBH6.elf.dir/Drivers/STM32H7xx_HAL_Driver/Src/stm32h7xx_hal_dma.c.obj
LOAD CMakeFiles/STM32H750XBH6.elf.dir/Drivers/STM32H7xx_HAL_Driver/Src/stm32h7xx_hal_dma_ex.c.obj
LOAD CMakeFiles/STM32H750XBH6.elf.dir/Drivers/STM32H7xx_HAL_Driver/Src/stm32h7xx_hal_exti.c.obj
LOAD CMakeFiles/STM32H750XBH6.elf.dir/Drivers/STM32H7xx_HAL_Driver/Src/stm32h7xx_hal_flash.c.obj
LOAD CMakeFiles/STM32H750XBH6.elf.dir/Drivers/STM32H7xx_HAL_Driver/Src/stm32h7xx_hal_flash_ex.c.obj
LOAD CMakeFiles/STM32H750XBH6.elf.dir/Drivers/STM32H7xx_HAL_Driver/Src/stm32h7xx_hal_gpio.c.obj
LOAD CMakeFiles/STM32H750XBH6.elf.dir/Drivers/STM32H7xx_HAL_Driver/Src/stm32h7xx_hal_hsem.c.obj
LOAD CMakeFiles/STM32H750XBH6.elf.dir/Drivers/STM32H7xx_HAL_Driver/Src/stm32h7xx_hal_i2c.c.obj
LOAD CMakeFiles/STM32H750XBH6.elf.dir/Drivers/STM32H7xx_HAL_Driver/Src/stm32h7xx_hal_i2c_ex.c.obj
LOAD CMakeFiles/STM32H750XBH6.elf.dir/Drivers/STM32H7xx_HAL_Driver/Src/stm32h7xx_hal_mdma.c.obj
LOAD CMakeFiles/STM32H750XBH6.elf.dir/Drivers/STM32H7xx_HAL_Driver/Src/stm32h7xx_hal_pwr.c.obj
LOAD CMakeFiles/STM32H750XBH6.elf.dir/Drivers/STM32H7xx_HAL_Driver/Src/stm32h7xx_hal_pwr_ex.c.obj
LOAD CMakeFiles/STM32H750XBH6.elf.dir/Drivers/STM32H7xx_HAL_Driver/Src/stm32h7xx_hal_qspi.c.obj
LOAD CMakeFiles/STM32H750XBH6.elf.dir/Drivers/STM32H7xx_HAL_Driver/Src/stm32h7xx_hal_rcc.c.obj
LOAD CMakeFiles/STM32H750XBH6.elf.dir/Drivers/STM32H7xx_HAL_Driver/Src/stm32h7xx_hal_rcc_ex.c.obj
LOAD CMakeFiles/STM32H750XBH6.elf.dir/Drivers/STM32H7xx_HAL_Driver/Src/stm32h7xx_hal_spi.c.obj
LOAD CMakeFiles/STM32H750XBH6.elf.dir/Drivers/STM32H7xx_HAL_Driver/Src/stm32h7xx_hal_spi_ex.c.obj
LOAD CMakeFiles/STM32H750XBH6.elf.dir/Drivers/STM32H7xx_HAL_Driver/Src/stm32h7xx_hal_tim.c.obj
LOAD CMakeFiles/STM32H750XBH6.elf.dir/Drivers/STM32H7xx_HAL_Driver/Src/stm32h7xx_hal_tim_ex.c.obj
LOAD CMakeFiles/STM32H750XBH6.elf.dir/Drivers/STM32H7xx_HAL_Driver/Src/stm32h7xx_hal_uart.c.obj
LOAD CMakeFiles/STM32H750XBH6.elf.dir/Drivers/STM32H7xx_HAL_Driver/Src/stm32h7xx_hal_uart_ex.c.obj
START GROUP
LOAD c:/progra~1/stmicr~1/stm32c~1/gcc-ar~1/bin/../lib/gcc/arm-none-eabi/10.3.1/thumb/v7e-m/nofp\libgcc.a
LOAD c:/progra~1/stmicr~1/stm32c~1/gcc-ar~1/bin/../lib/gcc/arm-none-eabi/10.3.1/../../../../arm-none-eabi/lib/thumb/v7e-m/nofp\libc.a
END GROUP
LOAD c:/progra~1/stmicr~1/stm32c~1/gcc-ar~1/bin/../lib/gcc/arm-none-eabi/10.3.1/thumb/v7e-m/nofp/crtend.o
LOAD c:/progra~1/stmicr~1/stm32c~1/gcc-ar~1/bin/../lib/gcc/arm-none-eabi/10.3.1/thumb/v7e-m/nofp/crtn.o
                0x24080000                _estack = (ORIGIN (RAM_D1) + LENGTH (RAM_D1))
                0x00003000                _Min_Heap_Size = 0x3000
                0x00002000                _Min_Stack_Size = 0x2000

.isr_vector     0x08000000      0x298
                0x08000000                . = ALIGN (0x4)
 *(.isr_vector)
 .isr_vector    0x08000000      0x298 CMakeFiles/STM32H750XBH6.elf.dir/Core/Startup/startup_stm32h750xbhx.s.obj
                0x08000000                g_pfnVectors
                0x08000298                . = ALIGN (0x4)

.text           0x080002c0     0xcdb0
                0x080002c0                . = ALIGN (0x4)
 *(.text)
 .text          0x080002c0       0x40 c:/progra~1/stmicr~1/stm32c~1/gcc-ar~1/bin/../lib/gcc/arm-none-eabi/10.3.1/thumb/v7e-m/nofp/crtbegin.o
 .text          0x08000300      0x21c c:/progra~1/stmicr~1/stm32c~1/gcc-ar~1/bin/../lib/gcc/arm-none-eabi/10.3.1/thumb/v7e-m/nofp\libgcc.a(_arm_addsubsf3.o)
                0x08000300                __aeabi_frsub
                0x08000308                __subsf3
                0x08000308                __aeabi_fsub
                0x0800030c                __aeabi_fadd
                0x0800030c                __addsf3
                0x0800046c                __aeabi_ui2f
                0x0800046c                __floatunsisf
                0x08000474                __aeabi_i2f
                0x08000474                __floatsisf
                0x08000490                __aeabi_ul2f
                0x08000490                __floatundisf
                0x080004a0                __aeabi_l2f
                0x080004a0                __floatdisf
 .text          0x0800051c      0x2a0 c:/progra~1/stmicr~1/stm32c~1/gcc-ar~1/bin/../lib/gcc/arm-none-eabi/10.3.1/thumb/v7e-m/nofp\libgcc.a(_arm_muldivsf3.o)
                0x0800051c                __mulsf3
                0x0800051c                __aeabi_fmul
                0x08000684                __aeabi_fdiv
                0x08000684                __divsf3
 .text          0x080007bc       0x40 c:/progra~1/stmicr~1/stm32c~1/gcc-ar~1/bin/../lib/gcc/arm-none-eabi/10.3.1/thumb/v7e-m/nofp\libgcc.a(_arm_fixunssfsi.o)
                0x080007bc                __fixunssfsi
                0x080007bc                __aeabi_f2uiz
 .text          0x080007fc       0x30 c:/progra~1/stmicr~1/stm32c~1/gcc-ar~1/bin/../lib/gcc/arm-none-eabi/10.3.1/thumb/v7e-m/nofp\libgcc.a(_aeabi_uldivmod.o)
                0x080007fc                __aeabi_uldivmod
 .text          0x0800082c      0x2d0 c:/progra~1/stmicr~1/stm32c~1/gcc-ar~1/bin/../lib/gcc/arm-none-eabi/10.3.1/thumb/v7e-m/nofp\libgcc.a(_udivmoddi4.o)
                0x0800082c                __udivmoddi4
 .text          0x08000afc        0x4 c:/progra~1/stmicr~1/stm32c~1/gcc-ar~1/bin/../lib/gcc/arm-none-eabi/10.3.1/thumb/v7e-m/nofp\libgcc.a(_dvmd_tls.o)
                0x08000afc                __aeabi_idiv0
                0x08000afc                __aeabi_ldiv0
 .text          0x08000b00       0xdc c:/progra~1/stmicr~1/stm32c~1/gcc-ar~1/bin/../lib/gcc/arm-none-eabi/10.3.1/../../../../arm-none-eabi/lib/thumb/v7e-m/nofp\libc.a(lib_a-strlen.o)
                0x08000b00                strlen
 *fill*         0x08000bdc        0x4 
 .text          0x08000be0       0xa0 c:/progra~1/stmicr~1/stm32c~1/gcc-ar~1/bin/../lib/gcc/arm-none-eabi/10.3.1/../../../../arm-none-eabi/lib/thumb/v7e-m/nofp\libc.a(lib_a-memchr.o)
                0x08000be0                memchr
 .text          0x08000c80      0x134 c:/progra~1/stmicr~1/stm32c~1/gcc-ar~1/bin/../lib/gcc/arm-none-eabi/10.3.1/../../../../arm-none-eabi/lib/thumb/v7e-m/nofp\libc.a(lib_a-memcpy.o)
                0x08000c80                memcpy
 .text          0x08000db4      0x378 c:/progra~1/stmicr~1/stm32c~1/gcc-ar~1/bin/../lib/gcc/arm-none-eabi/10.3.1/thumb/v7e-m/nofp\libgcc.a(_arm_addsubdf3.o)
                0x08000db4                __aeabi_drsub
                0x08000dbc                __aeabi_dsub
                0x08000dbc                __subdf3
                0x08000dc0                __aeabi_dadd
                0x08000dc0                __adddf3
                0x08001038                __floatunsidf
                0x08001038                __aeabi_ui2d
                0x08001058                __floatsidf
                0x08001058                __aeabi_i2d
                0x0800107c                __aeabi_f2d
                0x0800107c                __extendsfdf2
                0x080010c0                __floatundidf
                0x080010c0                __aeabi_ul2d
                0x080010d0                __floatdidf
                0x080010d0                __aeabi_l2d
 .text          0x0800112c      0x424 c:/progra~1/stmicr~1/stm32c~1/gcc-ar~1/bin/../lib/gcc/arm-none-eabi/10.3.1/thumb/v7e-m/nofp\libgcc.a(_arm_muldivdf3.o)
                0x0800112c                __aeabi_dmul
                0x0800112c                __muldf3
                0x08001380                __divdf3
                0x08001380                __aeabi_ddiv
 .text          0x08001550      0x110 c:/progra~1/stmicr~1/stm32c~1/gcc-ar~1/bin/../lib/gcc/arm-none-eabi/10.3.1/thumb/v7e-m/nofp\libgcc.a(_arm_cmpdf2.o)
                0x08001550                __gtdf2
                0x08001550                __gedf2
                0x08001558                __ltdf2
                0x08001558                __ledf2
                0x08001560                __nedf2
                0x08001560                __eqdf2
                0x08001560                __cmpdf2
                0x080015dc                __aeabi_cdrcmple
                0x080015ec                __aeabi_cdcmpeq
                0x080015ec                __aeabi_cdcmple
                0x080015fc                __aeabi_dcmpeq
                0x08001610                __aeabi_dcmplt
                0x08001624                __aeabi_dcmple
                0x08001638                __aeabi_dcmpge
                0x0800164c                __aeabi_dcmpgt
 .text          0x08001660       0x2c c:/progra~1/stmicr~1/stm32c~1/gcc-ar~1/bin/../lib/gcc/arm-none-eabi/10.3.1/thumb/v7e-m/nofp\libgcc.a(_arm_unorddf2.o)
                0x08001660                __unorddf2
                0x08001660                __aeabi_dcmpun
 .text          0x0800168c       0x50 c:/progra~1/stmicr~1/stm32c~1/gcc-ar~1/bin/../lib/gcc/arm-none-eabi/10.3.1/thumb/v7e-m/nofp\libgcc.a(_arm_fixdfsi.o)
                0x0800168c                __aeabi_d2iz
                0x0800168c                __fixdfsi
 *(.text*)
 .text.MX_CRC_Init
                0x080016dc       0x2c CMakeFiles/STM32H750XBH6.elf.dir/Core/Src/crc.c.obj
                0x080016dc                MX_CRC_Init
 .text.HAL_CRC_MspInit
                0x08001708       0x30 CMakeFiles/STM32H750XBH6.elf.dir/Core/Src/crc.c.obj
                0x08001708                HAL_CRC_MspInit
 .text.MX_DCMI_Init
                0x08001738       0x48 CMakeFiles/STM32H750XBH6.elf.dir/Core/Src/dcmi.c.obj
                0x08001738                MX_DCMI_Init
 .text.HAL_DCMI_MspInit
                0x08001780      0x154 CMakeFiles/STM32H750XBH6.elf.dir/Core/Src/dcmi.c.obj
                0x08001780                HAL_DCMI_MspInit
 .text.OV5640_Delay
                0x080018d4       0x2c CMakeFiles/STM32H750XBH6.elf.dir/Core/Src/dcmi.c.obj
                0x080018d4                OV5640_Delay
 .text.OV5640_DMA_Transmit_Continuous
                0x08001900       0x2c CMakeFiles/STM32H750XBH6.elf.dir/Core/Src/dcmi.c.obj
                0x08001900                OV5640_DMA_Transmit_Continuous
 .text.OV5640_DCMI_Crop
                0x0800192c       0x44 CMakeFiles/STM32H750XBH6.elf.dir/Core/Src/dcmi.c.obj
                0x0800192c                OV5640_DCMI_Crop
 .text.OV5640_Reset
                0x08001970       0x44 CMakeFiles/STM32H750XBH6.elf.dir/Core/Src/dcmi.c.obj
                0x08001970                OV5640_Reset
 .text.OV5640_ReadID
                0x080019b4       0x1c CMakeFiles/STM32H750XBH6.elf.dir/Core/Src/dcmi.c.obj
                0x080019b4                OV5640_ReadID
 .text.OV5640_Config
                0x080019d0       0x24 CMakeFiles/STM32H750XBH6.elf.dir/Core/Src/dcmi.c.obj
                0x080019d0                OV5640_Config
 .text.OV5640_Set_Framesize
                0x080019f4       0x50 CMakeFiles/STM32H750XBH6.elf.dir/Core/Src/dcmi.c.obj
                0x080019f4                OV5640_Set_Framesize
 .text.DCMI_OV5640_Init
                0x08001a44       0x5c CMakeFiles/STM32H750XBH6.elf.dir/Core/Src/dcmi.c.obj
                0x08001a44                DCMI_OV5640_Init
 .text.OV5640_AF_Download_Firmware
                0x08001aa0       0x6c CMakeFiles/STM32H750XBH6.elf.dir/Core/Src/dcmi.c.obj
                0x08001aa0                OV5640_AF_Download_Firmware
 .text.OV5640_AF_Trigger_Constant
                0x08001b0c        0xa CMakeFiles/STM32H750XBH6.elf.dir/Core/Src/dcmi.c.obj
                0x08001b0c                OV5640_AF_Trigger_Constant
 *fill*         0x08001b16        0x2 
 .text.HAL_DCMI_FrameEventCallback
                0x08001b18       0x44 CMakeFiles/STM32H750XBH6.elf.dir/Core/Src/dcmi.c.obj
                0x08001b18                HAL_DCMI_FrameEventCallback
 .text.HAL_DCMI_ErrorCallback
                0x08001b5c        0x2 CMakeFiles/STM32H750XBH6.elf.dir/Core/Src/dcmi.c.obj
                0x08001b5c                HAL_DCMI_ErrorCallback
 *fill*         0x08001b5e        0x2 
 .text.MX_DMA_Init
                0x08001b60       0x38 CMakeFiles/STM32H750XBH6.elf.dir/Core/Src/dma.c.obj
                0x08001b60                MX_DMA_Init
 .text.MX_GPIO_Init
                0x08001b98      0x1e4 CMakeFiles/STM32H750XBH6.elf.dir/Core/Src/gpio.c.obj
                0x08001b98                MX_GPIO_Init
 .text.LCD_WriteCommand
                0x08001d7c       0x30 CMakeFiles/STM32H750XBH6.elf.dir/Core/Src/lcd_spi_169.c.obj
                0x08001d7c                LCD_WriteCommand
 .text.LCD_WriteData_8bit
                0x08001dac       0x30 CMakeFiles/STM32H750XBH6.elf.dir/Core/Src/lcd_spi_169.c.obj
                0x08001dac                LCD_WriteData_8bit
 .text.LCD_WriteData_16bit
                0x08001ddc       0x34 CMakeFiles/STM32H750XBH6.elf.dir/Core/Src/lcd_spi_169.c.obj
                0x08001ddc                LCD_WriteData_16bit
 .text.LCD_SetAddress
                0x08001e10       0x5c CMakeFiles/STM32H750XBH6.elf.dir/Core/Src/lcd_spi_169.c.obj
                0x08001e10                LCD_SetAddress
 .text.LCD_SetDirection
                0x08001e6c       0x60 CMakeFiles/STM32H750XBH6.elf.dir/Core/Src/lcd_spi_169.c.obj
                0x08001e6c                LCD_SetDirection
 .text.LCD_SPI_WaitOnFlagUntilTimeout
                0x08001ecc       0x44 CMakeFiles/STM32H750XBH6.elf.dir/Core/Src/lcd_spi_169.c.obj
                0x08001ecc                LCD_SPI_WaitOnFlagUntilTimeout
 .text.LCD_SPI_CloseTransfer
                0x08001f10       0xac CMakeFiles/STM32H750XBH6.elf.dir/Core/Src/lcd_spi_169.c.obj
                0x08001f10                LCD_SPI_CloseTransfer
 .text.LCD_SPI_Transmit
                0x08001fbc      0x15c CMakeFiles/STM32H750XBH6.elf.dir/Core/Src/lcd_spi_169.c.obj
                0x08001fbc                LCD_SPI_Transmit
 .text.LCD_Clear
                0x08002118       0x58 CMakeFiles/STM32H750XBH6.elf.dir/Core/Src/lcd_spi_169.c.obj
                0x08002118                LCD_Clear
 .text.SPI_LCD_Init
                0x08002170      0x1a4 CMakeFiles/STM32H750XBH6.elf.dir/Core/Src/lcd_spi_169.c.obj
                0x08002170                SPI_LCD_Init
 .text.LCD_SPI_TransmitBuffer
                0x08002314      0x158 CMakeFiles/STM32H750XBH6.elf.dir/Core/Src/lcd_spi_169.c.obj
                0x08002314                LCD_SPI_TransmitBuffer
 .text.LCD_CopyBuffer
                0x0800246c       0x54 CMakeFiles/STM32H750XBH6.elf.dir/Core/Src/lcd_spi_169.c.obj
                0x0800246c                LCD_CopyBuffer
 .text.SystemClock_Config
                0x080024c0      0x108 CMakeFiles/STM32H750XBH6.elf.dir/Core/Src/main.c.obj
                0x080024c0                SystemClock_Config
 .text.startup.main
                0x080025c8      0x134 CMakeFiles/STM32H750XBH6.elf.dir/Core/Src/main.c.obj
                0x080025c8                main
 .text.Error_Handler
                0x080026fc        0x4 CMakeFiles/STM32H750XBH6.elf.dir/Core/Src/main.c.obj
                0x080026fc                Error_Handler
 .text.MX_QUADSPI_Init
                0x08002700       0x3c CMakeFiles/STM32H750XBH6.elf.dir/Core/Src/quadspi.c.obj
                0x08002700                MX_QUADSPI_Init
 .text.HAL_QSPI_MspInit
                0x0800273c       0xdc CMakeFiles/STM32H750XBH6.elf.dir/Core/Src/quadspi.c.obj
                0x0800273c                HAL_QSPI_MspInit
 .text.SCCB_GPIO_Config
                0x08002818       0x88 CMakeFiles/STM32H750XBH6.elf.dir/Core/Src/sccb.c.obj
                0x08002818                SCCB_GPIO_Config
 .text.SCCB_Delay
                0x080028a0       0x28 CMakeFiles/STM32H750XBH6.elf.dir/Core/Src/sccb.c.obj
                0x080028a0                SCCB_Delay
 .text.SCCB_Start
                0x080028c8       0x50 CMakeFiles/STM32H750XBH6.elf.dir/Core/Src/sccb.c.obj
                0x080028c8                SCCB_Start
 .text.SCCB_Stop
                0x08002918       0x54 CMakeFiles/STM32H750XBH6.elf.dir/Core/Src/sccb.c.obj
                0x08002918                SCCB_Stop
 .text.SCCB_ACK
                0x0800296c       0x60 CMakeFiles/STM32H750XBH6.elf.dir/Core/Src/sccb.c.obj
                0x0800296c                SCCB_ACK
 .text.SCCB_NoACK
                0x080029cc       0x54 CMakeFiles/STM32H750XBH6.elf.dir/Core/Src/sccb.c.obj
                0x080029cc                SCCB_NoACK
 .text.SCCB_WaitACK
                0x08002a20       0x64 CMakeFiles/STM32H750XBH6.elf.dir/Core/Src/sccb.c.obj
                0x08002a20                SCCB_WaitACK
 .text.SCCB_WriteByte
                0x08002a84       0x68 CMakeFiles/STM32H750XBH6.elf.dir/Core/Src/sccb.c.obj
                0x08002a84                SCCB_WriteByte
 .text.SCCB_ReadByte
                0x08002aec       0x60 CMakeFiles/STM32H750XBH6.elf.dir/Core/Src/sccb.c.obj
                0x08002aec                SCCB_ReadByte
 .text.SCCB_WriteHandle_16Bit
                0x08002b4c       0x26 CMakeFiles/STM32H750XBH6.elf.dir/Core/Src/sccb.c.obj
                0x08002b4c                SCCB_WriteHandle_16Bit
 .text.SCCB_WriteReg_16Bit
                0x08002b72       0x20 CMakeFiles/STM32H750XBH6.elf.dir/Core/Src/sccb.c.obj
                0x08002b72                SCCB_WriteReg_16Bit
 .text.SCCB_ReadReg_16Bit
                0x08002b92       0x38 CMakeFiles/STM32H750XBH6.elf.dir/Core/Src/sccb.c.obj
                0x08002b92                SCCB_ReadReg_16Bit
 .text.SCCB_WriteBuffer_16Bit
                0x08002bca       0x2c CMakeFiles/STM32H750XBH6.elf.dir/Core/Src/sccb.c.obj
                0x08002bca                SCCB_WriteBuffer_16Bit
 *fill*         0x08002bf6        0x2 
 .text.MX_SPI5_Init
                0x08002bf8       0x60 CMakeFiles/STM32H750XBH6.elf.dir/Core/Src/spi.c.obj
                0x08002bf8                MX_SPI5_Init
 .text.HAL_SPI_MspInit
                0x08002c58       0xf4 CMakeFiles/STM32H750XBH6.elf.dir/Core/Src/spi.c.obj
                0x08002c58                HAL_SPI_MspInit
 .text.HAL_MspInit
                0x08002d4c       0x24 CMakeFiles/STM32H750XBH6.elf.dir/Core/Src/stm32h7xx_hal_msp.c.obj
                0x08002d4c                HAL_MspInit
 .text.NMI_Handler
                0x08002d70        0x2 CMakeFiles/STM32H750XBH6.elf.dir/Core/Src/stm32h7xx_it.c.obj
                0x08002d70                NMI_Handler
 .text.HardFault_Handler
                0x08002d72        0x2 CMakeFiles/STM32H750XBH6.elf.dir/Core/Src/stm32h7xx_it.c.obj
                0x08002d72                HardFault_Handler
 .text.MemManage_Handler
                0x08002d74        0x2 CMakeFiles/STM32H750XBH6.elf.dir/Core/Src/stm32h7xx_it.c.obj
                0x08002d74                MemManage_Handler
 .text.BusFault_Handler
                0x08002d76        0x2 CMakeFiles/STM32H750XBH6.elf.dir/Core/Src/stm32h7xx_it.c.obj
                0x08002d76                BusFault_Handler
 .text.UsageFault_Handler
                0x08002d78        0x2 CMakeFiles/STM32H750XBH6.elf.dir/Core/Src/stm32h7xx_it.c.obj
                0x08002d78                UsageFault_Handler
 .text.SVC_Handler
                0x08002d7a        0x2 CMakeFiles/STM32H750XBH6.elf.dir/Core/Src/stm32h7xx_it.c.obj
                0x08002d7a                SVC_Handler
 .text.DebugMon_Handler
                0x08002d7c        0x2 CMakeFiles/STM32H750XBH6.elf.dir/Core/Src/stm32h7xx_it.c.obj
                0x08002d7c                DebugMon_Handler
 .text.PendSV_Handler
                0x08002d7e        0x2 CMakeFiles/STM32H750XBH6.elf.dir/Core/Src/stm32h7xx_it.c.obj
                0x08002d7e                PendSV_Handler
 .text.SysTick_Handler
                0x08002d80        0x4 CMakeFiles/STM32H750XBH6.elf.dir/Core/Src/stm32h7xx_it.c.obj
                0x08002d80                SysTick_Handler
 .text.DMA2_Stream7_IRQHandler
                0x08002d84        0xc CMakeFiles/STM32H750XBH6.elf.dir/Core/Src/stm32h7xx_it.c.obj
                0x08002d84                DMA2_Stream7_IRQHandler
 .text.DCMI_IRQHandler
                0x08002d90        0xc CMakeFiles/STM32H750XBH6.elf.dir/Core/Src/stm32h7xx_it.c.obj
                0x08002d90                DCMI_IRQHandler
 .text._getpid  0x08002d9c        0x4 CMakeFiles/STM32H750XBH6.elf.dir/Core/Src/syscalls.c.obj
                0x08002d9c                _getpid
 .text._kill    0x08002da0       0x10 CMakeFiles/STM32H750XBH6.elf.dir/Core/Src/syscalls.c.obj
                0x08002da0                _kill
 .text._exit    0x08002db0        0xc CMakeFiles/STM32H750XBH6.elf.dir/Core/Src/syscalls.c.obj
                0x08002db0                _exit
 .text._read    0x08002dbc       0x1c CMakeFiles/STM32H750XBH6.elf.dir/Core/Src/syscalls.c.obj
                0x08002dbc                _read
 .text._write   0x08002dd8       0x1c CMakeFiles/STM32H750XBH6.elf.dir/Core/Src/syscalls.c.obj
                0x08002dd8                _write
 .text._close   0x08002df4        0x6 CMakeFiles/STM32H750XBH6.elf.dir/Core/Src/syscalls.c.obj
                0x08002df4                _close
 .text._fstat   0x08002dfa        0xa CMakeFiles/STM32H750XBH6.elf.dir/Core/Src/syscalls.c.obj
                0x08002dfa                _fstat
 .text._isatty  0x08002e04        0x4 CMakeFiles/STM32H750XBH6.elf.dir/Core/Src/syscalls.c.obj
                0x08002e04                _isatty
 .text._lseek   0x08002e08        0x4 CMakeFiles/STM32H750XBH6.elf.dir/Core/Src/syscalls.c.obj
                0x08002e08                _lseek
 .text._sbrk    0x08002e0c       0x40 CMakeFiles/STM32H750XBH6.elf.dir/Core/Src/sysmem.c.obj
                0x08002e0c                _sbrk
 .text.SystemInit
                0x08002e4c       0xb0 CMakeFiles/STM32H750XBH6.elf.dir/Core/Src/system_stm32h7xx.c.obj
                0x08002e4c                SystemInit
 .text.MX_USART1_UART_Init
                0x08002efc       0x64 CMakeFiles/STM32H750XBH6.elf.dir/Core/Src/usart.c.obj
                0x08002efc                MX_USART1_UART_Init
 .text.HAL_UART_MspInit
                0x08002f60       0x90 CMakeFiles/STM32H750XBH6.elf.dir/Core/Src/usart.c.obj
                0x08002f60                HAL_UART_MspInit
 .text.__io_putchar
                0x08002ff0       0x20 CMakeFiles/STM32H750XBH6.elf.dir/Core/Src/usart.c.obj
                0x08002ff0                __io_putchar
 .text.Reset_Handler
                0x08003010       0x50 CMakeFiles/STM32H750XBH6.elf.dir/Core/Startup/startup_stm32h750xbhx.s.obj
                0x08003010                Reset_Handler
 .text.Default_Handler
                0x08003060        0x2 CMakeFiles/STM32H750XBH6.elf.dir/Core/Startup/startup_stm32h750xbhx.s.obj
                0x08003060                RTC_Alarm_IRQHandler
                0x08003060                HASH_RNG_IRQHandler
                0x08003060                EXTI2_IRQHandler
                0x08003060                TIM8_CC_IRQHandler
                0x08003060                HRTIM1_Master_IRQHandler
                0x08003060                UART8_IRQHandler
                0x08003060                SPI4_IRQHandler
                0x08003060                TIM1_CC_IRQHandler
                0x08003060                BDMA_Channel6_IRQHandler
                0x08003060                DMA2_Stream5_IRQHandler
                0x08003060                HRTIM1_FLT_IRQHandler
                0x08003060                JPEG_IRQHandler
                0x08003060                DMA1_Stream5_IRQHandler
                0x08003060                BDMA_Channel1_IRQHandler
                0x08003060                HRTIM1_TIMD_IRQHandler
                0x08003060                TAMP_STAMP_IRQHandler
                0x08003060                EXTI3_IRQHandler
                0x08003060                LPTIM4_IRQHandler
                0x08003060                TIM8_TRG_COM_TIM14_IRQHandler
                0x08003060                LPTIM2_IRQHandler
                0x08003060                DFSDM1_FLT1_IRQHandler
                0x08003060                DMAMUX2_OVR_IRQHandler
                0x08003060                TIM8_UP_TIM13_IRQHandler
                0x08003060                I2C3_ER_IRQHandler
                0x08003060                DFSDM1_FLT2_IRQHandler
                0x08003060                MDMA_IRQHandler
                0x08003060                LPTIM3_IRQHandler
                0x08003060                HSEM1_IRQHandler
                0x08003060                EXTI0_IRQHandler
                0x08003060                I2C2_EV_IRQHandler
                0x08003060                DMA1_Stream2_IRQHandler
                0x08003060                FPU_IRQHandler
                0x08003060                OTG_HS_WKUP_IRQHandler
                0x08003060                FDCAN1_IT1_IRQHandler
                0x08003060                LTDC_ER_IRQHandler
                0x08003060                DMA2_Stream2_IRQHandler
                0x08003060                HRTIM1_TIME_IRQHandler
                0x08003060                SPI1_IRQHandler
                0x08003060                TIM6_DAC_IRQHandler
                0x08003060                HRTIM1_TIMC_IRQHandler
                0x08003060                DMA2_Stream3_IRQHandler
                0x08003060                SAI2_IRQHandler
                0x08003060                DFSDM1_FLT3_IRQHandler
                0x08003060                USART6_IRQHandler
                0x08003060                TIM17_IRQHandler
                0x08003060                USART3_IRQHandler
                0x08003060                BDMA_Channel7_IRQHandler
                0x08003060                CRYP_IRQHandler
                0x08003060                LPTIM5_IRQHandler
                0x08003060                UART5_IRQHandler
                0x08003060                ADC3_IRQHandler
                0x08003060                DMA2_Stream0_IRQHandler
                0x08003060                TIM4_IRQHandler
                0x08003060                BDMA_Channel2_IRQHandler
                0x08003060                QUADSPI_IRQHandler
                0x08003060                I2C1_EV_IRQHandler
                0x08003060                DMA1_Stream6_IRQHandler
                0x08003060                DMAMUX1_OVR_IRQHandler
                0x08003060                DMA1_Stream1_IRQHandler
                0x08003060                TIM16_IRQHandler
                0x08003060                UART4_IRQHandler
                0x08003060                BDMA_Channel5_IRQHandler
                0x08003060                TIM3_IRQHandler
                0x08003060                RCC_IRQHandler
                0x08003060                TIM8_BRK_TIM12_IRQHandler
                0x08003060                TIM1_TRG_COM_IRQHandler
                0x08003060                Default_Handler
                0x08003060                ECC_IRQHandler
                0x08003060                CEC_IRQHandler
                0x08003060                EXTI15_10_IRQHandler
                0x08003060                BDMA_Channel0_IRQHandler
                0x08003060                ADC_IRQHandler
                0x08003060                DMA1_Stream7_IRQHandler
                0x08003060                HRTIM1_TIMA_IRQHandler
                0x08003060                SPI5_IRQHandler
                0x08003060                TIM7_IRQHandler
                0x08003060                SDMMC1_IRQHandler
                0x08003060                TIM5_IRQHandler
                0x08003060                TIM15_IRQHandler
                0x08003060                PVD_AVD_IRQHandler
                0x08003060                I2C3_EV_IRQHandler
                0x08003060                EXTI9_5_IRQHandler
                0x08003060                RTC_WKUP_IRQHandler
                0x08003060                LTDC_IRQHandler
                0x08003060                SAI3_IRQHandler
                0x08003060                ETH_WKUP_IRQHandler
                0x08003060                SPDIF_RX_IRQHandler
                0x08003060                SPI2_IRQHandler
                0x08003060                OTG_HS_EP1_IN_IRQHandler
                0x08003060                DMA1_Stream0_IRQHandler
                0x08003060                CRS_IRQHandler
                0x08003060                EXTI4_IRQHandler
                0x08003060                HRTIM1_TIMB_IRQHandler
                0x08003060                FDCAN2_IT1_IRQHandler
                0x08003060                ETH_IRQHandler
                0x08003060                TIM1_UP_IRQHandler
                0x08003060                BDMA_Channel4_IRQHandler
                0x08003060                OTG_HS_EP1_OUT_IRQHandler
                0x08003060                WWDG_IRQHandler
                0x08003060                SPI6_IRQHandler
                0x08003060                MDIOS_IRQHandler
                0x08003060                I2C4_EV_IRQHandler
                0x08003060                FDCAN2_IT0_IRQHandler
                0x08003060                LPUART1_IRQHandler
                0x08003060                FDCAN1_IT0_IRQHandler
                0x08003060                TIM2_IRQHandler
                0x08003060                OTG_FS_WKUP_IRQHandler
                0x08003060                OTG_HS_IRQHandler
                0x08003060                DMA2D_IRQHandler
                0x08003060                TIM1_BRK_IRQHandler
                0x08003060                EXTI1_IRQHandler
                0x08003060                SDMMC2_IRQHandler
                0x08003060                OTG_FS_EP1_OUT_IRQHandler
                0x08003060                BDMA_Channel3_IRQHandler
                0x08003060                UART7_IRQHandler
                0x08003060                MDIOS_WKUP_IRQHandler
                0x08003060                USART2_IRQHandler
                0x08003060                DFSDM1_FLT0_IRQHandler
                0x08003060                SAI4_IRQHandler
                0x08003060                I2C2_ER_IRQHandler
                0x08003060                DMA2_Stream1_IRQHandler
                0x08003060                FLASH_IRQHandler
                0x08003060                DMA2_Stream4_IRQHandler
                0x08003060                USART1_IRQHandler
                0x08003060                OTG_FS_IRQHandler
                0x08003060                SPI3_IRQHandler
                0x08003060                WAKEUP_PIN_IRQHandler
                0x08003060                DMA1_Stream4_IRQHandler
                0x08003060                OTG_FS_EP1_IN_IRQHandler
                0x08003060                I2C1_ER_IRQHandler
                0x08003060                FMC_IRQHandler
                0x08003060                FDCAN_CAL_IRQHandler
                0x08003060                SWPMI1_IRQHandler
                0x08003060                COMP1_IRQHandler
                0x08003060                LPTIM1_IRQHandler
                0x08003060                I2C4_ER_IRQHandler
                0x08003060                DMA2_Stream6_IRQHandler
                0x08003060                SAI1_IRQHandler
                0x08003060                DMA1_Stream3_IRQHandler
 *fill*         0x08003062        0x2 
 .text.HAL_InitTick
                0x08003064       0x4c CMakeFiles/STM32H750XBH6.elf.dir/Drivers/STM32H7xx_HAL_Driver/Src/stm32h7xx_hal.c.obj
                0x08003064                HAL_InitTick
 .text.HAL_Init
                0x080030b0       0x5c CMakeFiles/STM32H750XBH6.elf.dir/Drivers/STM32H7xx_HAL_Driver/Src/stm32h7xx_hal.c.obj
                0x080030b0                HAL_Init
 .text.HAL_IncTick
                0x0800310c       0x18 CMakeFiles/STM32H750XBH6.elf.dir/Drivers/STM32H7xx_HAL_Driver/Src/stm32h7xx_hal.c.obj
                0x0800310c                HAL_IncTick
 .text.HAL_GetTick
                0x08003124        0xc CMakeFiles/STM32H750XBH6.elf.dir/Drivers/STM32H7xx_HAL_Driver/Src/stm32h7xx_hal.c.obj
                0x08003124                HAL_GetTick
 .text.HAL_Delay
                0x08003130       0x24 CMakeFiles/STM32H750XBH6.elf.dir/Drivers/STM32H7xx_HAL_Driver/Src/stm32h7xx_hal.c.obj
                0x08003130                HAL_Delay
 .text.HAL_GetREVID
                0x08003154        0xc CMakeFiles/STM32H750XBH6.elf.dir/Drivers/STM32H7xx_HAL_Driver/Src/stm32h7xx_hal.c.obj
                0x08003154                HAL_GetREVID
 .text.HAL_NVIC_SetPriorityGrouping
                0x08003160       0x24 CMakeFiles/STM32H750XBH6.elf.dir/Drivers/STM32H7xx_HAL_Driver/Src/stm32h7xx_hal_cortex.c.obj
                0x08003160                HAL_NVIC_SetPriorityGrouping
 .text.HAL_NVIC_SetPriority
                0x08003184       0x64 CMakeFiles/STM32H750XBH6.elf.dir/Drivers/STM32H7xx_HAL_Driver/Src/stm32h7xx_hal_cortex.c.obj
                0x08003184                HAL_NVIC_SetPriority
 .text.HAL_NVIC_EnableIRQ
                0x080031e8       0x1c CMakeFiles/STM32H750XBH6.elf.dir/Drivers/STM32H7xx_HAL_Driver/Src/stm32h7xx_hal_cortex.c.obj
                0x080031e8                HAL_NVIC_EnableIRQ
 .text.HAL_SYSTICK_Config
                0x08003204       0x28 CMakeFiles/STM32H750XBH6.elf.dir/Drivers/STM32H7xx_HAL_Driver/Src/stm32h7xx_hal_cortex.c.obj
                0x08003204                HAL_SYSTICK_Config
 .text.HAL_MPU_Disable
                0x0800322c       0x1c CMakeFiles/STM32H750XBH6.elf.dir/Drivers/STM32H7xx_HAL_Driver/Src/stm32h7xx_hal_cortex.c.obj
                0x0800322c                HAL_MPU_Disable
 .text.HAL_MPU_Enable
                0x08003248       0x20 CMakeFiles/STM32H750XBH6.elf.dir/Drivers/STM32H7xx_HAL_Driver/Src/stm32h7xx_hal_cortex.c.obj
                0x08003248                HAL_MPU_Enable
 .text.HAL_MPU_ConfigRegion
                0x08003268       0x58 CMakeFiles/STM32H750XBH6.elf.dir/Drivers/STM32H7xx_HAL_Driver/Src/stm32h7xx_hal_cortex.c.obj
                0x08003268                HAL_MPU_ConfigRegion
 .text.HAL_CRC_Init
                0x080032c0       0x74 CMakeFiles/STM32H750XBH6.elf.dir/Drivers/STM32H7xx_HAL_Driver/Src/stm32h7xx_hal_crc.c.obj
                0x080032c0                HAL_CRC_Init
 .text.HAL_CRCEx_Polynomial_Set
                0x08003334       0x48 CMakeFiles/STM32H750XBH6.elf.dir/Drivers/STM32H7xx_HAL_Driver/Src/stm32h7xx_hal_crc_ex.c.obj
                0x08003334                HAL_CRCEx_Polynomial_Set
 .text.DCMI_DMAError
                0x0800337c       0x1c CMakeFiles/STM32H750XBH6.elf.dir/Drivers/STM32H7xx_HAL_Driver/Src/stm32h7xx_hal_dcmi.c.obj
 .text.DCMI_DMAXferCplt
                0x08003398       0x7c CMakeFiles/STM32H750XBH6.elf.dir/Drivers/STM32H7xx_HAL_Driver/Src/stm32h7xx_hal_dcmi.c.obj
 .text.HAL_DCMI_LineEventCallback
                0x08003414        0x2 CMakeFiles/STM32H750XBH6.elf.dir/Drivers/STM32H7xx_HAL_Driver/Src/stm32h7xx_hal_dcmi.c.obj
                0x08003414                HAL_DCMI_LineEventCallback
 .text.HAL_DCMI_VsyncEventCallback
                0x08003416        0x2 CMakeFiles/STM32H750XBH6.elf.dir/Drivers/STM32H7xx_HAL_Driver/Src/stm32h7xx_hal_dcmi.c.obj
                0x08003416                HAL_DCMI_VsyncEventCallback
 .text.HAL_DCMI_Init
                0x08003418       0xc0 CMakeFiles/STM32H750XBH6.elf.dir/Drivers/STM32H7xx_HAL_Driver/Src/stm32h7xx_hal_dcmi.c.obj
                0x08003418                HAL_DCMI_Init
 .text.HAL_DCMI_Start_DMA
                0x080034d8       0xe0 CMakeFiles/STM32H750XBH6.elf.dir/Drivers/STM32H7xx_HAL_Driver/Src/stm32h7xx_hal_dcmi.c.obj
                0x080034d8                HAL_DCMI_Start_DMA
 .text.HAL_DCMI_IRQHandler
                0x080035b8       0x98 CMakeFiles/STM32H750XBH6.elf.dir/Drivers/STM32H7xx_HAL_Driver/Src/stm32h7xx_hal_dcmi.c.obj
                0x080035b8                HAL_DCMI_IRQHandler
 .text.HAL_DCMI_ConfigCrop
                0x08003650       0x32 CMakeFiles/STM32H750XBH6.elf.dir/Drivers/STM32H7xx_HAL_Driver/Src/stm32h7xx_hal_dcmi.c.obj
                0x08003650                HAL_DCMI_ConfigCrop
 .text.HAL_DCMI_EnableCrop
                0x08003682       0x28 CMakeFiles/STM32H750XBH6.elf.dir/Drivers/STM32H7xx_HAL_Driver/Src/stm32h7xx_hal_dcmi.c.obj
                0x08003682                HAL_DCMI_EnableCrop
 *fill*         0x080036aa        0x2 
 .text.DMA_SetConfig
                0x080036ac      0x184 CMakeFiles/STM32H750XBH6.elf.dir/Drivers/STM32H7xx_HAL_Driver/Src/stm32h7xx_hal_dma.c.obj
 .text.DMA_CalcBaseAndBitshift
                0x08003830       0x9c CMakeFiles/STM32H750XBH6.elf.dir/Drivers/STM32H7xx_HAL_Driver/Src/stm32h7xx_hal_dma.c.obj
 .text.DMA_CalcDMAMUXChannelBaseAndMask
                0x080038cc       0x90 CMakeFiles/STM32H750XBH6.elf.dir/Drivers/STM32H7xx_HAL_Driver/Src/stm32h7xx_hal_dma.c.obj
 .text.DMA_CalcDMAMUXRequestGenBaseAndMask
                0x0800395c       0x70 CMakeFiles/STM32H750XBH6.elf.dir/Drivers/STM32H7xx_HAL_Driver/Src/stm32h7xx_hal_dma.c.obj
 .text.HAL_DMA_Init
                0x080039cc      0x384 CMakeFiles/STM32H750XBH6.elf.dir/Drivers/STM32H7xx_HAL_Driver/Src/stm32h7xx_hal_dma.c.obj
                0x080039cc                HAL_DMA_Init
 .text.HAL_DMA_Start_IT
                0x08003d50      0x238 CMakeFiles/STM32H750XBH6.elf.dir/Drivers/STM32H7xx_HAL_Driver/Src/stm32h7xx_hal_dma.c.obj
                0x08003d50                HAL_DMA_Start_IT
 .text.HAL_DMA_Abort_IT
                0x08003f88      0x168 CMakeFiles/STM32H750XBH6.elf.dir/Drivers/STM32H7xx_HAL_Driver/Src/stm32h7xx_hal_dma.c.obj
                0x08003f88                HAL_DMA_Abort_IT
 .text.HAL_DMA_IRQHandler
                0x080040f0      0x54c CMakeFiles/STM32H750XBH6.elf.dir/Drivers/STM32H7xx_HAL_Driver/Src/stm32h7xx_hal_dma.c.obj
                0x080040f0                HAL_DMA_IRQHandler
 .text.DMA_MultiBufferSetConfig
                0x0800463c       0x60 CMakeFiles/STM32H750XBH6.elf.dir/Drivers/STM32H7xx_HAL_Driver/Src/stm32h7xx_hal_dma_ex.c.obj
 .text.HAL_DMAEx_MultiBufferStart_IT
                0x0800469c      0x368 CMakeFiles/STM32H750XBH6.elf.dir/Drivers/STM32H7xx_HAL_Driver/Src/stm32h7xx_hal_dma_ex.c.obj
                0x0800469c                HAL_DMAEx_MultiBufferStart_IT
 .text.HAL_DMAEx_ChangeMemory
                0x08004a04       0x58 CMakeFiles/STM32H750XBH6.elf.dir/Drivers/STM32H7xx_HAL_Driver/Src/stm32h7xx_hal_dma_ex.c.obj
                0x08004a04                HAL_DMAEx_ChangeMemory
 .text.HAL_GPIO_Init
                0x08004a5c      0x1d8 CMakeFiles/STM32H750XBH6.elf.dir/Drivers/STM32H7xx_HAL_Driver/Src/stm32h7xx_hal_gpio.c.obj
                0x08004a5c                HAL_GPIO_Init
 .text.HAL_GPIO_ReadPin
                0x08004c34        0xc CMakeFiles/STM32H750XBH6.elf.dir/Drivers/STM32H7xx_HAL_Driver/Src/stm32h7xx_hal_gpio.c.obj
                0x08004c34                HAL_GPIO_ReadPin
 .text.HAL_GPIO_WritePin
                0x08004c40        0xa CMakeFiles/STM32H750XBH6.elf.dir/Drivers/STM32H7xx_HAL_Driver/Src/stm32h7xx_hal_gpio.c.obj
                0x08004c40                HAL_GPIO_WritePin
 *fill*         0x08004c4a        0x2 
 .text.HAL_PWREx_ConfigSupply
                0x08004c4c       0x48 CMakeFiles/STM32H750XBH6.elf.dir/Drivers/STM32H7xx_HAL_Driver/Src/stm32h7xx_hal_pwr_ex.c.obj
                0x08004c4c                HAL_PWREx_ConfigSupply
 .text.QSPI_WaitFlagStateUntilTimeout
                0x08004c94       0x4e CMakeFiles/STM32H750XBH6.elf.dir/Drivers/STM32H7xx_HAL_Driver/Src/stm32h7xx_hal_qspi.c.obj
 *fill*         0x08004ce2        0x2 
 .text.HAL_QSPI_Init
                0x08004ce4       0x98 CMakeFiles/STM32H750XBH6.elf.dir/Drivers/STM32H7xx_HAL_Driver/Src/stm32h7xx_hal_qspi.c.obj
                0x08004ce4                HAL_QSPI_Init
 .text.HAL_RCC_OscConfig
                0x08004d7c      0x524 CMakeFiles/STM32H750XBH6.elf.dir/Drivers/STM32H7xx_HAL_Driver/Src/stm32h7xx_hal_rcc.c.obj
                0x08004d7c                HAL_RCC_OscConfig
 .text.HAL_RCC_GetSysClockFreq
                0x080052a0      0x158 CMakeFiles/STM32H750XBH6.elf.dir/Drivers/STM32H7xx_HAL_Driver/Src/stm32h7xx_hal_rcc.c.obj
                0x080052a0                HAL_RCC_GetSysClockFreq
 .text.HAL_RCC_ClockConfig
                0x080053f8      0x24c CMakeFiles/STM32H750XBH6.elf.dir/Drivers/STM32H7xx_HAL_Driver/Src/stm32h7xx_hal_rcc.c.obj
                0x080053f8                HAL_RCC_ClockConfig
 .text.HAL_RCC_GetHCLKFreq
                0x08005644       0x44 CMakeFiles/STM32H750XBH6.elf.dir/Drivers/STM32H7xx_HAL_Driver/Src/stm32h7xx_hal_rcc.c.obj
                0x08005644                HAL_RCC_GetHCLKFreq
 .text.HAL_RCC_GetPCLK1Freq
                0x08005688       0x24 CMakeFiles/STM32H750XBH6.elf.dir/Drivers/STM32H7xx_HAL_Driver/Src/stm32h7xx_hal_rcc.c.obj
                0x08005688                HAL_RCC_GetPCLK1Freq
 .text.HAL_RCC_GetPCLK2Freq
                0x080056ac       0x24 CMakeFiles/STM32H750XBH6.elf.dir/Drivers/STM32H7xx_HAL_Driver/Src/stm32h7xx_hal_rcc.c.obj
                0x080056ac                HAL_RCC_GetPCLK2Freq
 .text.RCCEx_PLL2_Config
                0x080056d0       0xf0 CMakeFiles/STM32H750XBH6.elf.dir/Drivers/STM32H7xx_HAL_Driver/Src/stm32h7xx_hal_rcc_ex.c.obj
 .text.RCCEx_PLL3_Config
                0x080057c0       0xf0 CMakeFiles/STM32H750XBH6.elf.dir/Drivers/STM32H7xx_HAL_Driver/Src/stm32h7xx_hal_rcc_ex.c.obj
 .text.HAL_RCCEx_PeriphCLKConfig
                0x080058b0      0x96c CMakeFiles/STM32H750XBH6.elf.dir/Drivers/STM32H7xx_HAL_Driver/Src/stm32h7xx_hal_rcc_ex.c.obj
                0x080058b0                HAL_RCCEx_PeriphCLKConfig
 .text.HAL_RCCEx_GetD3PCLK1Freq
                0x0800621c       0x24 CMakeFiles/STM32H750XBH6.elf.dir/Drivers/STM32H7xx_HAL_Driver/Src/stm32h7xx_hal_rcc_ex.c.obj
                0x0800621c                HAL_RCCEx_GetD3PCLK1Freq
 .text.HAL_RCCEx_GetPLL2ClockFreq
                0x08006240      0x174 CMakeFiles/STM32H750XBH6.elf.dir/Drivers/STM32H7xx_HAL_Driver/Src/stm32h7xx_hal_rcc_ex.c.obj
                0x08006240                HAL_RCCEx_GetPLL2ClockFreq
 .text.HAL_RCCEx_GetPLL3ClockFreq
                0x080063b4      0x174 CMakeFiles/STM32H750XBH6.elf.dir/Drivers/STM32H7xx_HAL_Driver/Src/stm32h7xx_hal_rcc_ex.c.obj
                0x080063b4                HAL_RCCEx_GetPLL3ClockFreq
 .text.SPI_CloseTransfer
                0x08006528       0xac CMakeFiles/STM32H750XBH6.elf.dir/Drivers/STM32H7xx_HAL_Driver/Src/stm32h7xx_hal_spi.c.obj
 .text.HAL_SPI_Init
                0x080065d4      0x12c CMakeFiles/STM32H750XBH6.elf.dir/Drivers/STM32H7xx_HAL_Driver/Src/stm32h7xx_hal_spi.c.obj
                0x080065d4                HAL_SPI_Init
 .text.HAL_SPI_Transmit
                0x08006700      0x23e CMakeFiles/STM32H750XBH6.elf.dir/Drivers/STM32H7xx_HAL_Driver/Src/stm32h7xx_hal_spi.c.obj
                0x08006700                HAL_SPI_Transmit
 *fill*         0x0800693e        0x2 
 .text.UART_SetConfig
                0x08006940      0x38c CMakeFiles/STM32H750XBH6.elf.dir/Drivers/STM32H7xx_HAL_Driver/Src/stm32h7xx_hal_uart.c.obj
                0x08006940                UART_SetConfig
 .text.UART_AdvFeatureConfig
                0x08006ccc       0xaa CMakeFiles/STM32H750XBH6.elf.dir/Drivers/STM32H7xx_HAL_Driver/Src/stm32h7xx_hal_uart.c.obj
                0x08006ccc                UART_AdvFeatureConfig
 .text.UART_WaitOnFlagUntilTimeout
                0x08006d76       0xc4 CMakeFiles/STM32H750XBH6.elf.dir/Drivers/STM32H7xx_HAL_Driver/Src/stm32h7xx_hal_uart.c.obj
                0x08006d76                UART_WaitOnFlagUntilTimeout
 .text.HAL_UART_Transmit
                0x08006e3a       0xb8 CMakeFiles/STM32H750XBH6.elf.dir/Drivers/STM32H7xx_HAL_Driver/Src/stm32h7xx_hal_uart.c.obj
                0x08006e3a                HAL_UART_Transmit
 .text.UART_CheckIdleState
                0x08006ef2       0x68 CMakeFiles/STM32H750XBH6.elf.dir/Drivers/STM32H7xx_HAL_Driver/Src/stm32h7xx_hal_uart.c.obj
                0x08006ef2                UART_CheckIdleState
 .text.HAL_UART_Init
                0x08006f5a       0x60 CMakeFiles/STM32H750XBH6.elf.dir/Drivers/STM32H7xx_HAL_Driver/Src/stm32h7xx_hal_uart.c.obj
                0x08006f5a                HAL_UART_Init
 *fill*         0x08006fba        0x2 
 .text.UARTEx_SetNbDataToProcess
                0x08006fbc       0x44 CMakeFiles/STM32H750XBH6.elf.dir/Drivers/STM32H7xx_HAL_Driver/Src/stm32h7xx_hal_uart_ex.c.obj
 .text.HAL_UARTEx_DisableFifoMode
                0x08007000       0x36 CMakeFiles/STM32H750XBH6.elf.dir/Drivers/STM32H7xx_HAL_Driver/Src/stm32h7xx_hal_uart_ex.c.obj
                0x08007000                HAL_UARTEx_DisableFifoMode
 .text.HAL_UARTEx_SetTxFifoThreshold
                0x08007036       0x48 CMakeFiles/STM32H750XBH6.elf.dir/Drivers/STM32H7xx_HAL_Driver/Src/stm32h7xx_hal_uart_ex.c.obj
                0x08007036                HAL_UARTEx_SetTxFifoThreshold
 .text.HAL_UARTEx_SetRxFifoThreshold
                0x0800707e       0x48 CMakeFiles/STM32H750XBH6.elf.dir/Drivers/STM32H7xx_HAL_Driver/Src/stm32h7xx_hal_uart_ex.c.obj
                0x0800707e                HAL_UARTEx_SetRxFifoThreshold
 *fill*         0x080070c6        0x2 
 .text.__errno  0x080070c8        0xc c:/progra~1/stmicr~1/stm32c~1/gcc-ar~1/bin/../lib/gcc/arm-none-eabi/10.3.1/../../../../arm-none-eabi/lib/thumb/v7e-m/nofp\libc.a(lib_a-errno.o)
                0x080070c8                __errno
 .text.__libc_init_array
                0x080070d4       0x48 c:/progra~1/stmicr~1/stm32c~1/gcc-ar~1/bin/../lib/gcc/arm-none-eabi/10.3.1/../../../../arm-none-eabi/lib/thumb/v7e-m/nofp\libc.a(lib_a-init.o)
                0x080070d4                __libc_init_array
 .text.memset   0x0800711c       0xa4 c:/progra~1/stmicr~1/stm32c~1/gcc-ar~1/bin/../lib/gcc/arm-none-eabi/10.3.1/../../../../arm-none-eabi/lib/thumb/v7e-m/nofp\libc.a(lib_a-memset.o)
                0x0800711c                memset
 .text.printf   0x080071c0       0x28 c:/progra~1/stmicr~1/stm32c~1/gcc-ar~1/bin/../lib/gcc/arm-none-eabi/10.3.1/../../../../arm-none-eabi/lib/thumb/v7e-m/nofp\libc.a(lib_a-printf.o)
                0x080071c0                printf
 .text._puts_r  0x080071e8       0x9c c:/progra~1/stmicr~1/stm32c~1/gcc-ar~1/bin/../lib/gcc/arm-none-eabi/10.3.1/../../../../arm-none-eabi/lib/thumb/v7e-m/nofp\libc.a(lib_a-puts.o)
                0x080071e8                _puts_r
 .text.puts     0x08007284       0x10 c:/progra~1/stmicr~1/stm32c~1/gcc-ar~1/bin/../lib/gcc/arm-none-eabi/10.3.1/../../../../arm-none-eabi/lib/thumb/v7e-m/nofp\libc.a(lib_a-puts.o)
                0x08007284                puts
 .text._vfprintf_r
                0x08007294     0x1ad4 c:/progra~1/stmicr~1/stm32c~1/gcc-ar~1/bin/../lib/gcc/arm-none-eabi/10.3.1/../../../../arm-none-eabi/lib/thumb/v7e-m/nofp\libc.a(lib_a-vfprintf.o)
                0x08007294                _vfprintf_r
 .text.__sbprintf
                0x08008d68       0x80 c:/progra~1/stmicr~1/stm32c~1/gcc-ar~1/bin/../lib/gcc/arm-none-eabi/10.3.1/../../../../arm-none-eabi/lib/thumb/v7e-m/nofp\libc.a(lib_a-vfprintf.o)
 .text.__swsetup_r
                0x08008de8       0xd4 c:/progra~1/stmicr~1/stm32c~1/gcc-ar~1/bin/../lib/gcc/arm-none-eabi/10.3.1/../../../../arm-none-eabi/lib/thumb/v7e-m/nofp\libc.a(lib_a-wsetup.o)
                0x08008de8                __swsetup_r
 .text.startup.register_fini
                0x08008ebc       0x14 c:/progra~1/stmicr~1/stm32c~1/gcc-ar~1/bin/../lib/gcc/arm-none-eabi/10.3.1/../../../../arm-none-eabi/lib/thumb/v7e-m/nofp\libc.a(lib_a-__call_atexit.o)
 .text.atexit   0x08008ed0        0xc c:/progra~1/stmicr~1/stm32c~1/gcc-ar~1/bin/../lib/gcc/arm-none-eabi/10.3.1/../../../../arm-none-eabi/lib/thumb/v7e-m/nofp\libc.a(lib_a-atexit.o)
                0x08008ed0                atexit
 .text.quorem   0x08008edc      0x124 c:/progra~1/stmicr~1/stm32c~1/gcc-ar~1/bin/../lib/gcc/arm-none-eabi/10.3.1/../../../../arm-none-eabi/lib/thumb/v7e-m/nofp\libc.a(lib_a-dtoa.o)
 .text._dtoa_r  0x08009000      0xec4 c:/progra~1/stmicr~1/stm32c~1/gcc-ar~1/bin/../lib/gcc/arm-none-eabi/10.3.1/../../../../arm-none-eabi/lib/thumb/v7e-m/nofp\libc.a(lib_a-dtoa.o)
                0x08009000                _dtoa_r
 .text.__sflush_r
                0x08009ec4      0x120 c:/progra~1/stmicr~1/stm32c~1/gcc-ar~1/bin/../lib/gcc/arm-none-eabi/10.3.1/../../../../arm-none-eabi/lib/thumb/v7e-m/nofp\libc.a(lib_a-fflush.o)
                0x08009ec4                __sflush_r
 .text._fflush_r
                0x08009fe4       0x5c c:/progra~1/stmicr~1/stm32c~1/gcc-ar~1/bin/../lib/gcc/arm-none-eabi/10.3.1/../../../../arm-none-eabi/lib/thumb/v7e-m/nofp\libc.a(lib_a-fflush.o)
                0x08009fe4                _fflush_r
 .text._cleanup_r
                0x0800a040        0xc c:/progra~1/stmicr~1/stm32c~1/gcc-ar~1/bin/../lib/gcc/arm-none-eabi/10.3.1/../../../../arm-none-eabi/lib/thumb/v7e-m/nofp\libc.a(lib_a-findfp.o)
                0x0800a040                _cleanup_r
 .text.__sinit  0x0800a04c      0x10c c:/progra~1/stmicr~1/stm32c~1/gcc-ar~1/bin/../lib/gcc/arm-none-eabi/10.3.1/../../../../arm-none-eabi/lib/thumb/v7e-m/nofp\libc.a(lib_a-findfp.o)
                0x0800a04c                __sinit
 .text.__sfp_lock_acquire
                0x0800a158        0xc c:/progra~1/stmicr~1/stm32c~1/gcc-ar~1/bin/../lib/gcc/arm-none-eabi/10.3.1/../../../../arm-none-eabi/lib/thumb/v7e-m/nofp\libc.a(lib_a-findfp.o)
                0x0800a158                __sfp_lock_acquire
 .text.__sfp_lock_release
                0x0800a164        0xc c:/progra~1/stmicr~1/stm32c~1/gcc-ar~1/bin/../lib/gcc/arm-none-eabi/10.3.1/../../../../arm-none-eabi/lib/thumb/v7e-m/nofp\libc.a(lib_a-findfp.o)
                0x0800a164                __sfp_lock_release
 .text.__libc_fini_array
                0x0800a170       0x2c c:/progra~1/stmicr~1/stm32c~1/gcc-ar~1/bin/../lib/gcc/arm-none-eabi/10.3.1/../../../../arm-none-eabi/lib/thumb/v7e-m/nofp\libc.a(lib_a-fini.o)
                0x0800a170                __libc_fini_array
 .text._malloc_trim_r
                0x0800a19c       0xa0 c:/progra~1/stmicr~1/stm32c~1/gcc-ar~1/bin/../lib/gcc/arm-none-eabi/10.3.1/../../../../arm-none-eabi/lib/thumb/v7e-m/nofp\libc.a(lib_a-freer.o)
                0x0800a19c                _malloc_trim_r
 .text._free_r  0x0800a23c      0x20c c:/progra~1/stmicr~1/stm32c~1/gcc-ar~1/bin/../lib/gcc/arm-none-eabi/10.3.1/../../../../arm-none-eabi/lib/thumb/v7e-m/nofp\libc.a(lib_a-freer.o)
                0x0800a23c                _free_r
 .text.__sfvwrite_r
                0x0800a448      0x2e8 c:/progra~1/stmicr~1/stm32c~1/gcc-ar~1/bin/../lib/gcc/arm-none-eabi/10.3.1/../../../../arm-none-eabi/lib/thumb/v7e-m/nofp\libc.a(lib_a-fvwrite.o)
                0x0800a448                __sfvwrite_r
 .text._fwalk_reent
                0x0800a730       0x48 c:/progra~1/stmicr~1/stm32c~1/gcc-ar~1/bin/../lib/gcc/arm-none-eabi/10.3.1/../../../../arm-none-eabi/lib/thumb/v7e-m/nofp\libc.a(lib_a-fwalk.o)
                0x0800a730                _fwalk_reent
 .text._localeconv_r
                0x0800a778        0x8 c:/progra~1/stmicr~1/stm32c~1/gcc-ar~1/bin/../lib/gcc/arm-none-eabi/10.3.1/../../../../arm-none-eabi/lib/thumb/v7e-m/nofp\libc.a(lib_a-localeconv.o)
                0x0800a778                _localeconv_r
 .text.__retarget_lock_init_recursive
                0x0800a780        0x4 c:/progra~1/stmicr~1/stm32c~1/gcc-ar~1/bin/../lib/gcc/arm-none-eabi/10.3.1/../../../../arm-none-eabi/lib/thumb/v7e-m/nofp\libc.a(lib_a-lock.o)
                0x0800a780                __retarget_lock_init_recursive
 .text.__retarget_lock_close_recursive
                0x0800a784        0x4 c:/progra~1/stmicr~1/stm32c~1/gcc-ar~1/bin/../lib/gcc/arm-none-eabi/10.3.1/../../../../arm-none-eabi/lib/thumb/v7e-m/nofp\libc.a(lib_a-lock.o)
                0x0800a784                __retarget_lock_close_recursive
 .text.__retarget_lock_acquire_recursive
                0x0800a788        0x4 c:/progra~1/stmicr~1/stm32c~1/gcc-ar~1/bin/../lib/gcc/arm-none-eabi/10.3.1/../../../../arm-none-eabi/lib/thumb/v7e-m/nofp\libc.a(lib_a-lock.o)
                0x0800a788                __retarget_lock_acquire_recursive
 .text.__retarget_lock_release_recursive
                0x0800a78c        0x4 c:/progra~1/stmicr~1/stm32c~1/gcc-ar~1/bin/../lib/gcc/arm-none-eabi/10.3.1/../../../../arm-none-eabi/lib/thumb/v7e-m/nofp\libc.a(lib_a-lock.o)
                0x0800a78c                __retarget_lock_release_recursive
 .text.__smakebuf_r
                0x0800a790       0xe0 c:/progra~1/stmicr~1/stm32c~1/gcc-ar~1/bin/../lib/gcc/arm-none-eabi/10.3.1/../../../../arm-none-eabi/lib/thumb/v7e-m/nofp\libc.a(lib_a-makebuf.o)
                0x0800a790                __smakebuf_r
 .text._malloc_r
                0x0800a870      0x560 c:/progra~1/stmicr~1/stm32c~1/gcc-ar~1/bin/../lib/gcc/arm-none-eabi/10.3.1/../../../../arm-none-eabi/lib/thumb/v7e-m/nofp\libc.a(lib_a-mallocr.o)
                0x0800a870                _malloc_r
 .text.memmove  0x0800add0       0xf8 c:/progra~1/stmicr~1/stm32c~1/gcc-ar~1/bin/../lib/gcc/arm-none-eabi/10.3.1/../../../../arm-none-eabi/lib/thumb/v7e-m/nofp\libc.a(lib_a-memmove.o)
                0x0800add0                memmove
 .text.__malloc_lock
                0x0800aec8        0xc c:/progra~1/stmicr~1/stm32c~1/gcc-ar~1/bin/../lib/gcc/arm-none-eabi/10.3.1/../../../../arm-none-eabi/lib/thumb/v7e-m/nofp\libc.a(lib_a-mlock.o)
                0x0800aec8                __malloc_lock
 .text.__malloc_unlock
                0x0800aed4        0xc c:/progra~1/stmicr~1/stm32c~1/gcc-ar~1/bin/../lib/gcc/arm-none-eabi/10.3.1/../../../../arm-none-eabi/lib/thumb/v7e-m/nofp\libc.a(lib_a-mlock.o)
                0x0800aed4                __malloc_unlock
 .text._Balloc  0x0800aee0       0x4c c:/progra~1/stmicr~1/stm32c~1/gcc-ar~1/bin/../lib/gcc/arm-none-eabi/10.3.1/../../../../arm-none-eabi/lib/thumb/v7e-m/nofp\libc.a(lib_a-mprec.o)
                0x0800aee0                _Balloc
 .text._Bfree   0x0800af2c       0x14 c:/progra~1/stmicr~1/stm32c~1/gcc-ar~1/bin/../lib/gcc/arm-none-eabi/10.3.1/../../../../arm-none-eabi/lib/thumb/v7e-m/nofp\libc.a(lib_a-mprec.o)
                0x0800af2c                _Bfree
 .text.__multadd
                0x0800af40       0xa0 c:/progra~1/stmicr~1/stm32c~1/gcc-ar~1/bin/../lib/gcc/arm-none-eabi/10.3.1/../../../../arm-none-eabi/lib/thumb/v7e-m/nofp\libc.a(lib_a-mprec.o)
                0x0800af40                __multadd
 .text.__hi0bits
                0x0800afe0       0x40 c:/progra~1/stmicr~1/stm32c~1/gcc-ar~1/bin/../lib/gcc/arm-none-eabi/10.3.1/../../../../arm-none-eabi/lib/thumb/v7e-m/nofp\libc.a(lib_a-mprec.o)
                0x0800afe0                __hi0bits
 .text.__lo0bits
                0x0800b020       0x5c c:/progra~1/stmicr~1/stm32c~1/gcc-ar~1/bin/../lib/gcc/arm-none-eabi/10.3.1/../../../../arm-none-eabi/lib/thumb/v7e-m/nofp\libc.a(lib_a-mprec.o)
                0x0800b020                __lo0bits
 .text.__i2b    0x0800b07c       0x5c c:/progra~1/stmicr~1/stm32c~1/gcc-ar~1/bin/../lib/gcc/arm-none-eabi/10.3.1/../../../../arm-none-eabi/lib/thumb/v7e-m/nofp\libc.a(lib_a-mprec.o)
                0x0800b07c                __i2b
 .text.__multiply
                0x0800b0d8      0x15c c:/progra~1/stmicr~1/stm32c~1/gcc-ar~1/bin/../lib/gcc/arm-none-eabi/10.3.1/../../../../arm-none-eabi/lib/thumb/v7e-m/nofp\libc.a(lib_a-mprec.o)
                0x0800b0d8                __multiply
 .text.__pow5mult
                0x0800b234       0xc0 c:/progra~1/stmicr~1/stm32c~1/gcc-ar~1/bin/../lib/gcc/arm-none-eabi/10.3.1/../../../../arm-none-eabi/lib/thumb/v7e-m/nofp\libc.a(lib_a-mprec.o)
                0x0800b234                __pow5mult
 .text.__lshift
                0x0800b2f4       0xf0 c:/progra~1/stmicr~1/stm32c~1/gcc-ar~1/bin/../lib/gcc/arm-none-eabi/10.3.1/../../../../arm-none-eabi/lib/thumb/v7e-m/nofp\libc.a(lib_a-mprec.o)
                0x0800b2f4                __lshift
 .text.__mcmp   0x0800b3e4       0x40 c:/progra~1/stmicr~1/stm32c~1/gcc-ar~1/bin/../lib/gcc/arm-none-eabi/10.3.1/../../../../arm-none-eabi/lib/thumb/v7e-m/nofp\libc.a(lib_a-mprec.o)
                0x0800b3e4                __mcmp
 .text.__mdiff  0x0800b424      0x14c c:/progra~1/stmicr~1/stm32c~1/gcc-ar~1/bin/../lib/gcc/arm-none-eabi/10.3.1/../../../../arm-none-eabi/lib/thumb/v7e-m/nofp\libc.a(lib_a-mprec.o)
                0x0800b424                __mdiff
 .text.__d2b    0x0800b570       0xc4 c:/progra~1/stmicr~1/stm32c~1/gcc-ar~1/bin/../lib/gcc/arm-none-eabi/10.3.1/../../../../arm-none-eabi/lib/thumb/v7e-m/nofp\libc.a(lib_a-mprec.o)
                0x0800b570                __d2b
 .text._realloc_r
                0x0800b634      0x3d8 c:/progra~1/stmicr~1/stm32c~1/gcc-ar~1/bin/../lib/gcc/arm-none-eabi/10.3.1/../../../../arm-none-eabi/lib/thumb/v7e-m/nofp\libc.a(lib_a-reallocr.o)
                0x0800b634                _realloc_r
 .text.frexp    0x0800ba0c       0x70 c:/progra~1/stmicr~1/stm32c~1/gcc-ar~1/bin/../lib/gcc/arm-none-eabi/10.3.1/../../../../arm-none-eabi/lib/thumb/v7e-m/nofp\libc.a(lib_a-s_frexp.o)
                0x0800ba0c                frexp
 .text._sbrk_r  0x0800ba7c       0x24 c:/progra~1/stmicr~1/stm32c~1/gcc-ar~1/bin/../lib/gcc/arm-none-eabi/10.3.1/../../../../arm-none-eabi/lib/thumb/v7e-m/nofp\libc.a(lib_a-sbrkr.o)
                0x0800ba7c                _sbrk_r
 .text.__sread  0x0800baa0       0x24 c:/progra~1/stmicr~1/stm32c~1/gcc-ar~1/bin/../lib/gcc/arm-none-eabi/10.3.1/../../../../arm-none-eabi/lib/thumb/v7e-m/nofp\libc.a(lib_a-stdio.o)
                0x0800baa0                __sread
 .text.__swrite
                0x0800bac4       0x40 c:/progra~1/stmicr~1/stm32c~1/gcc-ar~1/bin/../lib/gcc/arm-none-eabi/10.3.1/../../../../arm-none-eabi/lib/thumb/v7e-m/nofp\libc.a(lib_a-stdio.o)
                0x0800bac4                __swrite
 .text.__sseek  0x0800bb04       0x20 c:/progra~1/stmicr~1/stm32c~1/gcc-ar~1/bin/../lib/gcc/arm-none-eabi/10.3.1/../../../../arm-none-eabi/lib/thumb/v7e-m/nofp\libc.a(lib_a-stdio.o)
                0x0800bb04                __sseek
 .text.__sclose
                0x0800bb24        0x8 c:/progra~1/stmicr~1/stm32c~1/gcc-ar~1/bin/../lib/gcc/arm-none-eabi/10.3.1/../../../../arm-none-eabi/lib/thumb/v7e-m/nofp\libc.a(lib_a-stdio.o)
                0x0800bb24                __sclose
 .text.strncpy  0x0800bb2c       0x64 c:/progra~1/stmicr~1/stm32c~1/gcc-ar~1/bin/../lib/gcc/arm-none-eabi/10.3.1/../../../../arm-none-eabi/lib/thumb/v7e-m/nofp\libc.a(lib_a-strncpy.o)
                0x0800bb2c                strncpy
 .text.__sprint_r.part.0
                0x0800bb90       0x78 c:/progra~1/stmicr~1/stm32c~1/gcc-ar~1/bin/../lib/gcc/arm-none-eabi/10.3.1/../../../../arm-none-eabi/lib/thumb/v7e-m/nofp\libc.a(lib_a-vfiprintf.o)
 .text.__sprint_r
                0x0800bc08       0x14 c:/progra~1/stmicr~1/stm32c~1/gcc-ar~1/bin/../lib/gcc/arm-none-eabi/10.3.1/../../../../arm-none-eabi/lib/thumb/v7e-m/nofp\libc.a(lib_a-vfiprintf.o)
                0x0800bc08                __sprint_r
 .text._vfiprintf_r
                0x0800bc1c      0xda0 c:/progra~1/stmicr~1/stm32c~1/gcc-ar~1/bin/../lib/gcc/arm-none-eabi/10.3.1/../../../../arm-none-eabi/lib/thumb/v7e-m/nofp\libc.a(lib_a-vfiprintf.o)
                0x0800bc1c                _vfiprintf_r
 .text.__sbprintf
                0x0800c9bc       0x80 c:/progra~1/stmicr~1/stm32c~1/gcc-ar~1/bin/../lib/gcc/arm-none-eabi/10.3.1/../../../../arm-none-eabi/lib/thumb/v7e-m/nofp\libc.a(lib_a-vfiprintf.o)
 .text._write_r
                0x0800ca3c       0x2c c:/progra~1/stmicr~1/stm32c~1/gcc-ar~1/bin/../lib/gcc/arm-none-eabi/10.3.1/../../../../arm-none-eabi/lib/thumb/v7e-m/nofp\libc.a(lib_a-writer.o)
                0x0800ca3c                _write_r
 .text.__register_exitproc
                0x0800ca68       0x8c c:/progra~1/stmicr~1/stm32c~1/gcc-ar~1/bin/../lib/gcc/arm-none-eabi/10.3.1/../../../../arm-none-eabi/lib/thumb/v7e-m/nofp\libc.a(lib_a-__atexit.o)
                0x0800ca68                __register_exitproc
 .text.__assert_func
                0x0800caf4       0x40 c:/progra~1/stmicr~1/stm32c~1/gcc-ar~1/bin/../lib/gcc/arm-none-eabi/10.3.1/../../../../arm-none-eabi/lib/thumb/v7e-m/nofp\libc.a(lib_a-assert.o)
                0x0800caf4                __assert_func
 .text._calloc_r
                0x0800cb34       0x78 c:/progra~1/stmicr~1/stm32c~1/gcc-ar~1/bin/../lib/gcc/arm-none-eabi/10.3.1/../../../../arm-none-eabi/lib/thumb/v7e-m/nofp\libc.a(lib_a-callocr.o)
                0x0800cb34                _calloc_r
 .text._close_r
                0x0800cbac       0x24 c:/progra~1/stmicr~1/stm32c~1/gcc-ar~1/bin/../lib/gcc/arm-none-eabi/10.3.1/../../../../arm-none-eabi/lib/thumb/v7e-m/nofp\libc.a(lib_a-closer.o)
                0x0800cbac                _close_r
 .text._fclose_r
                0x0800cbd0       0xcc c:/progra~1/stmicr~1/stm32c~1/gcc-ar~1/bin/../lib/gcc/arm-none-eabi/10.3.1/../../../../arm-none-eabi/lib/thumb/v7e-m/nofp\libc.a(lib_a-fclose.o)
                0x0800cbd0                _fclose_r
 .text.fiprintf
                0x0800cc9c       0x28 c:/progra~1/stmicr~1/stm32c~1/gcc-ar~1/bin/../lib/gcc/arm-none-eabi/10.3.1/../../../../arm-none-eabi/lib/thumb/v7e-m/nofp\libc.a(lib_a-fiprintf.o)
                0x0800cc9c                fiprintf
 .text.__fputwc
                0x0800ccc4       0xa8 c:/progra~1/stmicr~1/stm32c~1/gcc-ar~1/bin/../lib/gcc/arm-none-eabi/10.3.1/../../../../arm-none-eabi/lib/thumb/v7e-m/nofp\libc.a(lib_a-fputwc.o)
                0x0800ccc4                __fputwc
 .text._fputwc_r
                0x0800cd6c       0x68 c:/progra~1/stmicr~1/stm32c~1/gcc-ar~1/bin/../lib/gcc/arm-none-eabi/10.3.1/../../../../arm-none-eabi/lib/thumb/v7e-m/nofp\libc.a(lib_a-fputwc.o)
                0x0800cd6c                _fputwc_r
 .text._fstat_r
                0x0800cdd4       0x2c c:/progra~1/stmicr~1/stm32c~1/gcc-ar~1/bin/../lib/gcc/arm-none-eabi/10.3.1/../../../../arm-none-eabi/lib/thumb/v7e-m/nofp\libc.a(lib_a-fstatr.o)
                0x0800cdd4                _fstat_r
 .text._isatty_r
                0x0800ce00       0x24 c:/progra~1/stmicr~1/stm32c~1/gcc-ar~1/bin/../lib/gcc/arm-none-eabi/10.3.1/../../../../arm-none-eabi/lib/thumb/v7e-m/nofp\libc.a(lib_a-isattyr.o)
                0x0800ce00                _isatty_r
 .text.__locale_mb_cur_max
                0x0800ce24        0xc c:/progra~1/stmicr~1/stm32c~1/gcc-ar~1/bin/../lib/gcc/arm-none-eabi/10.3.1/../../../../arm-none-eabi/lib/thumb/v7e-m/nofp\libc.a(lib_a-locale.o)
                0x0800ce24                __locale_mb_cur_max
 .text._lseek_r
                0x0800ce30       0x2c c:/progra~1/stmicr~1/stm32c~1/gcc-ar~1/bin/../lib/gcc/arm-none-eabi/10.3.1/../../../../arm-none-eabi/lib/thumb/v7e-m/nofp\libc.a(lib_a-lseekr.o)
                0x0800ce30                _lseek_r
 .text.__ascii_mbtowc
                0x0800ce5c       0x2c c:/progra~1/stmicr~1/stm32c~1/gcc-ar~1/bin/../lib/gcc/arm-none-eabi/10.3.1/../../../../arm-none-eabi/lib/thumb/v7e-m/nofp\libc.a(lib_a-mbtowc_r.o)
                0x0800ce5c                __ascii_mbtowc
 .text._read_r  0x0800ce88       0x2c c:/progra~1/stmicr~1/stm32c~1/gcc-ar~1/bin/../lib/gcc/arm-none-eabi/10.3.1/../../../../arm-none-eabi/lib/thumb/v7e-m/nofp\libc.a(lib_a-readr.o)
                0x0800ce88                _read_r
 .text.__swbuf_r
                0x0800ceb4       0xb0 c:/progra~1/stmicr~1/stm32c~1/gcc-ar~1/bin/../lib/gcc/arm-none-eabi/10.3.1/../../../../arm-none-eabi/lib/thumb/v7e-m/nofp\libc.a(lib_a-wbuf.o)
                0x0800ceb4                __swbuf_r
 .text._wcrtomb_r
                0x0800cf64       0x3c c:/progra~1/stmicr~1/stm32c~1/gcc-ar~1/bin/../lib/gcc/arm-none-eabi/10.3.1/../../../../arm-none-eabi/lib/thumb/v7e-m/nofp\libc.a(lib_a-wcrtomb.o)
                0x0800cf64                _wcrtomb_r
 .text.__ascii_wctomb
                0x0800cfa0       0x1c c:/progra~1/stmicr~1/stm32c~1/gcc-ar~1/bin/../lib/gcc/arm-none-eabi/10.3.1/../../../../arm-none-eabi/lib/thumb/v7e-m/nofp\libc.a(lib_a-wctomb_r.o)
                0x0800cfa0                __ascii_wctomb
 .text.abort    0x0800cfbc       0x10 c:/progra~1/stmicr~1/stm32c~1/gcc-ar~1/bin/../lib/gcc/arm-none-eabi/10.3.1/../../../../arm-none-eabi/lib/thumb/v7e-m/nofp\libc.a(lib_a-abort.o)
                0x0800cfbc                abort
 .text.raise    0x0800cfcc       0x5c c:/progra~1/stmicr~1/stm32c~1/gcc-ar~1/bin/../lib/gcc/arm-none-eabi/10.3.1/../../../../arm-none-eabi/lib/thumb/v7e-m/nofp\libc.a(lib_a-signal.o)
                0x0800cfcc                raise
 .text._kill_r  0x0800d028       0x2c c:/progra~1/stmicr~1/stm32c~1/gcc-ar~1/bin/../lib/gcc/arm-none-eabi/10.3.1/../../../../arm-none-eabi/lib/thumb/v7e-m/nofp\libc.a(lib_a-signalr.o)
                0x0800d028                _kill_r
 .text._getpid_r
                0x0800d054        0x4 c:/progra~1/stmicr~1/stm32c~1/gcc-ar~1/bin/../lib/gcc/arm-none-eabi/10.3.1/../../../../arm-none-eabi/lib/thumb/v7e-m/nofp\libc.a(lib_a-signalr.o)
                0x0800d054                _getpid_r
 *(.glue_7)
 .glue_7        0x0800d058        0x0 linker stubs
 *(.glue_7t)
 .glue_7t       0x0800d058        0x0 linker stubs
 *(.eh_frame)
 .eh_frame      0x0800d058        0x0 c:/progra~1/stmicr~1/stm32c~1/gcc-ar~1/bin/../lib/gcc/arm-none-eabi/10.3.1/thumb/v7e-m/nofp/crtbegin.o
 *(.init)
 .init          0x0800d058        0x4 c:/progra~1/stmicr~1/stm32c~1/gcc-ar~1/bin/../lib/gcc/arm-none-eabi/10.3.1/thumb/v7e-m/nofp/crti.o
                0x0800d058                _init
 .init          0x0800d05c        0x8 c:/progra~1/stmicr~1/stm32c~1/gcc-ar~1/bin/../lib/gcc/arm-none-eabi/10.3.1/thumb/v7e-m/nofp/crtn.o
 *(.fini)
 .fini          0x0800d064        0x4 c:/progra~1/stmicr~1/stm32c~1/gcc-ar~1/bin/../lib/gcc/arm-none-eabi/10.3.1/thumb/v7e-m/nofp/crti.o
                0x0800d064                _fini
 .fini          0x0800d068        0x8 c:/progra~1/stmicr~1/stm32c~1/gcc-ar~1/bin/../lib/gcc/arm-none-eabi/10.3.1/thumb/v7e-m/nofp/crtn.o
                0x0800d070                . = ALIGN (0x4)
                0x0800d070                _etext = .

.vfp11_veneer   0x0800d070        0x0
 .vfp11_veneer  0x0800d070        0x0 linker stubs

.v4_bx          0x0800d070        0x0
 .v4_bx         0x0800d070        0x0 linker stubs

.iplt           0x0800d070        0x0
 .iplt          0x0800d070        0x0 c:/progra~1/stmicr~1/stm32c~1/gcc-ar~1/bin/../lib/gcc/arm-none-eabi/10.3.1/thumb/v7e-m/nofp/crtbegin.o

.rodata         0x0800d070     0x18d8
                0x0800d070                . = ALIGN (0x4)
 *(.rodata)
 *(.rodata*)
 .rodata.DCMI_OV5640_Init.str1.1
                0x0800d070       0x2f CMakeFiles/STM32H750XBH6.elf.dir/Core/Src/dcmi.c.obj
 .rodata.OV5640_AF_Download_Firmware.str1.1
                0x0800d09f       0x4a CMakeFiles/STM32H750XBH6.elf.dir/Core/Src/dcmi.c.obj
 .rodata.OV5640_AF_Firmware
                0x0800d0e9      0xfed CMakeFiles/STM32H750XBH6.elf.dir/Core/Src/dcmi.c.obj
                0x0800d0e9                OV5640_AF_Firmware
 .rodata.OV5640_INIT_Config
                0x0800e0d6      0x3f8 CMakeFiles/STM32H750XBH6.elf.dir/Core/Src/dcmi.c.obj
                0x0800e0d6                OV5640_INIT_Config
 .rodata.D1CorePrescTable
                0x0800e4ce       0x10 CMakeFiles/STM32H750XBH6.elf.dir/Core/Src/system_stm32h7xx.c.obj
                0x0800e4ce                D1CorePrescTable
 .rodata.flagBitshiftOffset.0
                0x0800e4de        0x8 CMakeFiles/STM32H750XBH6.elf.dir/Drivers/STM32H7xx_HAL_Driver/Src/stm32h7xx_hal_dma.c.obj
 .rodata.CSWTCH.61
                0x0800e4e6       0x29 CMakeFiles/STM32H750XBH6.elf.dir/Drivers/STM32H7xx_HAL_Driver/Src/stm32h7xx_hal_uart.c.obj
 .rodata.CSWTCH.62
                0x0800e50f        0x6 CMakeFiles/STM32H750XBH6.elf.dir/Drivers/STM32H7xx_HAL_Driver/Src/stm32h7xx_hal_uart.c.obj
 .rodata.CSWTCH.69
                0x0800e515        0x6 CMakeFiles/STM32H750XBH6.elf.dir/Drivers/STM32H7xx_HAL_Driver/Src/stm32h7xx_hal_uart.c.obj
 *fill*         0x0800e51b        0x1 
 .rodata.UARTPrescTable
                0x0800e51c       0x18 CMakeFiles/STM32H750XBH6.elf.dir/Drivers/STM32H7xx_HAL_Driver/Src/stm32h7xx_hal_uart.c.obj
                0x0800e51c                UARTPrescTable
 .rodata.denominator.0
                0x0800e534        0x8 CMakeFiles/STM32H750XBH6.elf.dir/Drivers/STM32H7xx_HAL_Driver/Src/stm32h7xx_hal_uart_ex.c.obj
 .rodata.numerator.1
                0x0800e53c        0x8 CMakeFiles/STM32H750XBH6.elf.dir/Drivers/STM32H7xx_HAL_Driver/Src/stm32h7xx_hal_uart_ex.c.obj
 .rodata._global_impure_ptr
                0x0800e544        0x4 c:/progra~1/stmicr~1/stm32c~1/gcc-ar~1/bin/../lib/gcc/arm-none-eabi/10.3.1/../../../../arm-none-eabi/lib/thumb/v7e-m/nofp\libc.a(lib_a-impure.o)
                0x0800e544                _global_impure_ptr
 .rodata._puts_r.str1.4
                0x0800e548        0x2 c:/progra~1/stmicr~1/stm32c~1/gcc-ar~1/bin/../lib/gcc/arm-none-eabi/10.3.1/../../../../arm-none-eabi/lib/thumb/v7e-m/nofp\libc.a(lib_a-puts.o)
 *fill*         0x0800e54a        0x2 
 .rodata._vfprintf_r.str1.4
                0x0800e54c       0x42 c:/progra~1/stmicr~1/stm32c~1/gcc-ar~1/bin/../lib/gcc/arm-none-eabi/10.3.1/../../../../arm-none-eabi/lib/thumb/v7e-m/nofp\libc.a(lib_a-vfprintf.o)
 *fill*         0x0800e58e        0x2 
 .rodata.blanks.1
                0x0800e590       0x10 c:/progra~1/stmicr~1/stm32c~1/gcc-ar~1/bin/../lib/gcc/arm-none-eabi/10.3.1/../../../../arm-none-eabi/lib/thumb/v7e-m/nofp\libc.a(lib_a-vfprintf.o)
 .rodata.zeroes.0
                0x0800e5a0       0x10 c:/progra~1/stmicr~1/stm32c~1/gcc-ar~1/bin/../lib/gcc/arm-none-eabi/10.3.1/../../../../arm-none-eabi/lib/thumb/v7e-m/nofp\libc.a(lib_a-vfprintf.o)
 .rodata._dtoa_r.str1.4
                0x0800e5b0       0xa2 c:/progra~1/stmicr~1/stm32c~1/gcc-ar~1/bin/../lib/gcc/arm-none-eabi/10.3.1/../../../../arm-none-eabi/lib/thumb/v7e-m/nofp\libc.a(lib_a-dtoa.o)
                                 0xa6 (size before relaxing)
 *fill*         0x0800e652        0x2 
 .rodata.__multadd.str1.4
                0x0800e654       0x7f c:/progra~1/stmicr~1/stm32c~1/gcc-ar~1/bin/../lib/gcc/arm-none-eabi/10.3.1/../../../../arm-none-eabi/lib/thumb/v7e-m/nofp\libc.a(lib_a-mprec.o)
                                 0x93 (size before relaxing)
 *fill*         0x0800e6d3        0x5 
 .rodata.__mprec_bigtens
                0x0800e6d8       0x28 c:/progra~1/stmicr~1/stm32c~1/gcc-ar~1/bin/../lib/gcc/arm-none-eabi/10.3.1/../../../../arm-none-eabi/lib/thumb/v7e-m/nofp\libc.a(lib_a-mprec.o)
                0x0800e6d8                __mprec_bigtens
 .rodata.__mprec_tens
                0x0800e700       0xc8 c:/progra~1/stmicr~1/stm32c~1/gcc-ar~1/bin/../lib/gcc/arm-none-eabi/10.3.1/../../../../arm-none-eabi/lib/thumb/v7e-m/nofp\libc.a(lib_a-mprec.o)
                0x0800e700                __mprec_tens
 .rodata.p05.0  0x0800e7c8        0xc c:/progra~1/stmicr~1/stm32c~1/gcc-ar~1/bin/../lib/gcc/arm-none-eabi/10.3.1/../../../../arm-none-eabi/lib/thumb/v7e-m/nofp\libc.a(lib_a-mprec.o)
 .rodata._vfiprintf_r.str1.4
                0x0800e7d4       0x2f c:/progra~1/stmicr~1/stm32c~1/gcc-ar~1/bin/../lib/gcc/arm-none-eabi/10.3.1/../../../../arm-none-eabi/lib/thumb/v7e-m/nofp\libc.a(lib_a-vfiprintf.o)
 .rodata.blanks.1
                0x0800e7d4       0x10 c:/progra~1/stmicr~1/stm32c~1/gcc-ar~1/bin/../lib/gcc/arm-none-eabi/10.3.1/../../../../arm-none-eabi/lib/thumb/v7e-m/nofp\libc.a(lib_a-vfiprintf.o)
 .rodata.zeroes.0
                0x0800e7e4       0x10 c:/progra~1/stmicr~1/stm32c~1/gcc-ar~1/bin/../lib/gcc/arm-none-eabi/10.3.1/../../../../arm-none-eabi/lib/thumb/v7e-m/nofp\libc.a(lib_a-vfiprintf.o)
 .rodata.__assert_func.str1.4
                0x0800e7f4       0x3f c:/progra~1/stmicr~1/stm32c~1/gcc-ar~1/bin/../lib/gcc/arm-none-eabi/10.3.1/../../../../arm-none-eabi/lib/thumb/v7e-m/nofp\libc.a(lib_a-assert.o)
                                 0x43 (size before relaxing)
 *fill*         0x0800e833        0x1 
 .rodata._setlocale_r.str1.4
                0x0800e834        0xa c:/progra~1/stmicr~1/stm32c~1/gcc-ar~1/bin/../lib/gcc/arm-none-eabi/10.3.1/../../../../arm-none-eabi/lib/thumb/v7e-m/nofp\libc.a(lib_a-locale.o)
                                  0xd (size before relaxing)
 *fill*         0x0800e83e        0x2 
 .rodata.str1.4
                0x0800e840        0x2 c:/progra~1/stmicr~1/stm32c~1/gcc-ar~1/bin/../lib/gcc/arm-none-eabi/10.3.1/../../../../arm-none-eabi/lib/thumb/v7e-m/nofp\libc.a(lib_a-locale.o)
 *fill*         0x0800e842        0x2 
 .rodata._ctype_
                0x0800e844      0x101 c:/progra~1/stmicr~1/stm32c~1/gcc-ar~1/bin/../lib/gcc/arm-none-eabi/10.3.1/../../../../arm-none-eabi/lib/thumb/v7e-m/nofp\libc.a(lib_a-ctype_.o)
                0x0800e844                _ctype_
                0x0800e948                . = ALIGN (0x4)
 *fill*         0x0800e945        0x3 

.ARM.extab
 *(.ARM.extab* .gnu.linkonce.armextab.*)

.ARM            0x0800e948        0x8
                0x0800e948                __exidx_start = .
 *(.ARM.exidx*)
 .ARM.exidx     0x0800e948        0x8 c:/progra~1/stmicr~1/stm32c~1/gcc-ar~1/bin/../lib/gcc/arm-none-eabi/10.3.1/thumb/v7e-m/nofp\libgcc.a(_udivmoddi4.o)
                0x0800e950                __exidx_end = .

.rel.dyn        0x0800e950        0x0
 .rel.iplt      0x0800e950        0x0 c:/progra~1/stmicr~1/stm32c~1/gcc-ar~1/bin/../lib/gcc/arm-none-eabi/10.3.1/thumb/v7e-m/nofp/crtbegin.o

.preinit_array  0x0800e950        0x0
                0x0800e950                PROVIDE (__preinit_array_start = .)
 *(.preinit_array*)
                0x0800e950                PROVIDE (__preinit_array_end = .)

.init_array     0x0800e950        0x8
                0x0800e950                PROVIDE (__init_array_start = .)
 *(SORT_BY_NAME(.init_array.*))
 .init_array.00000
                0x0800e950        0x4 c:/progra~1/stmicr~1/stm32c~1/gcc-ar~1/bin/../lib/gcc/arm-none-eabi/10.3.1/../../../../arm-none-eabi/lib/thumb/v7e-m/nofp\libc.a(lib_a-__call_atexit.o)
 *(.init_array*)
 .init_array    0x0800e954        0x4 c:/progra~1/stmicr~1/stm32c~1/gcc-ar~1/bin/../lib/gcc/arm-none-eabi/10.3.1/thumb/v7e-m/nofp/crtbegin.o
                0x0800e958                PROVIDE (__init_array_end = .)

.fini_array     0x0800e958        0x4
                0x0800e958                PROVIDE (__fini_array_start = .)
 *(SORT_BY_NAME(.fini_array.*))
 *(.fini_array*)
 .fini_array    0x0800e958        0x4 c:/progra~1/stmicr~1/stm32c~1/gcc-ar~1/bin/../lib/gcc/arm-none-eabi/10.3.1/thumb/v7e-m/nofp/crtbegin.o
                0x0800e95c                PROVIDE (__fini_array_end = .)
                0x0800e95c                _sidata = LOADADDR (.data)

.data           0x20000000      0x9c0 load address 0x0800e95c
                0x20000000                . = ALIGN (0x4)
                0x20000000                _sdata = .
 *(.data)
 *(.data*)
 .data.SystemCoreClock
                0x20000000        0x4 CMakeFiles/STM32H750XBH6.elf.dir/Core/Src/system_stm32h7xx.c.obj
                0x20000000                SystemCoreClock
 .data.SystemD2Clock
                0x20000004        0x4 CMakeFiles/STM32H750XBH6.elf.dir/Core/Src/system_stm32h7xx.c.obj
                0x20000004                SystemD2Clock
 .data.uwTickFreq
                0x20000008        0x1 CMakeFiles/STM32H750XBH6.elf.dir/Drivers/STM32H7xx_HAL_Driver/Src/stm32h7xx_hal.c.obj
                0x20000008                uwTickFreq
 *fill*         0x20000009        0x3 
 .data.uwTickPrio
                0x2000000c        0x4 CMakeFiles/STM32H750XBH6.elf.dir/Drivers/STM32H7xx_HAL_Driver/Src/stm32h7xx_hal.c.obj
                0x2000000c                uwTickPrio
 .data._impure_ptr
                0x20000010        0x4 c:/progra~1/stmicr~1/stm32c~1/gcc-ar~1/bin/../lib/gcc/arm-none-eabi/10.3.1/../../../../arm-none-eabi/lib/thumb/v7e-m/nofp\libc.a(lib_a-impure.o)
                0x20000010                _impure_ptr
 *fill*         0x20000014        0x4 
 .data.impure_data
                0x20000018      0x428 c:/progra~1/stmicr~1/stm32c~1/gcc-ar~1/bin/../lib/gcc/arm-none-eabi/10.3.1/../../../../arm-none-eabi/lib/thumb/v7e-m/nofp\libc.a(lib_a-impure.o)
 .data.__atexit_recursive_mutex
                0x20000440        0x4 c:/progra~1/stmicr~1/stm32c~1/gcc-ar~1/bin/../lib/gcc/arm-none-eabi/10.3.1/../../../../arm-none-eabi/lib/thumb/v7e-m/nofp\libc.a(lib_a-__call_atexit.o)
                0x20000440                __atexit_recursive_mutex
 .data.__malloc_av_
                0x20000444      0x408 c:/progra~1/stmicr~1/stm32c~1/gcc-ar~1/bin/../lib/gcc/arm-none-eabi/10.3.1/../../../../arm-none-eabi/lib/thumb/v7e-m/nofp\libc.a(lib_a-mallocr.o)
                0x20000444                __malloc_av_
 .data.__malloc_sbrk_base
                0x2000084c        0x4 c:/progra~1/stmicr~1/stm32c~1/gcc-ar~1/bin/../lib/gcc/arm-none-eabi/10.3.1/../../../../arm-none-eabi/lib/thumb/v7e-m/nofp\libc.a(lib_a-mallocr.o)
                0x2000084c                __malloc_sbrk_base
 .data.__malloc_trim_threshold
                0x20000850        0x4 c:/progra~1/stmicr~1/stm32c~1/gcc-ar~1/bin/../lib/gcc/arm-none-eabi/10.3.1/../../../../arm-none-eabi/lib/thumb/v7e-m/nofp\libc.a(lib_a-mallocr.o)
                0x20000850                __malloc_trim_threshold
 .data.__global_locale
                0x20000854      0x16c c:/progra~1/stmicr~1/stm32c~1/gcc-ar~1/bin/../lib/gcc/arm-none-eabi/10.3.1/../../../../arm-none-eabi/lib/thumb/v7e-m/nofp\libc.a(lib_a-locale.o)
                0x20000854                __global_locale
 *(.RamFunc)
 *(.RamFunc*)
                0x200009c0                . = ALIGN (0x4)
                0x200009c0                _edata = .

.igot.plt       0x200009c0        0x0 load address 0x0800f31c
 .igot.plt      0x200009c0        0x0 c:/progra~1/stmicr~1/stm32c~1/gcc-ar~1/bin/../lib/gcc/arm-none-eabi/10.3.1/thumb/v7e-m/nofp/crtbegin.o
                0x200009c0                . = ALIGN (0x4)

.bss            0x200009c0      0x2f0 load address 0x0800f31c
                0x200009c0                _sbss = .
                0x200009c0                __bss_start__ = _sbss
 *(.bss)
 .bss           0x200009c0       0x1c c:/progra~1/stmicr~1/stm32c~1/gcc-ar~1/bin/../lib/gcc/arm-none-eabi/10.3.1/thumb/v7e-m/nofp/crtbegin.o
 *(.bss*)
 .bss.hcrc      0x200009dc       0x24 CMakeFiles/STM32H750XBH6.elf.dir/Core/Src/crc.c.obj
                0x200009dc                hcrc
 .bss.DCMI_Frame_Count.0
                0x20000a00        0x1 CMakeFiles/STM32H750XBH6.elf.dir/Core/Src/dcmi.c.obj
 *fill*         0x20000a01        0x3 
 .bss.DCMI_Tick.1
                0x20000a04        0x4 CMakeFiles/STM32H750XBH6.elf.dir/Core/Src/dcmi.c.obj
 .bss.OV5640_FPS
                0x20000a08        0x1 CMakeFiles/STM32H750XBH6.elf.dir/Core/Src/dcmi.c.obj
                0x20000a08                OV5640_FPS
 .bss.OV5640_FrameState
                0x20000a09        0x1 CMakeFiles/STM32H750XBH6.elf.dir/Core/Src/dcmi.c.obj
                0x20000a09                OV5640_FrameState
 *fill*         0x20000a0a        0x2 
 .bss.hdcmi     0x20000a0c       0x68 CMakeFiles/STM32H750XBH6.elf.dir/Core/Src/dcmi.c.obj
                0x20000a0c                hdcmi
 .bss.hdma_dcmi
                0x20000a74       0x78 CMakeFiles/STM32H750XBH6.elf.dir/Core/Src/dcmi.c.obj
                0x20000a74                hdma_dcmi
 .bss.LCD       0x20000aec       0x10 CMakeFiles/STM32H750XBH6.elf.dir/Core/Src/lcd_spi_169.c.obj
                0x20000aec                LCD
 .bss.hqspi     0x20000afc       0x4c CMakeFiles/STM32H750XBH6.elf.dir/Core/Src/quadspi.c.obj
                0x20000afc                hqspi
 .bss.hspi5     0x20000b48       0x88 CMakeFiles/STM32H750XBH6.elf.dir/Core/Src/spi.c.obj
                0x20000b48                hspi5
 .bss.__sbrk_heap_end
                0x20000bd0        0x4 CMakeFiles/STM32H750XBH6.elf.dir/Core/Src/sysmem.c.obj
 .bss.huart1    0x20000bd4       0x90 CMakeFiles/STM32H750XBH6.elf.dir/Core/Src/usart.c.obj
                0x20000bd4                huart1
 .bss.uwTick    0x20000c64        0x4 CMakeFiles/STM32H750XBH6.elf.dir/Drivers/STM32H7xx_HAL_Driver/Src/stm32h7xx_hal.c.obj
                0x20000c64                uwTick
 .bss.__lock___atexit_recursive_mutex
                0x20000c68        0x1 c:/progra~1/stmicr~1/stm32c~1/gcc-ar~1/bin/../lib/gcc/arm-none-eabi/10.3.1/../../../../arm-none-eabi/lib/thumb/v7e-m/nofp\libc.a(lib_a-lock.o)
                0x20000c68                __lock___atexit_recursive_mutex
 *fill*         0x20000c69        0x3 
 .bss.__lock___malloc_recursive_mutex
                0x20000c6c        0x1 c:/progra~1/stmicr~1/stm32c~1/gcc-ar~1/bin/../lib/gcc/arm-none-eabi/10.3.1/../../../../arm-none-eabi/lib/thumb/v7e-m/nofp\libc.a(lib_a-lock.o)
                0x20000c6c                __lock___malloc_recursive_mutex
 *fill*         0x20000c6d        0x3 
 .bss.__lock___sfp_recursive_mutex
                0x20000c70        0x1 c:/progra~1/stmicr~1/stm32c~1/gcc-ar~1/bin/../lib/gcc/arm-none-eabi/10.3.1/../../../../arm-none-eabi/lib/thumb/v7e-m/nofp\libc.a(lib_a-lock.o)
                0x20000c70                __lock___sfp_recursive_mutex
 *fill*         0x20000c71        0x3 
 .bss.__lock___sinit_recursive_mutex
                0x20000c74        0x1 c:/progra~1/stmicr~1/stm32c~1/gcc-ar~1/bin/../lib/gcc/arm-none-eabi/10.3.1/../../../../arm-none-eabi/lib/thumb/v7e-m/nofp\libc.a(lib_a-lock.o)
                0x20000c74                __lock___sinit_recursive_mutex
 *fill*         0x20000c75        0x3 
 .bss.__malloc_current_mallinfo
                0x20000c78       0x28 c:/progra~1/stmicr~1/stm32c~1/gcc-ar~1/bin/../lib/gcc/arm-none-eabi/10.3.1/../../../../arm-none-eabi/lib/thumb/v7e-m/nofp\libc.a(lib_a-mallocr.o)
                0x20000c78                __malloc_current_mallinfo
 .bss.__malloc_max_sbrked_mem
                0x20000ca0        0x4 c:/progra~1/stmicr~1/stm32c~1/gcc-ar~1/bin/../lib/gcc/arm-none-eabi/10.3.1/../../../../arm-none-eabi/lib/thumb/v7e-m/nofp\libc.a(lib_a-mallocr.o)
                0x20000ca0                __malloc_max_sbrked_mem
 .bss.__malloc_max_total_mem
                0x20000ca4        0x4 c:/progra~1/stmicr~1/stm32c~1/gcc-ar~1/bin/../lib/gcc/arm-none-eabi/10.3.1/../../../../arm-none-eabi/lib/thumb/v7e-m/nofp\libc.a(lib_a-mallocr.o)
                0x20000ca4                __malloc_max_total_mem
 .bss.__malloc_top_pad
                0x20000ca8        0x4 c:/progra~1/stmicr~1/stm32c~1/gcc-ar~1/bin/../lib/gcc/arm-none-eabi/10.3.1/../../../../arm-none-eabi/lib/thumb/v7e-m/nofp\libc.a(lib_a-mallocr.o)
                0x20000ca8                __malloc_top_pad
 .bss.errno     0x20000cac        0x4 c:/progra~1/stmicr~1/stm32c~1/gcc-ar~1/bin/../lib/gcc/arm-none-eabi/10.3.1/../../../../arm-none-eabi/lib/thumb/v7e-m/nofp\libc.a(lib_a-reent.o)
                0x20000cac                errno
 *(COMMON)
                0x20000cb0                . = ALIGN (0x4)
                0x20000cb0                _ebss = .
                0x20000cb0                __bss_end__ = _ebss

._user_heap_stack
                0x20000cb0     0x5000 load address 0x0800f31c
                0x20000cb0                . = ALIGN (0x8)
                [!provide]                PROVIDE (end = .)
                0x20000cb0                PROVIDE (_end = .)
                0x20003cb0                . = (. + _Min_Heap_Size)
 *fill*         0x20000cb0     0x3000 
                0x20005cb0                . = (. + _Min_Stack_Size)
 *fill*         0x20003cb0     0x2000 
                0x20005cb0                . = ALIGN (0x8)

/DISCARD/
 libc.a(*)
 libm.a(*)
 libgcc.a(*)

.ARM.attributes
                0x00000000       0x2a
 *(.ARM.attributes)
 .ARM.attributes
                0x00000000       0x1e c:/progra~1/stmicr~1/stm32c~1/gcc-ar~1/bin/../lib/gcc/arm-none-eabi/10.3.1/thumb/v7e-m/nofp/crti.o
 .ARM.attributes
                0x0000001e       0x2e c:/progra~1/stmicr~1/stm32c~1/gcc-ar~1/bin/../lib/gcc/arm-none-eabi/10.3.1/thumb/v7e-m/nofp/crtbegin.o
 .ARM.attributes
                0x0000004c       0x2e CMakeFiles/STM32H750XBH6.elf.dir/Core/Src/crc.c.obj
 .ARM.attributes
                0x0000007a       0x2e CMakeFiles/STM32H750XBH6.elf.dir/Core/Src/dcmi.c.obj
 .ARM.attributes
                0x000000a8       0x2e CMakeFiles/STM32H750XBH6.elf.dir/Core/Src/dma.c.obj
 .ARM.attributes
                0x000000d6       0x2e CMakeFiles/STM32H750XBH6.elf.dir/Core/Src/gpio.c.obj
 .ARM.attributes
                0x00000104       0x2e CMakeFiles/STM32H750XBH6.elf.dir/Core/Src/lcd_spi_169.c.obj
 .ARM.attributes
                0x00000132       0x2e CMakeFiles/STM32H750XBH6.elf.dir/Core/Src/main.c.obj
 .ARM.attributes
                0x00000160       0x2e CMakeFiles/STM32H750XBH6.elf.dir/Core/Src/quadspi.c.obj
 .ARM.attributes
                0x0000018e       0x2e CMakeFiles/STM32H750XBH6.elf.dir/Core/Src/sccb.c.obj
 .ARM.attributes
                0x000001bc       0x2e CMakeFiles/STM32H750XBH6.elf.dir/Core/Src/spi.c.obj
 .ARM.attributes
                0x000001ea       0x2e CMakeFiles/STM32H750XBH6.elf.dir/Core/Src/stm32h7xx_hal_msp.c.obj
 .ARM.attributes
                0x00000218       0x2e CMakeFiles/STM32H750XBH6.elf.dir/Core/Src/stm32h7xx_it.c.obj
 .ARM.attributes
                0x00000246       0x2e CMakeFiles/STM32H750XBH6.elf.dir/Core/Src/syscalls.c.obj
 .ARM.attributes
                0x00000274       0x2e CMakeFiles/STM32H750XBH6.elf.dir/Core/Src/sysmem.c.obj
 .ARM.attributes
                0x000002a2       0x2e CMakeFiles/STM32H750XBH6.elf.dir/Core/Src/system_stm32h7xx.c.obj
 .ARM.attributes
                0x000002d0       0x2e CMakeFiles/STM32H750XBH6.elf.dir/Core/Src/usart.c.obj
 .ARM.attributes
                0x000002fe       0x21 CMakeFiles/STM32H750XBH6.elf.dir/Core/Startup/startup_stm32h750xbhx.s.obj
 .ARM.attributes
                0x0000031f       0x2e CMakeFiles/STM32H750XBH6.elf.dir/Drivers/STM32H7xx_HAL_Driver/Src/stm32h7xx_hal.c.obj
 .ARM.attributes
                0x0000034d       0x2e CMakeFiles/STM32H750XBH6.elf.dir/Drivers/STM32H7xx_HAL_Driver/Src/stm32h7xx_hal_cortex.c.obj
 .ARM.attributes
                0x0000037b       0x2e CMakeFiles/STM32H750XBH6.elf.dir/Drivers/STM32H7xx_HAL_Driver/Src/stm32h7xx_hal_crc.c.obj
 .ARM.attributes
                0x000003a9       0x2e CMakeFiles/STM32H750XBH6.elf.dir/Drivers/STM32H7xx_HAL_Driver/Src/stm32h7xx_hal_crc_ex.c.obj
 .ARM.attributes
                0x000003d7       0x2e CMakeFiles/STM32H750XBH6.elf.dir/Drivers/STM32H7xx_HAL_Driver/Src/stm32h7xx_hal_dcmi.c.obj
 .ARM.attributes
                0x00000405       0x2e CMakeFiles/STM32H750XBH6.elf.dir/Drivers/STM32H7xx_HAL_Driver/Src/stm32h7xx_hal_dma.c.obj
 .ARM.attributes
                0x00000433       0x2e CMakeFiles/STM32H750XBH6.elf.dir/Drivers/STM32H7xx_HAL_Driver/Src/stm32h7xx_hal_dma_ex.c.obj
 .ARM.attributes
                0x00000461       0x2e CMakeFiles/STM32H750XBH6.elf.dir/Drivers/STM32H7xx_HAL_Driver/Src/stm32h7xx_hal_gpio.c.obj
 .ARM.attributes
                0x0000048f       0x2e CMakeFiles/STM32H750XBH6.elf.dir/Drivers/STM32H7xx_HAL_Driver/Src/stm32h7xx_hal_pwr_ex.c.obj
 .ARM.attributes
                0x000004bd       0x2e CMakeFiles/STM32H750XBH6.elf.dir/Drivers/STM32H7xx_HAL_Driver/Src/stm32h7xx_hal_qspi.c.obj
 .ARM.attributes
                0x000004eb       0x2e CMakeFiles/STM32H750XBH6.elf.dir/Drivers/STM32H7xx_HAL_Driver/Src/stm32h7xx_hal_rcc.c.obj
 .ARM.attributes
                0x00000519       0x2e CMakeFiles/STM32H750XBH6.elf.dir/Drivers/STM32H7xx_HAL_Driver/Src/stm32h7xx_hal_rcc_ex.c.obj
 .ARM.attributes
                0x00000547       0x2e CMakeFiles/STM32H750XBH6.elf.dir/Drivers/STM32H7xx_HAL_Driver/Src/stm32h7xx_hal_spi.c.obj
 .ARM.attributes
                0x00000575       0x2e CMakeFiles/STM32H750XBH6.elf.dir/Drivers/STM32H7xx_HAL_Driver/Src/stm32h7xx_hal_uart.c.obj
 .ARM.attributes
                0x000005a3       0x2e CMakeFiles/STM32H750XBH6.elf.dir/Drivers/STM32H7xx_HAL_Driver/Src/stm32h7xx_hal_uart_ex.c.obj
 .ARM.attributes
                0x000005d1       0x1e c:/progra~1/stmicr~1/stm32c~1/gcc-ar~1/bin/../lib/gcc/arm-none-eabi/10.3.1/thumb/v7e-m/nofp\libgcc.a(_arm_addsubsf3.o)
 .ARM.attributes
                0x000005ef       0x1e c:/progra~1/stmicr~1/stm32c~1/gcc-ar~1/bin/../lib/gcc/arm-none-eabi/10.3.1/thumb/v7e-m/nofp\libgcc.a(_arm_muldivsf3.o)
 .ARM.attributes
                0x0000060d       0x1e c:/progra~1/stmicr~1/stm32c~1/gcc-ar~1/bin/../lib/gcc/arm-none-eabi/10.3.1/thumb/v7e-m/nofp\libgcc.a(_arm_fixunssfsi.o)
 .ARM.attributes
                0x0000062b       0x1e c:/progra~1/stmicr~1/stm32c~1/gcc-ar~1/bin/../lib/gcc/arm-none-eabi/10.3.1/thumb/v7e-m/nofp\libgcc.a(_aeabi_uldivmod.o)
 .ARM.attributes
                0x00000649       0x2e c:/progra~1/stmicr~1/stm32c~1/gcc-ar~1/bin/../lib/gcc/arm-none-eabi/10.3.1/thumb/v7e-m/nofp\libgcc.a(_udivmoddi4.o)
 .ARM.attributes
                0x00000677       0x1e c:/progra~1/stmicr~1/stm32c~1/gcc-ar~1/bin/../lib/gcc/arm-none-eabi/10.3.1/thumb/v7e-m/nofp\libgcc.a(_dvmd_tls.o)
 .ARM.attributes
                0x00000695       0x2e c:/progra~1/stmicr~1/stm32c~1/gcc-ar~1/bin/../lib/gcc/arm-none-eabi/10.3.1/../../../../arm-none-eabi/lib/thumb/v7e-m/nofp\libc.a(lib_a-errno.o)
 .ARM.attributes
                0x000006c3       0x2e c:/progra~1/stmicr~1/stm32c~1/gcc-ar~1/bin/../lib/gcc/arm-none-eabi/10.3.1/../../../../arm-none-eabi/lib/thumb/v7e-m/nofp\libc.a(lib_a-impure.o)
 .ARM.attributes
                0x000006f1       0x2e c:/progra~1/stmicr~1/stm32c~1/gcc-ar~1/bin/../lib/gcc/arm-none-eabi/10.3.1/../../../../arm-none-eabi/lib/thumb/v7e-m/nofp\libc.a(lib_a-init.o)
 .ARM.attributes
                0x0000071f       0x2e c:/progra~1/stmicr~1/stm32c~1/gcc-ar~1/bin/../lib/gcc/arm-none-eabi/10.3.1/../../../../arm-none-eabi/lib/thumb/v7e-m/nofp\libc.a(lib_a-memset.o)
 .ARM.attributes
                0x0000074d       0x2e c:/progra~1/stmicr~1/stm32c~1/gcc-ar~1/bin/../lib/gcc/arm-none-eabi/10.3.1/../../../../arm-none-eabi/lib/thumb/v7e-m/nofp\libc.a(lib_a-printf.o)
 .ARM.attributes
                0x0000077b       0x2e c:/progra~1/stmicr~1/stm32c~1/gcc-ar~1/bin/../lib/gcc/arm-none-eabi/10.3.1/../../../../arm-none-eabi/lib/thumb/v7e-m/nofp\libc.a(lib_a-puts.o)
 .ARM.attributes
                0x000007a9       0x1c c:/progra~1/stmicr~1/stm32c~1/gcc-ar~1/bin/../lib/gcc/arm-none-eabi/10.3.1/../../../../arm-none-eabi/lib/thumb/v7e-m/nofp\libc.a(lib_a-strlen.o)
 .ARM.attributes
                0x000007c5       0x2e c:/progra~1/stmicr~1/stm32c~1/gcc-ar~1/bin/../lib/gcc/arm-none-eabi/10.3.1/../../../../arm-none-eabi/lib/thumb/v7e-m/nofp\libc.a(lib_a-vfprintf.o)
 .ARM.attributes
                0x000007f3       0x2e c:/progra~1/stmicr~1/stm32c~1/gcc-ar~1/bin/../lib/gcc/arm-none-eabi/10.3.1/../../../../arm-none-eabi/lib/thumb/v7e-m/nofp\libc.a(lib_a-wsetup.o)
 .ARM.attributes
                0x00000821       0x2e c:/progra~1/stmicr~1/stm32c~1/gcc-ar~1/bin/../lib/gcc/arm-none-eabi/10.3.1/../../../../arm-none-eabi/lib/thumb/v7e-m/nofp\libc.a(lib_a-__call_atexit.o)
 .ARM.attributes
                0x0000084f       0x2e c:/progra~1/stmicr~1/stm32c~1/gcc-ar~1/bin/../lib/gcc/arm-none-eabi/10.3.1/../../../../arm-none-eabi/lib/thumb/v7e-m/nofp\libc.a(lib_a-atexit.o)
 .ARM.attributes
                0x0000087d       0x2e c:/progra~1/stmicr~1/stm32c~1/gcc-ar~1/bin/../lib/gcc/arm-none-eabi/10.3.1/../../../../arm-none-eabi/lib/thumb/v7e-m/nofp\libc.a(lib_a-dtoa.o)
 .ARM.attributes
                0x000008ab       0x2e c:/progra~1/stmicr~1/stm32c~1/gcc-ar~1/bin/../lib/gcc/arm-none-eabi/10.3.1/../../../../arm-none-eabi/lib/thumb/v7e-m/nofp\libc.a(lib_a-fflush.o)
 .ARM.attributes
                0x000008d9       0x2e c:/progra~1/stmicr~1/stm32c~1/gcc-ar~1/bin/../lib/gcc/arm-none-eabi/10.3.1/../../../../arm-none-eabi/lib/thumb/v7e-m/nofp\libc.a(lib_a-findfp.o)
 .ARM.attributes
                0x00000907       0x2e c:/progra~1/stmicr~1/stm32c~1/gcc-ar~1/bin/../lib/gcc/arm-none-eabi/10.3.1/../../../../arm-none-eabi/lib/thumb/v7e-m/nofp\libc.a(lib_a-fini.o)
 .ARM.attributes
                0x00000935       0x2e c:/progra~1/stmicr~1/stm32c~1/gcc-ar~1/bin/../lib/gcc/arm-none-eabi/10.3.1/../../../../arm-none-eabi/lib/thumb/v7e-m/nofp\libc.a(lib_a-freer.o)
 .ARM.attributes
                0x00000963       0x2e c:/progra~1/stmicr~1/stm32c~1/gcc-ar~1/bin/../lib/gcc/arm-none-eabi/10.3.1/../../../../arm-none-eabi/lib/thumb/v7e-m/nofp\libc.a(lib_a-fvwrite.o)
 .ARM.attributes
                0x00000991       0x2e c:/progra~1/stmicr~1/stm32c~1/gcc-ar~1/bin/../lib/gcc/arm-none-eabi/10.3.1/../../../../arm-none-eabi/lib/thumb/v7e-m/nofp\libc.a(lib_a-fwalk.o)
 .ARM.attributes